# Time-averaged data for fix write_all_momentum
# TimeStep Number-of-rows
# Row c_all_momentum[*]
0 3
1 -1.42109e-14
2 2.93099e-14
3 -1.24345e-14
2 3
1 -2.39808e-14
2 1.95399e-14
3 -1.42109e-14
4 3
1 -2.04281e-14
2 4.52971e-14
3 -2.30926e-14
6 3
1 -7.01661e-14
2 3.01981e-14
3 -6.03961e-14
8 3
1 -1.82077e-14
2 2.04281e-14
3 -2.84217e-14
10 3
1 -1.28786e-14
2 3.01981e-14
3 -7.10543e-15
12 3
1 -2.35367e-14
2 3.10862e-14
3 -3.01981e-14
14 3
1 4.88498e-15
2 4.44089e-14
3 5.32907e-15
16 3
1 1.33227e-15
2 4.61853e-14
3 -1.42109e-14
18 3
1 1.15463e-14
2 6.30607e-14
3 -3.37508e-14
20 3
1 -2.88658e-14
2 1.5099e-14
3 -3.19744e-14
22 3
1 3.28626e-14
2 1.15463e-14
3 -1.95399e-14
24 3
1 -3.06422e-14
2 4.70735e-14
3 -2.30926e-14
26 3
1 -2.39808e-14
2 7.10543e-15
3 -2.66454e-14
28 3
1 -6.21725e-15
2 3.90799e-14
3 -4.26326e-14
30 3
1 2.17604e-14
2 -2.4869e-14
3 -3.90799e-14
32 3
1 -2.66454e-15
2 1.77636e-14
3 3.55271e-15
34 3
1 -4.44089e-15
2 1.42109e-14
3 -3.73035e-14
36 3
1 -1.82077e-14
2 4.61853e-14
3 -1.59872e-14
38 3
1 2.88658e-14
2 1.95399e-14
3 -2.13163e-14
40 3
1 2.22045e-15
2 3.73035e-14
3 -7.10543e-15
42 3
1 5.32907e-15
2 1.86517e-14
3 -2.4869e-14
44 3
1 1.68754e-14
2 2.75335e-14
3 -1.06581e-14
46 3
1 2.35367e-14
2 4.9738e-14
3 -2.66454e-14
48 3
1 -9.32587e-15
2 3.73035e-14
3 -3.19744e-14
50 3
1 1.5099e-14
2 3.01981e-14
3 -2.30926e-14
52 3
1 1.24345e-14
2 8.88178e-15
3 -4.08562e-14
54 3
1 2.22045e-14
2 4.44089e-14
3 -3.19744e-14
56 3
1 -7.99361e-15
2 3.55271e-15
3 -4.08562e-14
58 3
1 -1.82077e-14
2 -3.64153e-14
3 -2.4869e-14
60 3
1 6.66134e-15
2 4.44089e-15
3 -3.55271e-14
62 3
1 -4.88498e-15
2 1.5099e-14
3 -5.68434e-14
64 3
1 0
2 1.06581e-14
3 -3.55271e-14
66 3
1 -1.11022e-14
2 2.13163e-14
3 -4.26326e-14
68 3
1 -6.66134e-15
2 -1.24345e-14
3 -3.73035e-14
70 3
1 -1.37668e-14
2 3.73035e-14
3 -6.03961e-14
72 3
1 4.44089e-16
2 9.76996e-15
3 -3.90799e-14
74 3
1 4.44089e-15
2 4.35207e-14
3 -4.44089e-14
76 3
1 1.15463e-14
2 3.64153e-14
3 -2.30926e-14
78 3
1 -1.86517e-14
2 2.66454e-14
3 -5.32907e-14
80 3
1 -2.08722e-14
2 -2.66454e-15
3 -5.15143e-14
82 3
1 6.66134e-15
2 1.33227e-14
3 -4.9738e-14
84 3
1 2.39808e-14
2 8.88178e-16
3 -6.03961e-14
86 3
1 1.28786e-14
2 2.57572e-14
3 -1.42109e-14
88 3
1 7.10543e-15
2 7.10543e-15
3 -4.44089e-14
90 3
1 2.35367e-14
2 2.57572e-14
3 -3.73035e-14
92 3
1 1.82077e-14
2 -1.42109e-14
3 -4.9738e-14
94 3
1 4.88498e-15
2 2.66454e-14
3 -1.24345e-14
96 3
1 -2.22045e-14
2 -2.22045e-14
3 -5.15143e-14
98 3
1 -3.9968e-15
2 1.95399e-14
3 -6.75016e-14
100 3
1 1.77636e-15
2 -4.44089e-15
3 -3.55271e-14
102 3
1 9.76996e-15
2 -5.32907e-15
3 -6.03961e-14
104 3
1 3.24185e-14
2 1.5099e-14
3 -4.79616e-14
106 3
1 5.77316e-15
2 1.33227e-14
3 -2.66454e-14
108 3
1 -1.64313e-14
2 1.5099e-14
3 -3.73035e-14
110 3
1 1.24345e-14
2 1.77636e-15
3 -8.70415e-14
112 3
1 1.64313e-14
2 1.59872e-14
3 -5.86198e-14
114 3
1 2.39808e-14
2 1.77636e-14
3 -6.03961e-14
116 3
1 3.55271e-15
2 -5.32907e-15
3 -6.92779e-14
118 3
1 -2.66454e-15
2 4.44089e-15
3 -4.9738e-14
120 3
1 -2.22045e-14
2 2.04281e-14
3 -7.10543e-14
122 3
1 6.66134e-15
2 1.15463e-14
3 -6.75016e-14
124 3
1 1.28786e-14
2 3.19744e-14
3 -5.68434e-14
126 3
1 -3.10862e-15
2 2.84217e-14
3 -6.92779e-14
128 3
1 0
2 8.88178e-15
3 -4.44089e-14
130 3
1 4.75175e-14
2 7.10543e-15
3 -6.21725e-14
132 3
1 -5.77316e-15
2 1.24345e-14
3 -5.50671e-14
134 3
1 -1.19904e-14
2 1.15463e-14
3 -6.21725e-14
136 3
1 3.5083e-14
2 -1.77636e-15
3 -6.21725e-14
138 3
1 9.32587e-15
2 4.26326e-14
3 -7.81597e-14
140 3
1 -1.33227e-15
2 3.9968e-14
3 -7.81597e-14
142 3
1 -1.77636e-15
2 3.90799e-14
3 -7.4607e-14
144 3
1 -7.99361e-15
2 2.4869e-14
3 -8.34888e-14
146 3
1 -1.90958e-14
2 2.13163e-14
3 -5.86198e-14
148 3
1 1.24345e-14
2 1.33227e-14
3 -9.05942e-14
150 3
1 -9.76996e-15
2 2.13163e-14
3 -9.41469e-14
152 3
1 -1.24345e-14
2 4.9738e-14
3 -8.17124e-14
154 3
1 9.76996e-15
2 2.13163e-14
3 -9.05942e-14
156 3
1 -3.41949e-14
2 1.77636e-14
3 -6.03961e-14
158 3
1 -1.28786e-14
2 2.4869e-14
3 -7.4607e-14
160 3
1 -2.04281e-14
2 5.32907e-14
3 -9.05942e-14
162 3
1 -1.19904e-14
2 2.84217e-14
3 -9.76996e-14
164 3
1 -1.86517e-14
2 4.70735e-14
3 -1.03029e-13
166 3
1 -3.19744e-14
2 3.4639e-14
3 -7.28306e-14
168 3
1 -4.44089e-16
2 0
3 -9.59233e-14
170 3
1 -3.86358e-14
2 2.84217e-14
3 -6.57252e-14
172 3
1 -3.4639e-14
2 3.37508e-14
3 -8.34888e-14
174 3
1 -3.24185e-14
2 3.64153e-14
3 -9.59233e-14
176 3
1 -2.84217e-14
2 3.90799e-14
3 -6.92779e-14
178 3
1 -1.82077e-14
2 4.52971e-14
3 -7.28306e-14
180 3
1 -2.04281e-14
2 1.95399e-14
3 -6.75016e-14
182 3
1 1.42109e-14
2 1.86517e-14
3 -8.34888e-14
184 3
1 -8.88178e-16
2 5.32907e-15
3 -9.59233e-14
186 3
1 6.66134e-15
2 2.93099e-14
3 -6.39488e-14
188 3
1 -4.88498e-15
2 2.13163e-14
3 -7.10543e-14
190 3
1 -1.06581e-14
2 3.55271e-15
3 -1.04805e-13
192 3
1 9.76996e-15
2 4.17444e-14
3 -6.92779e-14
194 3
1 -1.37668e-14
2 9.76996e-15
3 -9.41469e-14
196 3
1 7.99361e-15
2 5.32907e-14
3 -1.1191e-13
198 3
1 1.11022e-14
2 3.90799e-14
3 -8.34888e-14
200 3
1 -4.88498e-15
2 5.15143e-14
3 -5.50671e-14
202 3
1 -4.44089e-15
2 5.68434e-14
3 -7.28306e-14
204 3
1 6.21725e-15
2 3.4639e-14
3 -8.17124e-14
206 3
1 -1.73195e-14
2 5.32907e-14
3 -7.63833e-14
208 3
1 1.55431e-14
2 1.95399e-14
3 -8.70415e-14
210 3
1 -1.28786e-14
2 3.64153e-14
3 -1.04805e-13
212 3
1 7.10543e-15
2 1.24345e-14
3 -1.15463e-13
214 3
1 -4.88498e-15
2 5.15143e-14
3 -8.34888e-14
216 3
1 -2.22045e-15
2 4.79616e-14
3 -6.57252e-14
218 3
1 2.4869e-14
2 2.39808e-14
3 -8.70415e-14
220 3
1 2.93099e-14
2 4.70735e-14
3 -1.24345e-13
222 3
1 1.24345e-14
2 5.50671e-14
3 -9.41469e-14
224 3
1 -9.32587e-15
2 5.50671e-14
3 -9.59233e-14
226 3
1 -8.88178e-16
2 8.17124e-14
3 -5.68434e-14
228 3
1 3.90799e-14
2 5.50671e-14
3 -8.52651e-14
230 3
1 -7.99361e-15
2 5.68434e-14
3 -6.39488e-14
232 3
1 1.55431e-14
2 2.04281e-14
3 -9.9476e-14
234 3
1 2.39808e-14
2 3.10862e-14
3 -1.01252e-13
236 3
1 2.35367e-14
2 3.90799e-14
3 -1.08358e-13
238 3
1 2.22045e-14
2 4.61853e-14
3 -5.50671e-14
240 3
1 1.02141e-14
2 4.9738e-14
3 -7.63833e-14
242 3
1 2.4869e-14
2 2.84217e-14
3 -8.70415e-14
244 3
1 -1.02141e-14
2 7.99361e-15
3 -8.52651e-14
246 3
1 1.46549e-14
2 2.30926e-14
3 -1.01252e-13
248 3
1 -4.88498e-15
2 2.84217e-14
3 -1.15463e-13
250 3
1 2.26485e-14
2 5.41789e-14
3 -1.03029e-13
252 3
1 -3.01981e-14
2 3.37508e-14
3 -9.23706e-14
254 3
1 8.43769e-15
2 4.79616e-14
3 -8.70415e-14
256 3
1 -2.66454e-15
2 3.55271e-14
3 -8.17124e-14
258 3
1 8.88178e-16
2 3.55271e-14
3 -9.23706e-14
260 3
1 -5.77316e-15
2 3.37508e-14
3 -9.05942e-14
262 3
1 3.59712e-14
2 4.26326e-14
3 -1.1724e-13
264 3
1 5.32907e-15
2 3.73035e-14
3 -9.23706e-14
266 3
1 3.24185e-14
2 6.30607e-14
3 -1.03029e-13
268 3
1 3.24185e-14
2 4.9738e-14
3 -1.06581e-13
270 3
1 2.39808e-14
2 3.01981e-14
3 -1.1191e-13
272 3
1 3.59712e-14
2 2.66454e-14
3 -1.04805e-13
274 3
1 3.73035e-14
2 1.77636e-14
3 -1.03029e-13
276 3
1 3.9968e-14
2 1.77636e-14
3 -1.10134e-13
278 3
1 -2.66454e-15
2 4.70735e-14
3 -9.76996e-14
280 3
1 1.06581e-14
2 2.84217e-14
3 -8.70415e-14
282 3
1 1.24345e-14
2 1.59872e-14
3 -9.59233e-14
284 3
1 4.9738e-14
2 7.10543e-15
3 -1.13687e-13
286 3
1 3.5083e-14
2 4.70735e-14
3 -9.59233e-14
288 3
1 3.9968e-15
2 4.35207e-14
3 -8.34888e-14
290 3
1 -1.33227e-15
2 4.26326e-14
3 -8.88178e-14
292 3
1 4.44089e-16
2 2.84217e-14
3 -1.15463e-13
294 3
1 3.9968e-15
2 2.75335e-14
3 -1.19016e-13
296 3
1 1.82077e-14
2 2.66454e-14
3 -1.33227e-13
298 3
1 1.90958e-14
2 4.70735e-14
3 -8.34888e-14
300 3
1 3.9968e-15
2 4.26326e-14
3 -1.1191e-13
302 3
1 -3.9968e-15
2 1.77636e-15
3 -1.03029e-13
304 3
1 5.63993e-14
2 1.77636e-15
3 -1.13687e-13
306 3
1 2.22045e-15
2 4.61853e-14
3 -1.08358e-13
308 3
1 3.4639e-14
2 1.42109e-14
3 -7.81597e-14
310 3
1 1.77636e-15
2 1.59872e-14
3 -1.36779e-13
312 3
1 3.77476e-14
2 6.39488e-14
3 -1.03029e-13
314 3
1 5.06262e-14
2 2.30926e-14
3 -1.08358e-13
316 3
1 4.04121e-14
2 5.06262e-14
3 -1.06581e-13
318 3
1 4.04121e-14
2 2.66454e-14
3 -1.13687e-13
320 3
1 5.86198e-14
2 1.42109e-14
3 -1.20792e-13
322 3
1 3.59712e-14
2 3.90799e-14
3 -1.3145e-13
324 3
1 2.75335e-14
2 4.79616e-14
3 -1.19016e-13
326 3
1 3.37508e-14
2 2.93099e-14
3 -1.22569e-13
328 3
1 3.41949e-14
2 1.77636e-15
3 -1.27898e-13
330 3
1 2.79776e-14
2 3.64153e-14
3 -1.33227e-13
332 3
1 9.50351e-14
2 1.68754e-14
3 -1.22569e-13
334 3
1 3.90799e-14
2 6.21725e-14
3 -8.34888e-14
336 3
1 5.55112e-14
2 6.83897e-14
3 -1.38556e-13
338 3
1 2.53131e-14
2 6.03961e-14
3 -1.20792e-13
340 3
1 2.35367e-14
2 1.59872e-14
3 -1.20792e-13
342 3
1 5.50671e-14
2 3.9968e-14
3 -1.06581e-13
344 3
1 1.64313e-14
2 4.08562e-14
3 -1.27898e-13
346 3
1 2.88658e-14
2 3.73035e-14
3 -1.01252e-13
348 3
1 4.13003e-14
2 4.61853e-14
3 -1.04805e-13
350 3
1 1.5099e-14
2 9.14824e-14
3 -1.01252e-13
352 3
1 5.01821e-14
2 1.06581e-14
3 -9.59233e-14
354 3
1 5.15143e-14
2 5.68434e-14
3 -1.24345e-13
356 3
1 2.66454e-15
2 4.79616e-14
3 -1.40332e-13
358 3
1 1.02141e-14
2 5.06262e-14
3 -1.27898e-13
360 3
1 6.35048e-14
2 0
3 -1.15463e-13
362 3
1 6.17284e-14
2 4.44089e-14
3 -1.15463e-13
364 3
1 3.90799e-14
2 4.26326e-14
3 -1.26121e-13
366 3
1 2.57572e-14
2 4.52971e-14
3 -1.04805e-13
368 3
1 1.5099e-14
2 3.19744e-14
3 -1.43885e-13
370 3
1 4.66294e-14
2 3.10862e-14
3 -1.38556e-13
372 3
1 3.90799e-14
2 3.55271e-14
3 -1.38556e-13
374 3
1 5.28466e-14
2 3.10862e-14
3 -1.20792e-13
376 3
1 1.19904e-14
2 2.93099e-14
3 -1.35003e-13
378 3
1 3.90799e-14
2 2.4869e-14
3 -1.56319e-13
380 3
1 1.28786e-14
2 7.10543e-14
3 -1.1191e-13
382 3
1 1.73195e-14
2 5.32907e-15
3 -1.7053e-13
384 3
1 2.70894e-14
2 3.90799e-14
3 -1.33227e-13
386 3
1 3.19744e-14
2 3.55271e-14
3 -1.26121e-13
388 3
1 6.83897e-14
2 4.08562e-14
3 -1.3145e-13
390 3
1 8.08242e-14
2 4.61853e-14
3 -1.3145e-13
392 3
1 2.75335e-14
2 3.55271e-14
3 -1.47438e-13
394 3
1 4.30767e-14
2 3.55271e-14
3 -1.54543e-13
396 3
1 5.28466e-14
2 2.4869e-14
3 -1.36779e-13
398 3
1 3.01981e-14
2 2.4869e-14
3 -1.43885e-13
400 3
1 2.84217e-14
2 2.84217e-14
3 -1.27898e-13
402 3
1 3.41949e-14
2 1.77636e-14
3 -1.35003e-13
404 3
1 3.59712e-14
2 3.19744e-14
3 -1.40332e-13
406 3
1 4.35207e-14
2 2.4869e-14
3 -1.7053e-13
408 3
1 4.08562e-14
2 3.90799e-14
3 -1.45661e-13
410 3
1 3.9968e-14
2 2.30926e-14
3 -1.49214e-13
412 3
1 5.63993e-14
2 1.95399e-14
3 -1.65201e-13
414 3
1 1.42109e-14
2 3.55271e-15
3 -1.56319e-13
416 3
1 1.68754e-14
2 8.88178e-15
3 -1.97176e-13
418 3
1 4.75175e-14
2 4.9738e-14
3 -1.63425e-13
420 3
1 2.84217e-14
2 3.37508e-14
3 -1.54543e-13
422 3
1 7.4607e-14
2 3.55271e-14
3 -1.7053e-13
424 3
1 4.79616e-14
2 -3.55271e-15
3 -1.42109e-13
426 3
1 4.70735e-14
2 2.30926e-14
3 -1.61648e-13
428 3
1 1.59872e-14
2 4.08562e-14
3 -1.52767e-13
430 3
1 4.92939e-14
2 3.37508e-14
3 -1.66978e-13
432 3
1 5.50671e-14
2 3.90799e-14
3 -1.5099e-13
434 3
1 2.22045e-15
2 2.30926e-14
3 -1.22569e-13
436 3
1 4.39648e-14
2 4.79616e-14
3 -1.58096e-13
438 3
1 4.35207e-14
2 3.55271e-14
3 -1.40332e-13
440 3
1 3.28626e-14
2 1.77636e-14
3 -1.77636e-13
442 3
1 5.06262e-14
2 2.13163e-14
3 -1.68754e-13
444 3
1 6.39488e-14
2 1.95399e-14
3 -1.66978e-13
446 3
1 3.24185e-14
2 4.61853e-14
3 -1.81188e-13
448 3
1 2.75335e-14
2 5.32907e-14
3 -1.84741e-13
450 3
1 4.57412e-14
2 6.03961e-14
3 -1.27898e-13
452 3
1 1.33227e-15
2 8.88178e-15
3 -1.5099e-13
454 3
1 4.39648e-14
2 4.61853e-14
3 -1.68754e-13
456 3
1 3.73035e-14
2 1.06581e-14
3 -1.63425e-13
458 3
1 2.84217e-14
2 1.06581e-14
3 -1.74083e-13
460 3
1 4.79616e-14
2 3.01981e-14
3 -2.04281e-13
462 3
1 3.55271e-14
2 7.10543e-15
3 -1.75859e-13
464 3
1 4.04121e-14
2 3.55271e-14
3 -1.81188e-13
466 3
1 1.37668e-14
2 1.42109e-14
3 -1.36779e-13
468 3
1 2.66454e-14
2 3.37508e-14
3 -1.47438e-13
470 3
1 3.5083e-14
2 2.13163e-14
3 -1.74083e-13
472 3
1 1.37668e-14
2 2.4869e-14
3 -1.88294e-13
474 3
1 2.62013e-14
2 1.95399e-14
3 -1.35003e-13
476 3
1 4.21885e-14
2 6.75016e-14
3 -1.42109e-13
478 3
1 3.5083e-14
2 7.99361e-15
3 -1.97176e-13
480 3
1 4.61853e-14
2 1.06581e-14
3 -1.66978e-13
482 3
1 3.06422e-14
2 2.13163e-14
3 -1.49214e-13
484 3
1 1.86517e-14
2 2.66454e-14
3 -1.43885e-13
486 3
1 1.77636e-14
2 4.08562e-14
3 -1.59872e-13
488 3
1 2.04281e-14
2 2.84217e-14
3 -1.54543e-13
490 3
1 8.88178e-15
2 2.84217e-14
3 -1.59872e-13
492 3
1 1.02141e-14
2 2.30926e-14
3 -1.49214e-13
494 3
1 2.30926e-14
2 3.55271e-14
3 -1.5099e-13
496 3
1 1.28786e-14
2 3.55271e-15
3 -1.61648e-13
498 3
1 2.66454e-14
2 2.84217e-14
3 -1.74083e-13
500 3
1 2.08722e-14
2 1.95399e-14
3 -1.38556e-13
502 3
1 1.86517e-14
2 2.30926e-14
3 -1.43885e-13
504 3
1 1.15463e-14
2 3.73035e-14
3 -1.45661e-13
506 3
1 -1.33227e-15
2 3.37508e-14
3 -1.54543e-13
508 3
1 2.70894e-14
2 4.9738e-14
3 -1.68754e-13
510 3
1 2.66454e-14
2 1.59872e-14
3 -1.75859e-13
512 3
1 1.11022e-14
2 4.79616e-14
3 -1.59872e-13
514 3
1 1.95399e-14
2 7.10543e-15
3 -1.75859e-13
516 3
1 1.9984e-14
2 3.90799e-14
3 -1.72307e-13
518 3
1 7.10543e-15
2 3.55271e-15
3 -1.38556e-13
520 3
1 4.44089e-16
2 3.90799e-14
3 -1.59872e-13
522 3
1 2.75335e-14
2 4.08562e-14
3 -1.61648e-13
524 3
1 1.95399e-14
2 4.79616e-14
3 -1.45661e-13
526 3
1 2.62013e-14
2 1.95399e-14
3 -1.58096e-13
528 3
1 7.99361e-15
2 1.06581e-14
3 -1.66978e-13
530 3
1 5.9508e-14
2 4.9738e-14
3 -1.36779e-13
532 3
1 5.10703e-14
2 4.08562e-14
3 -1.49214e-13
534 3
1 -1.02141e-14
2 2.13163e-14
3 -1.33227e-13
536 3
1 3.77476e-14
2 6.75016e-14
3 -1.61648e-13
538 3
1 -8.88178e-16
2 -3.55271e-15
3 -1.75859e-13
540 3
1 -9.32587e-15
2 4.44089e-14
3 -1.63425e-13
542 3
1 2.26485e-14
2 3.90799e-14
3 -1.33227e-13
544 3
1 3.10862e-15
2 5.68434e-14
3 -1.42109e-13
546 3
1 8.88178e-15
2 6.39488e-14
3 -1.49214e-13
548 3
1 2.88658e-14
2 3.55271e-14
3 -1.61648e-13
550 3
1 2.79776e-14
2 1.77636e-14
3 -1.5099e-13
552 3
1 2.57572e-14
2 2.84217e-14
3 -1.40332e-13
554 3
1 4.88498e-15
2 4.9738e-14
3 -1.29674e-13
556 3
1 1.46549e-14
2 6.21725e-14
3 -1.40332e-13
558 3
1 -1.11022e-14
2 3.19744e-14
3 -1.45661e-13
560 3
1 2.53131e-14
2 4.9738e-14
3 -1.43885e-13
562 3
1 3.06422e-14
2 2.30926e-14
3 -1.65201e-13
564 3
1 1.42109e-14
2 3.19744e-14
3 -1.3145e-13
566 3
1 -5.77316e-15
2 1.24345e-14
3 -1.13687e-13
568 3
1 3.81917e-14
2 2.30926e-14
3 -1.19016e-13
570 3
1 2.70894e-14
2 2.30926e-14
3 -1.42109e-13
572 3
1 2.75335e-14
2 -5.32907e-15
3 -1.26121e-13
574 3
1 3.01981e-14
2 4.26326e-14
3 -1.59872e-13
576 3
1 2.66454e-14
2 3.55271e-14
3 -1.27898e-13
578 3
1 2.22045e-14
2 2.66454e-14
3 -1.40332e-13
580 3
1 -1.77636e-15
2 4.61853e-14
3 -1.33227e-13
582 3
1 -7.10543e-15
2 3.19744e-14
3 -1.47438e-13
584 3
1 1.90958e-14
2 1.06581e-14
3 -1.42109e-13
586 3
1 1.77636e-14
2 2.84217e-14
3 -1.81188e-13
588 3
1 -3.9968e-15
2 4.08562e-14
3 -1.63425e-13
590 3
1 -9.32587e-15
2 -3.55271e-15
3 -1.65201e-13
592 3
1 -1.82077e-14
2 5.32907e-15
3 -1.38556e-13
594 3
1 5.32907e-15
2 1.95399e-14
3 -1.65201e-13
596 3
1 8.88178e-16
2 4.79616e-14
3 -1.43885e-13
598 3
1 4.21885e-14
2 2.84217e-14
3 -1.58096e-13
600 3
1 2.17604e-14
2 1.06581e-14
3 -1.56319e-13
602 3
1 -4.88498e-15
2 2.84217e-14
3 -1.58096e-13
604 3
1 3.10862e-15
2 4.26326e-14
3 -1.45661e-13
606 3
1 8.88178e-15
2 -1.24345e-14
3 -1.95399e-13
608 3
1 2.70894e-14
2 -7.10543e-15
3 -1.47438e-13
610 3
1 5.32907e-15
2 1.59872e-14
3 -1.45661e-13
612 3
1 1.82077e-14
2 5.32907e-15
3 -1.38556e-13
614 3
1 2.08722e-14
2 1.77636e-15
3 -1.3145e-13
616 3
1 2.9754e-14
2 1.06581e-14
3 -1.47438e-13
618 3
1 2.66454e-14
2 2.13163e-14
3 -1.7053e-13
620 3
1 6.21725e-15
2 1.95399e-14
3 -1.68754e-13
622 3
1 4.26326e-14
2 1.59872e-14
3 -1.35003e-13
624 3
1 3.28626e-14
2 1.59872e-14
3 -1.58096e-13
626 3
1 8.08242e-14
2 3.01981e-14
3 -1.43885e-13
628 3
1 -9.76996e-15
2 5.32907e-15
3 -1.59872e-13
630 3
1 2.84217e-14
2 8.88178e-15
3 -1.61648e-13
632 3
1 1.95399e-14
2 3.37508e-14
3 -1.63425e-13
634 3
1 3.33067e-14
2 -2.4869e-14
3 -1.84741e-13
636 3
1 1.82077e-14
2 1.42109e-14
3 -1.43885e-13
638 3
1 3.5083e-14
2 3.90799e-14
3 -1.52767e-13
640 3
1 2.22045e-14
2 2.13163e-14
3 -1.84741e-13
642 3
1 3.10862e-14
2 0
3 -1.38556e-13
644 3
1 2.88658e-14
2 5.32907e-15
3 -1.38556e-13
646 3
1 3.77476e-14
2 3.37508e-14
3 -1.75859e-13
648 3
1 4.30767e-14
2 1.42109e-14
3 -1.26121e-13
650 3
1 3.01981e-14
2 5.32907e-15
3 -1.35003e-13
652 3
1 5.24025e-14
2 1.77636e-15
3 -1.63425e-13
654 3
1 3.86358e-14
2 0
3 -1.65201e-13
656 3
1 4.44089e-14
2 7.10543e-15
3 -1.58096e-13
658 3
1 3.59712e-14
2 1.06581e-14
3 -1.5099e-13
660 3
1 3.4639e-14
2 3.90799e-14
3 -1.68754e-13
662 3
1 5.28466e-14
2 1.77636e-15
3 -1.65201e-13
664 3
1 5.55112e-14
2 -1.06581e-14
3 -1.63425e-13
666 3
1 4.57412e-14
2 3.55271e-14
3 -1.38556e-13
668 3
1 2.13163e-14
2 3.01981e-14
3 -1.45661e-13
670 3
1 2.44249e-14
2 -1.77636e-15
3 -1.81188e-13
672 3
1 2.44249e-14
2 -7.10543e-15
3 -1.58096e-13
674 3
1 4.04121e-14
2 -1.06581e-14
3 -1.56319e-13
676 3
1 7.50511e-14
2 0
3 -1.7053e-13
678 3
1 8.26006e-14
2 -1.77636e-14
3 -1.86517e-13
680 3
1 6.26166e-14
2 0
3 -1.56319e-13
682 3
1 1.77636e-14
2 -1.42109e-14
3 -1.86517e-13
684 3
1 6.43929e-14
2 2.13163e-14
3 -1.52767e-13
686 3
1 2.62013e-14
2 7.10543e-15
3 -1.97176e-13
688 3
1 3.86358e-14
2 3.55271e-15
3 -1.86517e-13
690 3
1 4.52971e-14
2 5.32907e-15
3 -1.97176e-13
692 3
1 2.13163e-14
2 1.95399e-14
3 -1.84741e-13
694 3
1 5.55112e-14
2 0
3 -1.58096e-13
696 3
1 3.59712e-14
2 1.95399e-14
3 -1.77636e-13
698 3
1 1.86517e-14
2 7.10543e-15
3 -1.88294e-13
700 3
1 2.30926e-14
2 1.42109e-14
3 -1.63425e-13
702 3
1 3.15303e-14
2 -5.32907e-15
3 -1.88294e-13
704 3
1 2.30926e-14
2 -1.59872e-14
3 -1.81188e-13
706 3
1 4.08562e-14
2 7.10543e-15
3 -2.16716e-13
708 3
1 3.64153e-14
2 5.32907e-15
3 -2.02505e-13
710 3
1 1.82077e-14
2 -3.01981e-14
3 -1.54543e-13
712 3
1 2.62013e-14
2 -1.77636e-15
3 -1.9007e-13
714 3
1 5.24025e-14
2 -1.77636e-15
3 -1.86517e-13
716 3
1 2.08722e-14
2 7.10543e-15
3 -1.81188e-13
718 3
1 6.08402e-14
2 0
3 -1.58096e-13
720 3
1 2.44249e-14
2 1.77636e-15
3 -1.93623e-13
722 3
1 5.77316e-14
2 1.42109e-14
3 -1.59872e-13
724 3
1 1.33227e-15
2 -7.10543e-15
3 -1.77636e-13
726 3
1 4.30767e-14
2 8.88178e-15
3 -1.61648e-13
728 3
1 5.32907e-14
2 3.19744e-14
3 -1.84741e-13
730 3
1 1.77636e-14
2 -1.06581e-14
3 -1.72307e-13
732 3
1 1.11022e-14
2 3.55271e-14
3 -1.65201e-13
734 3
1 -1.42109e-14
2 3.01981e-14
3 -1.68754e-13
736 3
1 1.68754e-14
2 -3.55271e-15
3 -1.72307e-13
738 3
1 7.54952e-15
2 3.90799e-14
3 -1.97176e-13
740 3
1 -6.21725e-15
2 -1.24345e-14
3 -1.75859e-13
742 3
1 4.88498e-15
2 8.88178e-15
3 -1.72307e-13
744 3
1 6.21725e-15
2 1.42109e-14
3 -1.66978e-13
746 3
1 -4.44089e-15
2 8.88178e-15
3 -1.84741e-13
748 3
1 3.24185e-14
2 -2.84217e-14
3 -1.68754e-13
750 3
1 1.55431e-14
2 2.4869e-14
3 -1.81188e-13
752 3
1 3.37508e-14
2 1.06581e-14
3 -1.88294e-13
754 3
1 0
2 -1.42109e-14
3 -1.79412e-13
756 3
1 2.53131e-14
2 1.42109e-14
3 -1.82965e-13
758 3
1 1.86517e-14
2 -3.55271e-15
3 -1.82965e-13
760 3
1 -7.10543e-15
2 -5.32907e-15
3 -1.97176e-13
762 3
1 -3.55271e-15
2 4.26326e-14
3 -1.65201e-13
764 3
1 1.33227e-15
2 0
3 -1.77636e-13
766 3
1 2.13163e-14
2 7.10543e-15
3 -1.84741e-13
768 3
1 2.44249e-14
2 2.84217e-14
3 -1.61648e-13
770 3
1 3.5083e-14
2 3.55271e-14
3 -1.72307e-13
772 3
1 1.86517e-14
2 1.77636e-15
3 -1.59872e-13
774 3
1 -1.15463e-14
2 -1.77636e-15
3 -1.81188e-13
776 3
1 8.88178e-15
2 2.84217e-14
3 -1.7053e-13
778 3
1 4.92939e-14
2 -2.4869e-14
3 -1.81188e-13
780 3
1 4.79616e-14
2 3.90799e-14
3 -1.56319e-13
782 3
1 2.4869e-14
2 -7.10543e-15
3 -1.81188e-13
784 3
1 -3.9968e-15
2 5.32907e-15
3 -1.97176e-13
786 3
1 3.55271e-14
2 1.77636e-15
3 -1.82965e-13
788 3
1 1.33227e-14
2 -1.24345e-14
3 -1.77636e-13
790 3
1 3.9968e-15
2 7.10543e-15
3 -2.00728e-13
792 3
1 -4.44089e-16
2 -8.88178e-15
3 -1.66978e-13
794 3
1 4.30767e-14
2 4.26326e-14
3 -1.58096e-13
796 3
1 -8.88178e-16
2 2.4869e-14
3 -1.95399e-13
798 3
1 3.28626e-14
2 3.55271e-15
3 -1.86517e-13
800 3
1 -1.77636e-15
2 1.59872e-14
3 -1.81188e-13
802 3
1 1.82077e-14
2 2.13163e-14
3 -2.02505e-13
804 3
1 -5.32907e-15
2 3.55271e-14
3 -1.95399e-13
806 3
1 3.90799e-14
2 1.06581e-14
3 -1.79412e-13
808 3
1 1.77636e-14
2 2.66454e-14
3 -1.72307e-13
810 3
1 2.79776e-14
2 5.32907e-15
3 -1.77636e-13
812 3
1 1.11022e-14
2 5.32907e-15
3 -1.56319e-13
814 3
1 1.28786e-14
2 7.10543e-15
3 -1.81188e-13
816 3
1 2.35367e-14
2 1.95399e-14
3 -1.7053e-13
818 3
1 5.90639e-14
2 1.42109e-14
3 -1.45661e-13
820 3
1 1.9984e-14
2 2.13163e-14
3 -1.52767e-13
822 3
1 -4.44089e-16
2 -5.32907e-15
3 -1.49214e-13
824 3
1 1.55431e-14
2 2.4869e-14
3 -1.43885e-13
826 3
1 1.37668e-14
2 1.77636e-15
3 -1.79412e-13
828 3
1 3.06422e-14
2 8.88178e-15
3 -1.59872e-13
830 3
1 4.44089e-16
2 -1.59872e-14
3 -1.47438e-13
832 3
1 2.22045e-14
2 4.26326e-14
3 -1.56319e-13
834 3
1 -5.77316e-15
2 2.84217e-14
3 -1.88294e-13
836 3
1 6.66134e-15
2 1.24345e-14
3 -1.79412e-13
838 3
1 1.42109e-14
2 2.84217e-14
3 -1.66978e-13
840 3
1 1.19904e-14
2 2.30926e-14
3 -1.77636e-13
842 3
1 5.77316e-15
2 1.59872e-14
3 -1.40332e-13
844 3
1 2.62013e-14
2 -1.42109e-14
3 -1.45661e-13
846 3
1 4.44089e-16
2 1.95399e-14
3 -1.49214e-13
848 3
1 2.44249e-14
2 2.30926e-14
3 -1.42109e-13
850 3
1 -3.41949e-14
2 1.42109e-14
3 -1.43885e-13
852 3
1 1.33227e-14
2 3.37508e-14
3 -1.61648e-13
854 3
1 -9.32587e-15
2 1.24345e-14
3 -1.61648e-13
856 3
1 1.68754e-14
2 1.24345e-14
3 -1.61648e-13
858 3
1 1.5099e-14
2 1.42109e-14
3 -1.38556e-13
860 3
1 2.88658e-14
2 1.77636e-15
3 -1.56319e-13
862 3
1 2.39808e-14
2 -5.32907e-15
3 -1.59872e-13
864 3
1 -5.32907e-15
2 -1.77636e-15
3 -1.36779e-13
866 3
1 -3.10862e-15
2 3.19744e-14
3 -1.15463e-13
868 3
1 8.43769e-15
2 1.42109e-14
3 -1.3145e-13
870 3
1 4.44089e-14
2 0
3 -1.22569e-13
872 3
1 1.02141e-14
2 -1.24345e-14
3 -1.24345e-13
874 3
1 -3.24185e-14
2 2.13163e-14
3 -1.38556e-13
876 3
1 8.43769e-15
2 3.55271e-15
3 -1.13687e-13
878 3
1 8.88178e-15
2 1.42109e-14
3 -1.20792e-13
880 3
1 -1.28786e-14
2 -7.10543e-15
3 -1.26121e-13
882 3
1 -1.86517e-14
2 3.55271e-15
3 -1.15463e-13
884 3
1 2.93099e-14
2 1.06581e-14
3 -1.1191e-13
886 3
1 -9.76996e-15
2 -1.24345e-14
3 -1.63425e-13
888 3
1 -8.88178e-15
2 1.24345e-14
3 -1.52767e-13
890 3
1 -3.10862e-14
2 2.13163e-14
3 -1.36779e-13
892 3
1 -1.06581e-14
2 -1.77636e-14
3 -1.01252e-13
894 3
1 1.77636e-14
2 5.32907e-15
3 -1.61648e-13
896 3
1 -2.88658e-14
2 -8.88178e-15
3 -1.54543e-13
898 3
1 -1.77636e-14
2 1.24345e-14
3 -1.49214e-13
900 3
1 2.44249e-14
2 4.9738e-14
3 -1.1724e-13
902 3
1 1.77636e-15
2 1.24345e-14
3 -1.42109e-13
904 3
1 -3.10862e-15
2 4.08562e-14
3 -1.52767e-13
906 3
1 2.17604e-14
2 3.90799e-14
3 -1.56319e-13
908 3
1 3.28626e-14
2 2.13163e-14
3 -1.88294e-13
910 3
1 2.08722e-14
2 1.24345e-14
3 -1.5099e-13
912 3
1 -5.32907e-15
2 8.88178e-15
3 -1.33227e-13
914 3
1 4.61853e-14
2 1.06581e-14
3 -1.33227e-13
916 3
1 0
2 5.32907e-15
3 -1.65201e-13
918 3
1 4.44089e-15
2 -3.90799e-14
3 -1.3145e-13
920 3
1 -4.44089e-16
2 -7.10543e-15
3 -1.5099e-13
922 3
1 -7.54952e-15
2 4.08562e-14
3 -1.22569e-13
924 3
1 3.33067e-14
2 1.06581e-14
3 -1.19016e-13
926 3
1 8.88178e-16
2 1.24345e-14
3 -1.26121e-13
928 3
1 5.32907e-15
2 8.88178e-15
3 -1.5099e-13
930 3
1 -7.99361e-15
2 1.33227e-14
3 -1.56319e-13
932 3
1 3.10862e-15
2 1.95399e-14
3 -1.22569e-13
934 3
1 7.10543e-15
2 -1.33227e-14
3 -1.38556e-13
936 3
1 -1.19904e-14
2 -5.32907e-15
3 -1.38556e-13
938 3
1 8.43769e-15
2 1.24345e-14
3 -1.45661e-13
940 3
1 -3.64153e-14
2 -3.55271e-15
3 -1.45661e-13
942 3
1 3.10862e-15
2 4.44089e-15
3 -1.33227e-13
944 3
1 -1.15463e-14
2 1.42109e-14
3 -1.52767e-13
946 3
1 -2.13163e-14
2 1.5099e-14
3 -1.47438e-13
948 3
1 -1.82077e-14
2 1.42109e-14
3 -1.40332e-13
950 3
1 -4.52971e-14
2 8.88178e-15
3 -1.1191e-13
952 3
1 -3.06422e-14
2 4.44089e-15
3 -1.45661e-13
954 3
1 -1.64313e-14
2 3.19744e-14
3 -1.42109e-13
956 3
1 -4.44089e-16
2 1.15463e-14
3 -1.65201e-13
958 3
1 2.88658e-14
2 7.99361e-15
3 -1.19016e-13
960 3
1 -3.9968e-14
2 1.77636e-14
3 -1.33227e-13
962 3
1 7.54952e-15
2 1.77636e-15
3 -1.40332e-13
964 3
1 -2.75335e-14
2 0
3 -1.59872e-13
966 3
1 1.37668e-14
2 2.22045e-14
3 -1.43885e-13
968 3
1 5.32907e-15
2 1.42109e-14
3 -1.33227e-13
970 3
1 -2.64233e-14
2 7.10543e-15
3 -1.29674e-13
972 3
1 -6.66134e-15
2 2.84217e-14
3 -1.40332e-13
974 3
1 1.13243e-14
2 2.66454e-14
3 -1.1191e-13
976 3
1 1.39888e-14
2 -1.59872e-14
3 -9.59233e-14
978 3
1 -9.10383e-15
2 8.88178e-15
3 -1.15463e-13
980 3
1 -3.28626e-14
2 -8.88178e-15
3 -1.26121e-13
982 3
1 1.77636e-15
2 -7.10543e-15
3 -1.04805e-13
984 3
1 -1.73195e-14
2 1.59872e-14
3 -1.24345e-13
986 3
1 1.95399e-14
2 1.95399e-14
3 -1.29674e-13
988 3
1 -1.11022e-14
2 1.24345e-14
3 -1.29674e-13
990 3
1 2.22045e-15
2 -7.10543e-15
3 -1.01252e-13
992 3
1 -3.4639e-14
2 -8.88178e-15
3 -1.33227e-13
994 3
1 7.99361e-15
2 -2.4869e-14
3 -1.3145e-13
996 3
1 -1.24345e-14
2 -1.06581e-14
3 -1.29674e-13
998 3
1 -1.77636e-14
2 -1.24345e-14
3 -1.01252e-13
1000 3
1 -8.43769e-15
2 0
3 -1.04805e-13
1002 3
1 3.55271e-15
2 -1.95399e-14
3 -1.10134e-13
1004 3
1 8.88178e-15
2 -1.77636e-14
3 -1.13687e-13
1006 3
1 1.46549e-14
2 -1.06581e-14
3 -1.20792e-13
1008 3
1 -2.66454e-15
2 -3.55271e-15
3 -9.59233e-14
1010 3
1 3.9968e-15
2 -1.42109e-14
3 -8.70415e-14
1012 3
1 -1.15463e-14
2 0
3 -1.20792e-13
1014 3
1 2.04281e-14
2 -7.10543e-15
3 -1.27898e-13
1016 3
1 2.08722e-14
2 -1.59872e-14
3 -1.29674e-13
1018 3
1 -1.55431e-14
2 3.55271e-15
3 -1.04805e-13
1020 3
1 2.84217e-14
2 2.84217e-14
3 -1.15463e-13
1022 3
1 -2.66454e-15
2 -1.42109e-14
3 -1.01252e-13
1024 3
1 -2.70894e-14
2 -3.55271e-15
3 -1.20792e-13
1026 3
1 -1.73195e-14
2 -3.55271e-15
3 -1.15463e-13
1028 3
1 -1.55431e-14
2 -3.37508e-14
3 -1.03029e-13
1030 3
1 3.9968e-15
2 -1.59872e-14
3 -1.40332e-13
1032 3
1 2.70894e-14
2 -3.55271e-15
3 -1.20792e-13
1034 3
1 -9.76996e-15
2 -2.66454e-15
3 -1.08358e-13
1036 3
1 2.75335e-14
2 -1.77636e-15
3 -1.08358e-13
1038 3
1 -1.77636e-15
2 8.88178e-16
3 -1.08358e-13
1040 3
1 -4.88498e-15
2 -2.84217e-14
3 -1.20792e-13
1042 3
1 8.88178e-16
2 0
3 -1.26121e-13
1044 3
1 -4.52971e-14
2 -1.77636e-14
3 -1.01252e-13
1046 3
1 -6.21725e-15
2 -5.32907e-15
3 -1.01252e-13
1048 3
1 9.32587e-15
2 5.32907e-15
3 -1.3145e-13
1050 3
1 4.44089e-16
2 -2.13163e-14
3 -1.06581e-13
1052 3
1 -1.68754e-14
2 -1.77636e-15
3 -1.04805e-13
1054 3
1 -3.28626e-14
2 -2.30926e-14
3 -9.9476e-14
1056 3
1 5.32907e-15
2 -1.24345e-14
3 -1.40332e-13
1058 3
1 -3.59712e-14
2 1.77636e-14
3 -9.59233e-14
1060 3
1 2.17604e-14
2 -2.4869e-14
3 -1.40332e-13
1062 3
1 -2.24265e-14
2 -1.77636e-14
3 -1.26121e-13
1064 3
1 -4.66294e-15
2 3.55271e-15
3 -1.22569e-13
1066 3
1 -2.95319e-14
2 -7.10543e-15
3 -1.19016e-13
1068 3
1 -1.06581e-14
2 1.77636e-15
3 -1.01252e-13
1070 3
1 -4.88498e-15
2 -3.19744e-14
3 -1.1724e-13
1072 3
1 -8.88178e-16
2 -8.88178e-15
3 -1.13687e-13
1074 3
1 -2.66454e-14
2 -4.44089e-14
3 -1.36779e-13
1076 3
1 3.9968e-15
2 -1.77636e-14
3 -9.59233e-14
1078 3
1 2.22045e-15
2 -2.13163e-14
3 -1.3145e-13
1080 3
1 -7.99361e-15
2 -2.4869e-14
3 -9.41469e-14
1082 3
1 -2.35367e-14
2 -3.01981e-14
3 -1.24345e-13
1084 3
1 -1.46549e-14
2 -1.24345e-14
3 -1.29674e-13
1086 3
1 -5.81757e-14
2 -2.84217e-14
3 -1.47438e-13
1088 3
1 -2.22045e-14
2 -2.84217e-14
3 -1.54543e-13
1090 3
1 -9.32587e-15
2 -1.77636e-14
3 -1.26121e-13
1092 3
1 1.33227e-15
2 -1.77636e-14
3 -1.20792e-13
1094 3
1 1.33227e-15
2 -5.68434e-14
3 -1.15463e-13
1096 3
1 -4.9738e-14
2 -2.84217e-14
3 -1.36779e-13
1098 3
1 -3.5083e-14
2 -2.84217e-14
3 -1.26121e-13
1100 3
1 -7.54952e-15
2 -3.90799e-14
3 -1.15463e-13
1102 3
1 -7.99361e-15
2 -1.77636e-14
3 -1.13687e-13
1104 3
1 -3.64153e-14
2 -3.37508e-14
3 -9.59233e-14
1106 3
1 -1.64313e-14
2 3.55271e-15
3 -1.24345e-13
1108 3
1 -3.10862e-15
2 -8.88178e-15
3 -1.15463e-13
1110 3
1 7.54952e-15
2 -4.44089e-15
3 -9.23706e-14
1112 3
1 6.21725e-15
2 -5.32907e-15
3 -1.04805e-13
1114 3
1 -2.93099e-14
2 -1.24345e-14
3 -1.01252e-13
1116 3
1 -1.46549e-14
2 8.88178e-15
3 -1.22569e-13
1118 3
1 -3.15303e-14
2 -1.06581e-14
3 -1.15463e-13
1120 3
1 -1.77636e-14
2 -1.95399e-14
3 -8.70415e-14
1122 3
1 -3.10862e-15
2 -3.01981e-14
3 -1.47438e-13
1124 3
1 5.32907e-15
2 -3.01981e-14
3 -1.45661e-13
1126 3
1 4.44089e-15
2 -8.88178e-15
3 -1.22569e-13
1128 3
1 -4.84057e-14
2 -3.55271e-15
3 -1.40332e-13
1130 3
1 -2.66454e-14
2 -4.08562e-14
3 -1.27898e-13
1132 3
1 -1.5099e-14
2 1.77636e-14
3 -1.27898e-13
1134 3
1 -7.77156e-14
2 1.24345e-14
3 -1.52767e-13
1136 3
1 -2.26485e-14
2 -1.77636e-15
3 -1.1724e-13
1138 3
1 -1.11022e-14
2 -1.77636e-15
3 -1.36779e-13
1140 3
1 -4.61853e-14
2 -3.55271e-14
3 -1.22569e-13
1142 3
1 -3.68594e-14
2 -1.77636e-14
3 -1.3145e-13
1144 3
1 -4.92939e-14
2 2.30926e-14
3 -1.7053e-13
1146 3
1 -2.17604e-14
2 -1.06581e-14
3 -1.49214e-13
1148 3
1 -7.54952e-15
2 1.42109e-14
3 -1.36779e-13
1150 3
1 -2.35367e-14
2 1.06581e-14
3 -1.13687e-13
1152 3
1 -2.62013e-14
2 -2.66454e-14
3 -1.08358e-13
1154 3
1 -1.15463e-14
2 -2.4869e-14
3 -1.19016e-13
1156 3
1 -2.57572e-14
2 -2.66454e-14
3 -1.1724e-13
1158 3
1 -5.41789e-14
2 3.90799e-14
3 -1.04805e-13
1160 3
1 -4.39648e-14
2 0
3 -1.20792e-13
1162 3
1 -2.44249e-14
2 -7.10543e-15
3 -1.01252e-13
1164 3
1 -9.32587e-15
2 -1.06581e-14
3 -1.13687e-13
1166 3
1 -4.04121e-14
2 1.06581e-14
3 -1.1724e-13
1168 3
1 -7.59393e-14
2 1.06581e-14
3 -1.27898e-13
1170 3
1 -5.77316e-15
2 -3.55271e-15
3 -1.27898e-13
1172 3
1 -3.90799e-14
2 -1.77636e-14
3 -1.26121e-13
1174 3
1 -2.44249e-14
2 -8.88178e-15
3 -1.29674e-13
1176 3
1 -8.43769e-15
2 1.77636e-14
3 -1.35003e-13
1178 3
1 -2.53131e-14
2 1.77636e-15
3 -1.36779e-13
1180 3
1 -6.21725e-15
2 1.59872e-14
3 -1.19016e-13
1182 3
1 -3.06422e-14
2 -3.55271e-15
3 -1.20792e-13
1184 3
1 -2.55351e-14
2 3.55271e-15
3 -1.15463e-13
1186 3
1 -3.75255e-14
2 -5.32907e-15
3 -1.27898e-13
1188 3
1 -2.17604e-14
2 3.55271e-15
3 -1.40332e-13
1190 3
1 -4.21885e-14
2 -3.55271e-15
3 -1.38556e-13
1192 3
1 -3.37508e-14
2 5.32907e-15
3 -1.5099e-13
1194 3
1 -2.4647e-14
2 -8.88178e-15
3 -9.9476e-14
1196 3
1 -5.15143e-14
2 1.59872e-14
3 -9.9476e-14
1198 3
1 -7.74936e-14
2 -1.42109e-14
3 -1.38556e-13
1200 3
1 -3.15303e-14
2 2.30926e-14
3 -1.52767e-13
1202 3
1 -4.44089e-14
2 1.06581e-14
3 -1.58096e-13
1204 3
1 -3.28626e-14
2 4.79616e-14
3 -1.42109e-13
1206 3
1 -4.04121e-14
2 1.06581e-14
3 -1.40332e-13
1208 3
1 -5.19584e-14
2 1.95399e-14
3 -1.1724e-13
1210 3
1 -3.5083e-14
2 8.88178e-15
3 -1.20792e-13
1212 3
1 -2.9754e-14
2 1.42109e-14
3 -1.35003e-13
1214 3
1 -3.19744e-14
2 -2.30926e-14
3 -1.29674e-13
1216 3
1 -1.55431e-14
2 7.10543e-15
3 -1.26121e-13
1218 3
1 3.10862e-15
2 -7.10543e-15
3 -1.52767e-13
1220 3
1 -3.15303e-14
2 -1.42109e-14
3 -1.33227e-13
1222 3
1 -2.79776e-14
2 1.77636e-14
3 -1.47438e-13
1224 3
1 -3.37508e-14
2 -4.79616e-14
3 -1.65201e-13
1226 3
1 -4.52971e-14
2 -1.59872e-14
3 -1.58096e-13
1228 3
1 -4.26326e-14
2 -3.55271e-15
3 -1.3145e-13
1230 3
1 -5.37348e-14
2 -8.88178e-15
3 -1.33227e-13
1232 3
1 -1.77636e-14
2 -7.10543e-15
3 -1.27898e-13
1234 3
1 -3.41949e-14
2 -3.90799e-14
3 -1.36779e-13
1236 3
1 -3.10862e-14
2 8.88178e-15
3 -1.40332e-13
1238 3
1 -4.92939e-14
2 -2.30926e-14
3 -1.58096e-13
1240 3
1 -3.81917e-14
2 1.24345e-14
3 -1.72307e-13
1242 3
1 -1.15463e-14
2 -2.4869e-14
3 -1.49214e-13
1244 3
1 -2.93099e-14
2 5.32907e-15
3 -1.47438e-13
1246 3
1 -3.28626e-14
2 -7.10543e-15
3 -1.38556e-13
1248 3
1 -7.28306e-14
2 2.30926e-14
3 -1.26121e-13
1250 3
1 -3.90799e-14
2 -8.88178e-15
3 -1.95399e-13
1252 3
1 -3.59712e-14
2 -5.32907e-15
3 -1.29674e-13
1254 3
1 -5.10703e-14
2 3.55271e-15
3 -1.33227e-13
1256 3
1 -3.86358e-14
2 -7.10543e-15
3 -1.47438e-13
1258 3
1 -2.04281e-14
2 -1.77636e-14
3 -1.61648e-13
1260 3
1 -2.22045e-15
2 -2.84217e-14
3 -1.47438e-13
1262 3
1 -4.26326e-14
2 1.06581e-14
3 -1.20792e-13
1264 3
1 -4.75175e-14
2 -1.42109e-14
3 -1.27898e-13
1266 3
1 -2.84217e-14
2 -1.59872e-14
3 -1.38556e-13
1268 3
1 -7.06102e-14
2 -1.77636e-15
3 -1.29674e-13
1270 3
1 -1.86517e-14
2 -1.59872e-14
3 -1.27898e-13
1272 3
1 -3.4639e-14
2 3.55271e-15
3 -1.5099e-13
1274 3
1 -4.57412e-14
2 -2.13163e-14
3 -1.20792e-13
1276 3
1 -2.62013e-14
2 -2.66454e-14
3 -1.20792e-13
1278 3
1 -4.35207e-14
2 8.88178e-15
3 -1.29674e-13
1280 3
1 -2.44249e-14
2 -7.10543e-15
3 -1.26121e-13
1282 3
1 -3.9968e-15
2 -3.19744e-14
3 -1.13687e-13
1284 3
1 -1.77636e-14
2 -6.92779e-14
3 -1.1724e-13
1286 3
1 -2.66454e-15
2 -2.13163e-14
3 -1.29674e-13
1288 3
1 -5.77316e-15
2 -2.13163e-14
3 -1.3145e-13
1290 3
1 8.21565e-15
2 -8.88178e-15
3 -1.1191e-13
1292 3
1 -4.57412e-14
2 -4.9738e-14
3 -1.5099e-13
1294 3
1 -7.34968e-14
2 -8.88178e-15
3 -1.5099e-13
1296 3
1 -1.86517e-14
2 -1.77636e-15
3 -1.38556e-13
1298 3
1 -4.06342e-14
2 -2.84217e-14
3 -1.52767e-13
1300 3
1 -2.66454e-14
2 -1.42109e-14
3 -1.45661e-13
1302 3
1 -3.37508e-14
2 -3.90799e-14
3 -1.19016e-13
1304 3
1 -2.26485e-14
2 -2.66454e-14
3 -1.13687e-13
1306 3
1 -8.43769e-15
2 -3.19744e-14
3 -1.45661e-13
1308 3
1 -1.15463e-14
2 -3.90799e-14
3 -1.29674e-13
1310 3
1 -1.33227e-14
2 -5.32907e-15
3 -1.1191e-13
1312 3
1 -1.06581e-14
2 -6.75016e-14
3 -1.24345e-13
1314 3
1 -4.44089e-15
2 -1.77636e-15
3 -1.3145e-13
1316 3
1 -7.99361e-15
2 -3.73035e-14
3 -1.42109e-13
1318 3
1 -4.88498e-15
2 -2.84217e-14
3 -1.43885e-13
1320 3
1 -3.9968e-15
2 -5.41789e-14
3 -1.56319e-13
1322 3
1 -3.19744e-14
2 -1.5099e-14
3 -1.15463e-13
1324 3
1 -3.5083e-14
2 -4.26326e-14
3 -1.77636e-13
1326 3
1 -2.17604e-14
2 -2.75335e-14
3 -1.33227e-13
1328 3
1 -3.37508e-14
2 -2.75335e-14
3 -1.47438e-13
1330 3
1 -7.54952e-15
2 -3.37508e-14
3 -1.52767e-13
1332 3
1 -1.59872e-14
2 -2.04281e-14
3 -1.1191e-13
1334 3
1 -2.04281e-14
2 -6.21725e-14
3 -1.22569e-13
1336 3
1 -4.57412e-14
2 -2.30926e-14
3 -1.22569e-13
1338 3
1 -1.9984e-14
2 -4.88498e-14
3 -1.24345e-13
1340 3
1 -5.77316e-14
2 -2.22045e-14
3 -1.38556e-13
1342 3
1 -4.04121e-14
2 -3.37508e-14
3 -1.49214e-13
1344 3
1 -3.33067e-14
2 -8.88178e-15
3 -1.35003e-13
1346 3
1 -5.24025e-14
2 1.77636e-15
3 -1.15463e-13
1348 3
1 -6.21725e-14
2 -2.57572e-14
3 -1.26121e-13
1350 3
1 -3.73035e-14
2 -3.55271e-15
3 -1.22569e-13
1352 3
1 -4.44089e-14
2 -2.66454e-15
3 -1.38556e-13
1354 3
1 -3.15303e-14
2 -8.88178e-15
3 -1.15463e-13
1356 3
1 -3.33067e-14
2 -4.44089e-15
3 -1.36779e-13
1358 3
1 -5.32907e-14
2 -2.13163e-14
3 -1.3145e-13
1360 3
1 -2.44249e-14
2 -1.5099e-14
3 -1.04805e-13
1362 3
1 -7.14984e-14
2 -3.19744e-14
3 -1.10134e-13
1364 3
1 -3.33067e-14
2 -3.19744e-14
3 -1.56319e-13
1366 3
1 -4.39648e-14
2 -4.79616e-14
3 -1.27898e-13
1368 3
1 -3.19744e-14
2 -2.13163e-14
3 -1.1191e-13
1370 3
1 -3.41949e-14
2 -4.44089e-14
3 -1.26121e-13
1372 3
1 -3.86358e-14
2 -7.01661e-14
3 -1.79412e-13
1374 3
1 -4.21885e-14
2 -6.57252e-14
3 -1.43885e-13
1376 3
1 -4.26326e-14
2 -2.93099e-14
3 -1.26121e-13
1378 3
1 -4.75175e-14
2 -3.55271e-14
3 -1.26121e-13
1380 3
1 -1.5099e-14
2 -3.9968e-14
3 -1.24345e-13
1382 3
1 -2.9754e-14
2 -6.21725e-15
3 -1.20792e-13
1384 3
1 -4.75175e-14
2 -3.9968e-14
3 -1.15463e-13
1386 3
1 -5.15143e-14
2 -3.01981e-14
3 -1.01252e-13
1388 3
1 -5.77316e-14
2 -5.06262e-14
3 -9.9476e-14
1390 3
1 -5.81757e-14
2 -3.01981e-14
3 -1.24345e-13
1392 3
1 -1.15463e-14
2 -3.4639e-14
3 -1.1724e-13
1394 3
1 -6.12843e-14
2 -2.66454e-14
3 -9.23706e-14
1396 3
1 -4.70735e-14
2 -1.42109e-14
3 -1.49214e-13
1398 3
1 -4.75175e-14
2 -2.13163e-14
3 -1.42109e-13
1400 3
1 -3.01981e-14
2 -5.32907e-15
3 -1.40332e-13
1402 3
1 -6.17284e-14
2 -5.41789e-14
3 -1.15463e-13
1404 3
1 -4.84057e-14
2 -4.17444e-14
3 -1.40332e-13
1406 3
1 -2.75335e-14
2 -2.84217e-14
3 -1.68754e-13
1408 3
1 -6.61693e-14
2 -3.28626e-14
3 -1.35003e-13
1410 3
1 -4.57412e-14
2 -1.42109e-14
3 -1.36779e-13
1412 3
1 -3.41949e-14
2 -4.88498e-14
3 -1.36779e-13
1414 3
1 -7.63833e-14
2 4.44089e-15
3 -1.47438e-13
1416 3
1 -8.83738e-14
2 -3.37508e-14
3 -1.40332e-13
1418 3
1 -5.55112e-14
2 -3.10862e-14
3 -1.27898e-13
1420 3
1 -4.17444e-14
2 -8.79297e-14
3 -1.35003e-13
1422 3
1 -4.79616e-14
2 -2.84217e-14
3 -1.15463e-13
1424 3
1 -4.17444e-14
2 0
3 -1.08358e-13
1426 3
1 -6.21725e-14
2 -6.75016e-14
3 -9.23706e-14
1428 3
1 -5.24025e-14
2 -4.44089e-14
3 -1.42109e-13
1430 3
1 7.99361e-15
2 -4.9738e-14
3 -1.43885e-13
1432 3
1 -4.79616e-14
2 -4.70735e-14
3 -1.20792e-13
1434 3
1 -4.79616e-14
2 -6.03961e-14
3 -1.1724e-13
1436 3
1 -4.21885e-14
2 -8.08242e-14
3 -1.03029e-13
1438 3
1 -2.53131e-14
2 -2.4869e-14
3 -1.04805e-13
1440 3
1 -8.57092e-14
2 -8.26006e-14
3 -1.38556e-13
1442 3
1 -6.52811e-14
2 -5.32907e-14
3 -1.27898e-13
1444 3
1 -7.19425e-14
2 -3.19744e-14
3 -1.52767e-13
1446 3
1 -5.24025e-14
2 -1.68754e-14
3 -1.38556e-13
1448 3
1 -7.06102e-14
2 -3.90799e-14
3 -1.03029e-13
1450 3
1 -7.9492e-14
2 -1.15463e-14
3 -1.27898e-13
1452 3
1 -7.23865e-14
2 -6.39488e-14
3 -9.76996e-14
1454 3
1 -4.44089e-14
2 -6.21725e-14
3 -1.42109e-13
1456 3
1 -5.90639e-14
2 -2.93099e-14
3 -1.29674e-13
1458 3
1 -2.88658e-14
2 -8.34888e-14
3 -1.43885e-13
1460 3
1 -5.10703e-14
2 -8.52651e-14
3 -1.42109e-13
1462 3
1 -4.9738e-14
2 -3.73035e-14
3 -1.45661e-13
1464 3
1 -4.30767e-14
2 -5.41789e-14
3 -1.49214e-13
1466 3
1 -1.55431e-14
2 -4.44089e-14
3 -1.20792e-13
1468 3
1 -5.10703e-14
2 -6.57252e-14
3 -1.22569e-13
1470 3
1 -3.4639e-14
2 -7.28306e-14
3 -1.42109e-13
1472 3
1 -4.35207e-14
2 -7.81597e-14
3 -1.58096e-13
1474 3
1 -5.77316e-14
2 -7.28306e-14
3 -1.36779e-13
1476 3
1 -2.79776e-14
2 -4.9738e-14
3 -1.27898e-13
1478 3
1 -5.68434e-14
2 -9.76996e-14
3 -1.38556e-13
1480 3
1 -4.9738e-14
2 -6.75016e-14
3 -1.3145e-13
1482 3
1 -7.90479e-14
2 -5.50671e-14
3 -1.52767e-13
1484 3
1 -6.4837e-14
2 -1.03029e-13
3 -1.72307e-13
1486 3
1 -1.11022e-14
2 -1.59872e-14
3 -1.42109e-13
1488 3
1 -4.13003e-14
2 -6.75016e-14
3 -1.59872e-13
1490 3
1 -6.08402e-14
2 -3.01981e-14
3 -1.66978e-13
1492 3
1 -8.74856e-14
2 -3.19744e-14
3 -1.43885e-13
1494 3
1 -3.73035e-14
2 -2.93099e-14
3 -1.52767e-13
1496 3
1 -8.34888e-14
2 -3.90799e-14
3 -1.5099e-13
1498 3
1 -7.06102e-14
2 -4.70735e-14
3 -1.29674e-13
1500 3
1 -5.15143e-14
2 -6.75016e-14
3 -1.29674e-13
1502 3
1 -5.72875e-14
2 -4.79616e-14
3 -1.61648e-13
1504 3
1 -6.66134e-14
2 -7.72715e-14
3 -1.58096e-13
1506 3
1 -5.77316e-14
2 -6.75016e-14
3 -1.58096e-13
1508 3
1 -2.66454e-14
2 -5.77316e-14
3 -1.59872e-13
1510 3
1 -5.9508e-14
2 -3.28626e-14
3 -1.54543e-13
1512 3
1 -3.86358e-14
2 -9.68114e-14
3 -1.82965e-13
1514 3
1 -5.68434e-14
2 -5.15143e-14
3 -1.5099e-13
1516 3
1 -6.79456e-14
2 -4.44089e-14
3 -1.52767e-13
1518 3
1 -5.06262e-14
2 -7.19425e-14
3 -1.74083e-13
1520 3
1 -5.86198e-14
2 -2.30926e-14
3 -1.52767e-13
1522 3
1 -5.32907e-14
2 -5.32907e-14
3 -1.5099e-13
1524 3
1 -3.01981e-14
2 -7.19425e-14
3 -1.66978e-13
1526 3
1 -7.19425e-14
2 -8.9706e-14
3 -1.93623e-13
1528 3
1 -6.03961e-14
2 -6.75016e-14
3 -1.54543e-13
1530 3
1 -8.79297e-14
2 -6.83897e-14
3 -1.63425e-13
1532 3
1 -4.66294e-14
2 -3.19744e-14
3 -1.45661e-13
1534 3
1 -8.70415e-14
2 -4.9738e-14
3 -1.38556e-13
1536 3
1 -8.43769e-14
2 -6.57252e-14
3 -1.81188e-13
1538 3
1 -5.55112e-14
2 -5.24025e-14
3 -2.11386e-13
1540 3
1 -5.68434e-14
2 -6.66134e-14
3 -2.02505e-13
1542 3
1 -7.01661e-14
2 -2.93099e-14
3 -1.54543e-13
1544 3
1 -4.39648e-14
2 -5.24025e-14
3 -1.47438e-13
1546 3
1 -6.4837e-14
2 -5.06262e-14
3 -1.86517e-13
1548 3
1 -4.66294e-14
2 -5.77316e-14
3 -2.0961e-13
1550 3
1 -6.9722e-14
2 -5.77316e-14
3 -1.74083e-13
1552 3
1 -6.39488e-14
2 -4.88498e-14
3 -1.9007e-13
1554 3
1 -3.55271e-14
2 -3.01981e-14
3 -1.93623e-13
1556 3
1 -6.03961e-14
2 -4.88498e-14
3 -1.9007e-13
1558 3
1 -4.66294e-14
2 -3.01981e-14
3 -1.59872e-13
1560 3
1 -5.24025e-14
2 -3.9968e-14
3 -1.54543e-13
1562 3
1 -3.95239e-14
2 -6.03961e-14
3 -1.72307e-13
1564 3
1 -2.88658e-14
2 -5.50671e-14
3 -1.56319e-13
1566 3
1 -5.63993e-14
2 -3.9968e-14
3 -1.68754e-13
1568 3
1 -4.9738e-14
2 -4.44089e-14
3 -1.88294e-13
1570 3
1 -5.41789e-14
2 -3.9968e-14
3 -1.79412e-13
1572 3
1 -5.55112e-14
2 -6.92779e-14
3 -1.72307e-13
1574 3
1 -5.72875e-14
2 -6.66134e-14
3 -1.52767e-13
1576 3
1 -3.5083e-14
2 -6.12843e-14
3 -1.82965e-13
1578 3
1 -5.63993e-14
2 -5.24025e-14
3 -1.91847e-13
1580 3
1 -5.10703e-14
2 -6.03961e-14
3 -1.68754e-13
1582 3
1 -2.13163e-14
2 -5.41789e-14
3 -1.93623e-13
1584 3
1 -7.54952e-15
2 -5.32907e-14
3 -1.75859e-13
1586 3
1 -5.68434e-14
2 -5.50671e-14
3 -1.43885e-13
1588 3
1 -7.14984e-14
2 -6.21725e-14
3 -2.16716e-13
1590 3
1 -4.66294e-14
2 -2.04281e-14
3 -1.68754e-13
1592 3
1 -6.43929e-14
2 -4.26326e-14
3 -1.86517e-13
1594 3
1 -3.06422e-14
2 -2.39808e-14
3 -1.95399e-13
1596 3
1 -5.68434e-14
2 -3.55271e-14
3 -1.56319e-13
1598 3
1 -3.59712e-14
2 -4.08562e-14
3 -1.7053e-13
1600 3
1 -7.10543e-14
2 -6.83897e-14
3 -1.66089e-13
1602 3
1 -5.19584e-14
2 -4.9738e-14
3 -2.00728e-13
1604 3
1 -4.84057e-14
2 -4.88498e-14
3 -2.25597e-13
1606 3
1 -5.41789e-14
2 -6.21725e-14
3 -2.00728e-13
1608 3
1 -5.86198e-14
2 -5.24025e-14
3 -2.08722e-13
1610 3
1 -3.33067e-14
2 -5.68434e-14
3 -2.0961e-13
1612 3
1 -5.81757e-14
2 -6.4837e-14
3 -1.65201e-13
1614 3
1 -5.55112e-14
2 -6.39488e-14
3 -1.77636e-13
1616 3
1 -3.68594e-14
2 -5.86198e-14
3 -1.86517e-13
1618 3
1 -2.39808e-14
2 -5.24025e-14
3 -1.88294e-13
1620 3
1 -3.64153e-14
2 -5.32907e-14
3 -2.18492e-13
1622 3
1 -6.75016e-14
2 -4.44089e-14
3 -1.68754e-13
1624 3
1 -5.77316e-14
2 -5.86198e-14
3 -1.95399e-13
1626 3
1 -2.66454e-14
2 -4.52971e-14
3 -2.13163e-13
1628 3
1 -1.73195e-14
2 -3.90799e-14
3 -1.65201e-13
1630 3
1 -5.86198e-14
2 -4.61853e-14
3 -1.59872e-13
1632 3
1 -3.59712e-14
2 -6.21725e-14
3 -2.04281e-13
1634 3
1 -3.10862e-14
2 -7.63833e-14
3 -1.74083e-13
1636 3
1 -6.17284e-14
2 -4.61853e-14
3 -1.97176e-13
1638 3
1 -6.30607e-14
2 -4.88498e-14
3 -1.91847e-13
1640 3
1 -1.90958e-14
2 -1.68754e-14
3 -1.59872e-13
1642 3
1 -4.70735e-14
2 -3.37508e-14
3 -2.0961e-13
1644 3
1 -3.4639e-14
2 -3.81917e-14
3 -1.93623e-13
1646 3
1 -3.86358e-14
2 -2.57572e-14
3 -1.84741e-13
1648 3
1 -3.86358e-14
2 -7.37188e-14
3 -1.72307e-13
1650 3
1 -1.68754e-14
2 -6.57252e-14
3 -2.04281e-13
1652 3
1 -4.79616e-14
2 -5.68434e-14
3 -2.30926e-13
1654 3
1 -3.19744e-14
2 -9.23706e-14
3 -2.02505e-13
1656 3
1 -6.4837e-14
2 -8.52651e-14
3 -1.88294e-13
1658 3
1 -1.06581e-14
2 -6.21725e-14
3 -1.88294e-13
1660 3
1 -5.50671e-14
2 -5.50671e-14
3 -1.82965e-13
1662 3
1 -3.01981e-14
2 -5.15143e-14
3 -2.07834e-13
1664 3
1 -5.06262e-14
2 -7.01661e-14
3 -1.7053e-13
1666 3
1 -2.84217e-14
2 -6.4837e-14
3 -2.03393e-13
1668 3
1 -5.06262e-14
2 -5.77316e-14
3 -2.05169e-13
1670 3
1 -9.76996e-15
2 -8.61533e-14
3 -2.11386e-13
1672 3
1 -2.22045e-14
2 -5.68434e-14
3 -1.97176e-13
1674 3
1 -4.44089e-14
2 -6.57252e-14
3 -2.13163e-13
1676 3
1 -3.01981e-14
2 -3.55271e-14
3 -2.23821e-13
1678 3
1 -5.06262e-14
2 -3.4639e-14
3 -2.11386e-13
1680 3
1 -2.66454e-14
2 -5.77316e-14
3 -1.86517e-13
1682 3
1 -3.28626e-14
2 -4.61853e-14
3 -2.16716e-13
1684 3
1 -4.52971e-14
2 -3.55271e-14
3 -2.20268e-13
1686 3
1 -2.39808e-14
2 -1.15463e-14
3 -2.18492e-13
1688 3
1 -4.9738e-14
2 -5.06262e-14
3 -2.30926e-13
1690 3
1 -3.9968e-14
2 -3.10862e-14
3 -1.91847e-13
1692 3
1 -2.66454e-14
2 -5.77316e-14
3 -2.13163e-13
1694 3
1 -2.22045e-14
2 -1.06581e-14
3 -1.95399e-13
1696 3
1 -2.75335e-14
2 -1.24345e-14
3 -1.84741e-13
1698 3
1 -5.41789e-14
2 -5.59552e-14
3 -1.9007e-13
1700 3
1 -2.57572e-14
2 -8.88178e-15
3 -2.30926e-13
1702 3
1 -4.17444e-14
2 -3.64153e-14
3 -1.97176e-13
1704 3
1 -4.9738e-14
2 -4.79616e-14
3 -1.95399e-13
1706 3
1 -3.55271e-14
2 -1.68754e-14
3 -2.23821e-13
1708 3
1 -3.81917e-14
2 -6.4837e-14
3 -1.77636e-13
1710 3
1 -1.59872e-14
2 -5.50671e-14
3 -1.95399e-13
1712 3
1 -2.30926e-14
2 -5.50671e-14
3 -2.15827e-13
1714 3
1 -3.64153e-14
2 -8.88178e-15
3 -2.03393e-13
1716 3
1 -6.21725e-14
2 -3.55271e-14
3 -2.05169e-13
1718 3
1 3.55271e-15
2 -5.41789e-14
3 -1.55431e-13
1720 3
1 -1.24345e-14
2 -2.4869e-14
3 -2.07834e-13
1722 3
1 -3.90799e-14
2 -5.86198e-14
3 -2.2915e-13
1724 3
1 -1.77636e-14
2 -1.42109e-14
3 -1.81188e-13
1726 3
1 -3.81917e-14
2 -2.39808e-14
3 -1.75859e-13
1728 3
1 -1.5099e-14
2 -2.66454e-14
3 -2.31815e-13
1730 3
1 -2.57572e-14
2 -3.19744e-14
3 -2.26485e-13
1732 3
1 -7.99361e-15
2 -1.33227e-14
3 -2.18492e-13
1734 3
1 6.21725e-15
2 8.88178e-16
3 -1.83853e-13
1736 3
1 -5.68434e-14
2 0
3 -1.98064e-13
1738 3
1 -5.50671e-14
2 -4.44089e-14
3 -2.1938e-13
1740 3
1 -3.01981e-14
2 1.59872e-14
3 -2.1938e-13
1742 3
1 1.59872e-14
2 -3.81917e-14
3 -2.18492e-13
1744 3
1 -3.19744e-14
2 -6.21725e-14
3 -2.3892e-13
1746 3
1 -2.57572e-14
2 -5.15143e-14
3 -2.14051e-13
1748 3
1 -2.4869e-14
2 -1.68754e-14
3 -2.49578e-13
1750 3
1 -2.84217e-14
2 -4.08562e-14
3 -2.18492e-13
1752 3
1 -4.44089e-14
2 -2.39808e-14
3 -2.11386e-13
1754 3
1 -3.73035e-14
2 -4.26326e-14
3 -2.0961e-13
1756 3
1 -3.55271e-14
2 -4.52971e-14
3 -2.16716e-13
1758 3
1 -2.84217e-14
2 5.32907e-15
3 -1.9984e-13
1760 3
1 -1.77636e-14
2 -4.9738e-14
3 -2.14939e-13
1762 3
1 -2.22045e-14
2 -2.39808e-14
3 -2.21156e-13
1764 3
1 -2.30926e-14
2 -2.66454e-15
3 -2.11386e-13
1766 3
1 -1.86517e-14
2 -2.4869e-14
3 -2.05169e-13
1768 3
1 -1.5099e-14
2 -2.30926e-14
3 -1.95399e-13
1770 3
1 -9.76996e-15
2 -4.52971e-14
3 -2.24709e-13
1772 3
1 -3.37508e-14
2 -3.81917e-14
3 -2.14051e-13
1774 3
1 -1.15463e-14
2 -2.84217e-14
3 -2.37144e-13
1776 3
1 -3.37508e-14
2 -2.39808e-14
3 -2.02505e-13
1778 3
1 -3.55271e-14
2 -1.77636e-14
3 -2.15827e-13
1780 3
1 -3.19744e-14
2 -2.22045e-14
3 -2.30926e-13
1782 3
1 -2.93099e-14
2 -2.57572e-14
3 -2.27374e-13
1784 3
1 -6.92779e-14
2 -1.59872e-14
3 -1.98952e-13
1786 3
1 -4.26326e-14
2 -7.10543e-15
3 -2.11386e-13
1788 3
1 -2.04281e-14
2 -2.4869e-14
3 -2.42473e-13
1790 3
1 -3.55271e-14
2 -4.08562e-14
3 -2.1938e-13
1792 3
1 -2.30926e-14
2 -3.01981e-14
3 -2.20268e-13
1794 3
1 -2.39808e-14
2 -2.39808e-14
3 -2.07834e-13
1796 3
1 -1.06581e-14
2 -3.01981e-14
3 -2.18492e-13
1798 3
1 -3.01981e-14
2 -9.76996e-15
3 -2.30038e-13
1800 3
1 -5.15143e-14
2 2.39808e-14
3 -1.9984e-13
1802 3
1 0
2 -1.86517e-14
3 -1.93623e-13
1804 3
1 -3.37508e-14
2 -1.06581e-14
3 -2.21156e-13
1806 3
1 -3.10862e-14
2 -2.66454e-14
3 -2.38032e-13
1808 3
1 -4.08562e-14
2 -7.10543e-15
3 -1.91847e-13
1810 3
1 -3.9968e-14
2 -3.73035e-14
3 -2.08722e-13
1812 3
1 -3.64153e-14
2 -2.13163e-14
3 -2.22933e-13
1814 3
1 -4.79616e-14
2 -1.77636e-14
3 -2.14051e-13
1816 3
1 -1.95399e-14
2 0
3 -2.18492e-13
1818 3
1 1.06581e-14
2 -4.44089e-15
3 -2.36255e-13
1820 3
1 5.32907e-15
2 -2.4869e-14
3 -2.31815e-13
1822 3
1 -2.75335e-14
2 8.88178e-16
3 -2.6823e-13
1824 3
1 -3.28626e-14
2 6.21725e-15
3 -2.72671e-13
1826 3
1 -2.75335e-14
2 -1.59872e-14
3 -2.35367e-13
1828 3
1 -5.32907e-15
2 -7.10543e-15
3 -2.44249e-13
1830 3
1 7.10543e-15
2 -2.84217e-14
3 -2.30926e-13
1832 3
1 2.66454e-15
2 -3.10862e-14
3 -2.70894e-13
1834 3
1 -2.30926e-14
2 -1.86517e-14
3 -2.83329e-13
1836 3
1 -1.59872e-14
2 -4.9738e-14
3 -2.30038e-13
1838 3
1 -2.66454e-14
2 -3.10862e-14
3 -2.46025e-13
1840 3
1 1.77636e-15
2 8.88178e-16
3 -2.39808e-13
1842 3
1 -1.33227e-14
2 -3.9968e-14
3 -2.83329e-13
1844 3
1 -1.95399e-14
2 -5.32907e-15
3 -2.16716e-13
1846 3
1 -1.24345e-14
2 -2.84217e-14
3 -2.31815e-13
1848 3
1 -9.76996e-15
2 -1.59872e-14
3 -2.62901e-13
1850 3
1 -2.13163e-14
2 -5.15143e-14
3 -2.08722e-13
1852 3
1 -3.19744e-14
2 -4.44089e-15
3 -2.27374e-13
1854 3
1 -4.79616e-14
2 -8.88178e-15
3 -2.35367e-13
1856 3
1 -1.59872e-14
2 -2.57572e-14
3 -2.42473e-13
1858 3
1 1.77636e-15
2 -1.77636e-15
3 -2.52243e-13
1860 3
1 -1.77636e-14
2 -7.10543e-15
3 -2.30926e-13
1862 3
1 -8.88178e-15
2 -1.95399e-14
3 -2.3892e-13
1864 3
1 -3.10862e-14
2 5.32907e-15
3 -2.43361e-13
1866 3
1 -7.10543e-15
2 -1.24345e-14
3 -2.39808e-13
1868 3
1 6.21725e-15
2 -1.15463e-14
3 -2.73559e-13
1870 3
1 -2.04281e-14
2 -4.35207e-14
3 -2.55795e-13
1872 3
1 -2.57572e-14
2 -1.42109e-14
3 -2.46914e-13
1874 3
1 -4.17444e-14
2 -2.75335e-14
3 -2.5846e-13
1876 3
1 -3.37508e-14
2 -1.42109e-14
3 -2.49578e-13
1878 3
1 -2.04281e-14
2 3.90799e-14
3 -2.74447e-13
1880 3
1 -2.66454e-15
2 -3.10862e-14
3 -2.44249e-13
1882 3
1 -3.19744e-14
2 -3.55271e-15
3 -2.08722e-13
1884 3
1 -4.26326e-14
2 -3.4639e-14
3 -2.54019e-13
1886 3
1 -1.68754e-14
2 1.59872e-14
3 -2.67342e-13
1888 3
1 -3.55271e-15
2 8.88178e-15
3 -2.78888e-13
1890 3
1 -2.93099e-14
2 -7.10543e-15
3 -2.51354e-13
1892 3
1 -2.66454e-15
2 9.76996e-15
3 -2.41585e-13
1894 3
1 -1.15463e-14
2 6.21725e-15
3 -2.20268e-13
1896 3
1 -7.10543e-15
2 3.55271e-15
3 -2.59348e-13
1898 3
1 -2.93099e-14
2 -1.59872e-14
3 -2.35367e-13
1900 3
1 7.10543e-15
2 -2.39808e-14
3 -2.63789e-13
1902 3
1 -2.30926e-14
2 -2.39808e-14
3 -2.43361e-13
1904 3
1 -3.55271e-15
2 -4.88498e-14
3 -2.52243e-13
1906 3
1 -7.99361e-15
2 2.66454e-15
3 -2.80664e-13
1908 3
1 -2.30926e-14
2 -7.99361e-15
3 -2.57572e-13
1910 3
1 -3.37508e-14
2 7.99361e-15
3 -2.62901e-13
1912 3
1 -6.21725e-15
2 0
3 -2.52243e-13
1914 3
1 -4.44089e-15
2 5.32907e-15
3 -2.55795e-13
1916 3
1 -2.84217e-14
2 4.44089e-15
3 -2.36255e-13
1918 3
1 -1.06581e-14
2 3.10862e-14
3 -2.71783e-13
1920 3
1 4.44089e-15
2 -8.88178e-16
3 -2.50466e-13
1922 3
1 -1.42109e-14
2 1.59872e-14
3 -2.57572e-13
1924 3
1 -4.17444e-14
2 -1.15463e-14
3 -2.50466e-13
1926 3
1 -3.55271e-15
2 -1.24345e-14
3 -2.4869e-13
1928 3
1 -7.10543e-15
2 8.88178e-16
3 -2.53131e-13
1930 3
1 -3.55271e-15
2 -1.77636e-15
3 -2.32703e-13
1932 3
1 8.88178e-15
2 -9.76996e-15
3 -2.91323e-13
1934 3
1 -1.24345e-14
2 -3.01981e-14
3 -2.69118e-13
1936 3
1 2.66454e-15
2 -2.57572e-14
3 -2.54019e-13
1938 3
1 -1.06581e-14
2 8.88178e-15
3 -2.53131e-13
1940 3
1 -3.55271e-15
2 1.15463e-14
3 -2.2915e-13
1942 3
1 -7.99361e-15
2 -1.06581e-14
3 -2.79776e-13
1944 3
1 7.99361e-15
2 -3.10862e-14
3 -2.44249e-13
1946 3
1 3.55271e-15
2 -4.26326e-14
3 -2.30038e-13
1948 3
1 -1.77636e-14
2 -1.33227e-14
3 -2.80664e-13
1950 3
1 7.10543e-15
2 3.55271e-15
3 -2.69118e-13
1952 3
1 1.77636e-15
2 -1.15463e-14
3 -2.67342e-13
1954 3
1 -2.66454e-14
2 -3.55271e-14
3 -2.53131e-13
1956 3
1 -2.4869e-14
2 5.32907e-15
3 -2.77112e-13
1958 3
1 -1.24345e-14
2 7.10543e-15
3 -2.62013e-13
1960 3
1 -4.08562e-14
2 7.99361e-15
3 -2.59348e-13
1962 3
1 -1.24345e-14
2 -4.44089e-14
3 -2.43361e-13
1964 3
1 -3.64153e-14
2 7.99361e-15
3 -2.30926e-13
1966 3
1 -3.55271e-14
2 1.06581e-14
3 -2.50466e-13
1968 3
1 4.44089e-15
2 -1.06581e-14
3 -2.55795e-13
1970 3
1 -5.77316e-14
2 -7.10543e-15
3 -2.11386e-13
1972 3
1 0
2 -1.68754e-14
3 -2.62901e-13
1974 3
1 -1.24345e-14
2 -1.15463e-14
3 -2.74447e-13
1976 3
1 -3.55271e-15
2 4.44089e-15
3 -2.73559e-13
1978 3
1 -1.33227e-14
2 -1.68754e-14
3 -2.89546e-13
1980 3
1 -2.04281e-14
2 -2.13163e-14
3 -2.38032e-13
1982 3
1 -3.55271e-15
2 -2.13163e-14
3 -2.85105e-13
1984 3
1 -2.30926e-14
2 -2.13163e-14
3 -2.5846e-13
1986 3
1 -7.99361e-15
2 -2.4869e-14
3 -2.53131e-13
1988 3
1 6.21725e-15
2 -3.4639e-14
3 -2.93987e-13
1990 3
1 7.10543e-15
2 -4.26326e-14
3 -2.61124e-13
1992 3
1 -3.01981e-14
2 3.55271e-14
3 -2.78888e-13
1994 3
1 -2.39808e-14
2 -1.06581e-14
3 -2.41585e-13
1996 3
1 -3.55271e-14
2 -3.37508e-14
3 -2.78888e-13
1998 3
1 -3.55271e-15
2 1.33227e-14
3 -2.64677e-13
2000 3
1 -2.13163e-14
2 -1.77636e-15
3 -2.2915e-13
2002 3
1 0
2 1.42109e-14
3 -2.8777e-13
2004 3
1 9.76996e-15
2 -1.86517e-14
3 -2.93099e-13
2006 3
1 -7.10543e-15
2 4.44089e-15
3 -2.70894e-13
2008 3
1 -1.77636e-14
2 6.21725e-15
3 -2.62013e-13
2010 3
1 -1.24345e-14
2 1.59872e-14
3 -2.66454e-13
2012 3
1 1.5099e-14
2 -1.77636e-15
3 -2.72671e-13
2014 3
1 -9.76996e-15
2 1.24345e-14
3 -2.60236e-13
2016 3
1 1.33227e-14
2 2.66454e-15
3 -2.71783e-13
2018 3
1 -2.04281e-14
2 2.13163e-14
3 -2.74447e-13
2020 3
1 -3.01981e-14
2 8.88178e-15
3 -2.69118e-13
2022 3
1 -7.54952e-15
2 3.55271e-15
3 -2.69118e-13
2024 3
1 -3.10862e-15
2 -1.59872e-14
3 -2.56684e-13
2026 3
1 -1.90958e-14
2 1.24345e-14
3 -2.77112e-13
2028 3
1 3.55271e-15
2 1.15463e-14
3 -2.57572e-13
2030 3
1 -2.22045e-15
2 -6.03961e-14
3 -2.2915e-13
2032 3
1 -1.33227e-14
2 -3.90799e-14
3 -2.82441e-13
2034 3
1 4.44089e-15
2 -1.06581e-14
3 -2.55795e-13
2036 3
1 -1.33227e-14
2 1.59872e-14
3 -2.54907e-13
2038 3
1 -1.46549e-14
2 -2.22045e-14
3 -2.6823e-13
2040 3
1 -7.10543e-15
2 1.24345e-14
3 -2.78888e-13
2042 3
1 -2.79776e-14
2 -3.9968e-14
3 -2.59348e-13
2044 3
1 -2.30926e-14
2 -7.10543e-15
3 -2.55795e-13
2046 3
1 -1.5099e-14
2 -4.70735e-14
3 -2.64677e-13
2048 3
1 -2.9754e-14
2 -2.04281e-14
3 -2.80664e-13
2050 3
1 8.43769e-15
2 -3.9968e-14
3 -2.81553e-13
2052 3
1 -1.82077e-14
2 -2.39808e-14
3 -2.8777e-13
2054 3
1 -2.08722e-14
2 -3.28626e-14
3 -2.51354e-13
2056 3
1 -3.19744e-14
2 -1.5099e-14
3 -2.57572e-13
2058 3
1 -1.77636e-15
2 -3.55271e-15
3 -2.55795e-13
2060 3
1 -1.37668e-14
2 -3.01981e-14
3 -2.55795e-13
2062 3
1 -9.32587e-15
2 -2.39808e-14
3 -2.89546e-13
2064 3
1 -1.46549e-14
2 -6.21725e-14
3 -2.82441e-13
2066 3
1 -3.59712e-14
2 -5.06262e-14
3 -2.46914e-13
2068 3
1 -2.35367e-14
2 -3.37508e-14
3 -2.54019e-13
2070 3
1 -1.02141e-14
2 -1.59872e-14
3 -2.6823e-13
2072 3
1 -3.73035e-14
2 -6.21725e-15
3 -2.51354e-13
2074 3
1 -1.55431e-14
2 -1.68754e-14
3 -2.71783e-13
2076 3
1 -8.43769e-15
2 -4.70735e-14
3 -2.62901e-13
2078 3
1 -1.55431e-14
2 -3.81917e-14
3 -2.45137e-13
2080 3
1 -1.5099e-14
2 -2.93099e-14
3 -2.64677e-13
2082 3
1 -2.08722e-14
2 -6.66134e-14
3 -2.54907e-13
2084 3
1 -5.59552e-14
2 -2.75335e-14
3 -2.38032e-13
2086 3
1 -3.73035e-14
2 -4.61853e-14
3 -2.65565e-13
2088 3
1 1.11022e-14
2 -7.99361e-15
3 -2.49578e-13
2090 3
1 -4.44089e-16
2 -8.88178e-16
3 -2.54019e-13
2092 3
1 -1.33227e-15
2 -1.86517e-14
3 -2.85993e-13
2094 3
1 -3.06422e-14
2 -2.4869e-14
3 -2.69118e-13
2096 3
1 -2.4869e-14
2 -4.44089e-15
3 -2.2915e-13
2098 3
1 -2.04281e-14
2 -1.06581e-14
3 -2.2915e-13
2100 3
1 -5.32907e-15
2 -1.5099e-14
3 -2.67342e-13
2102 3
1 -1.86517e-14
2 -4.88498e-14
3 -2.10498e-13
2104 3
1 -7.54952e-15
2 -3.73035e-14
3 -2.38032e-13
2106 3
1 -2.08722e-14
2 8.88178e-15
3 -2.46025e-13
2108 3
1 -1.42109e-14
2 -3.73035e-14
3 -2.34479e-13
2110 3
1 -4.44089e-15
2 1.15463e-14
3 -2.45137e-13
2112 3
1 -1.95399e-14
2 -1.59872e-14
3 -2.64677e-13
2114 3
1 -1.24345e-14
2 -1.15463e-14
3 -2.45137e-13
2116 3
1 -3.28626e-14
2 -8.88178e-16
3 -2.3892e-13
2118 3
1 -1.33227e-14
2 5.32907e-15
3 -2.56684e-13
2120 3
1 5.77316e-15
2 -2.84217e-14
3 -2.03393e-13
2122 3
1 1.82077e-14
2 1.24345e-14
3 -2.50466e-13
2124 3
1 1.37668e-14
2 -5.68434e-14
3 -2.40696e-13
2126 3
1 -8.43769e-15
2 -1.42109e-14
3 -2.16716e-13
2128 3
1 1.33227e-15
2 -2.57572e-14
3 -2.52243e-13
2130 3
1 -4.13003e-14
2 -2.04281e-14
3 -2.14051e-13
2132 3
1 -1.82077e-14
2 -2.66454e-14
3 -2.30038e-13
2134 3
1 7.10543e-15
2 -5.41789e-14
3 -2.45137e-13
2136 3
1 -1.55431e-14
2 -3.64153e-14
3 -2.41585e-13
2138 3
1 -9.32587e-15
2 -3.64153e-14
3 -2.40696e-13
2140 3
1 1.33227e-15
2 -1.95399e-14
3 -2.60236e-13
2142 3
1 -2.75335e-14
2 -3.4639e-14
3 -2.24709e-13
2144 3
1 -4.44089e-16
2 -5.68434e-14
3 -2.34479e-13
2146 3
1 -1.55431e-14
2 -2.4869e-14
3 -2.40696e-13
2148 3
1 8.43769e-15
2 -5.32907e-15
3 -2.2915e-13
2150 3
1 -5.32907e-15
2 -1.68754e-14
3 -2.34479e-13
2152 3
1 -2.30926e-14
2 -1.68754e-14
3 -2.18492e-13
2154 3
1 8.88178e-15
2 -2.13163e-14
3 -2.18492e-13
2156 3
1 -2.93099e-14
2 -3.90799e-14
3 -2.24709e-13
2158 3
1 1.19904e-14
2 -3.10862e-14
3 -1.98952e-13
2160 3
1 9.32587e-15
2 -3.10862e-14
3 -1.96287e-13
2162 3
1 3.10862e-15
2 -3.01981e-14
3 -2.3892e-13
2164 3
1 -1.77636e-14
2 -5.06262e-14
3 -2.27374e-13
2166 3
1 4.88498e-15
2 -4.61853e-14
3 -2.46914e-13
2168 3
1 -1.42109e-14
2 -3.01981e-14
3 -2.14051e-13
2170 3
1 -1.55431e-14
2 -6.83897e-14
3 -2.07834e-13
2172 3
1 1.68754e-14
2 -2.30926e-14
3 -2.14939e-13
2174 3
1 1.02141e-14
2 -3.4639e-14
3 -2.1938e-13
2176 3
1 1.11022e-14
2 -4.08562e-14
3 -1.9984e-13
2178 3
1 -2.39808e-14
2 -6.75016e-14
3 -2.34479e-13
2180 3
1 -2.26485e-14
2 -3.90799e-14
3 -2.30038e-13
2182 3
1 -2.30926e-14
2 -4.52971e-14
3 -2.22933e-13
2184 3
1 0
2 -5.86198e-14
3 -2.23821e-13
2186 3
1 -2.13163e-14
2 -6.30607e-14
3 -2.32703e-13
2188 3
1 -2.22045e-15
2 -5.15143e-14
3 -2.1938e-13
2190 3
1 -1.42109e-14
2 -5.59552e-14
3 -2.16716e-13
2192 3
1 1.19904e-14
2 -5.59552e-14
3 -2.27374e-13
2194 3
1 -4.88498e-15
2 -1.59872e-14
3 -2.22933e-13
2196 3
1 1.02141e-14
2 -5.86198e-14
3 -2.41585e-13
2198 3
1 -1.73195e-14
2 -4.61853e-14
3 -2.27374e-13
2200 3
1 -1.5099e-14
2 -4.79616e-14
3 -2.0961e-13
2202 3
1 -1.59872e-14
2 -5.50671e-14
3 -2.15827e-13
2204 3
1 -1.15463e-14
2 -5.9508e-14
3 -2.10498e-13
2206 3
1 0
2 -7.19425e-14
3 -2.49578e-13
2208 3
1 -6.21725e-15
2 -6.39488e-14
3 -2.24709e-13
2210 3
1 2.30926e-14
2 -3.73035e-14
3 -2.22045e-13
2212 3
1 1.15463e-14
2 -5.50671e-14
3 -1.74083e-13
2214 3
1 1.77636e-15
2 -2.66454e-14
3 -2.31815e-13
2216 3
1 -1.77636e-14
2 -9.14824e-14
3 -2.30926e-13
2218 3
1 1.86517e-14
2 -3.10862e-14
3 -2.07834e-13
2220 3
1 1.06581e-14
2 -4.44089e-14
3 -1.96287e-13
2222 3
1 1.59872e-14
2 -4.61853e-14
3 -2.16716e-13
2224 3
1 1.42109e-14
2 -7.81597e-14
3 -2.10498e-13
2226 3
1 7.10543e-15
2 -4.79616e-14
3 -2.01617e-13
2228 3
1 2.66454e-14
2 -4.08562e-14
3 -1.803e-13
2230 3
1 1.77636e-14
2 -3.55271e-14
3 -2.11386e-13
2232 3
1 3.55271e-15
2 -6.21725e-14
3 -2.20268e-13
2234 3
1 1.5099e-14
2 -5.9508e-14
3 -1.9984e-13
2236 3
1 1.59872e-14
2 -4.26326e-14
3 -1.90958e-13
2238 3
1 3.28626e-14
2 -4.9738e-14
3 -1.98952e-13
2240 3
1 3.9968e-14
2 -3.37508e-14
3 -2.07834e-13
2242 3
1 8.88178e-15
2 -5.15143e-14
3 -2.0961e-13
2244 3
1 -7.10543e-15
2 -3.90799e-14
3 -2.30926e-13
2246 3
1 5.59552e-14
2 -4.52971e-14
3 -2.06057e-13
2248 3
1 3.10862e-14
2 -2.84217e-14
3 -2.16716e-13
2250 3
1 4.17444e-14
2 -2.84217e-14
3 -2.11386e-13
2252 3
1 2.4869e-14
2 -4.9738e-14
3 -2.39808e-13
2254 3
1 1.5099e-14
2 -2.22045e-14
3 -2.17604e-13
2256 3
1 2.93099e-14
2 -4.88498e-14
3 -2.06946e-13
2258 3
1 2.84217e-14
2 -6.03961e-14
3 -2.20268e-13
2260 3
1 -4.44089e-16
2 -5.59552e-14
3 -2.0961e-13
2262 3
1 4.52971e-14
2 -5.50671e-14
3 -2.24709e-13
2264 3
1 1.42109e-14
2 -4.35207e-14
3 -2.01617e-13
2266 3
1 1.24345e-14
2 -5.59552e-14
3 -2.14051e-13
2268 3
1 2.17604e-14
2 -6.39488e-14
3 -1.9007e-13
2270 3
1 3.9968e-15
2 -5.32907e-14
3 -2.2915e-13
2272 3
1 7.99361e-15
2 -8.88178e-15
3 -2.14939e-13
2274 3
1 1.28786e-14
2 -4.52971e-14
3 -2.16716e-13
2276 3
1 -7.10543e-15
2 -2.57572e-14
3 -2.08722e-13
2278 3
1 -5.77316e-15
2 -2.13163e-14
3 -1.98064e-13
2280 3
1 -4.44089e-16
2 -3.01981e-14
3 -2.0961e-13
2282 3
1 1.37668e-14
2 -3.19744e-14
3 -2.30926e-13
2284 3
1 2.62013e-14
2 -4.52971e-14
3 -2.12275e-13
2286 3
1 1.55431e-14
2 -6.75016e-14
3 -2.00728e-13
2288 3
1 8.88178e-15
2 -8.43769e-14
3 -2.01617e-13
2290 3
1 3.24185e-14
2 -3.10862e-14
3 -2.22045e-13
2292 3
1 1.59872e-14
2 -2.75335e-14
3 -2.34479e-13
2294 3
1 1.77636e-14
2 -4.08562e-14
3 -2.1938e-13
2296 3
1 1.55431e-14
2 -5.86198e-14
3 -2.06057e-13
2298 3
1 1.5099e-14
2 -2.13163e-14
3 -2.55795e-13
2300 3
1 1.73195e-14
2 -6.39488e-14
3 -2.18492e-13
2302 3
1 4.17444e-14
2 -4.17444e-14
3 -2.14939e-13
2304 3
1 3.90799e-14
2 -2.75335e-14
3 -2.28262e-13
2306 3
1 2.39808e-14
2 -3.01981e-14
3 -2.42473e-13
2308 3
1 3.73035e-14
2 -5.77316e-14
3 -2.13163e-13
2310 3
1 4.61853e-14
2 -3.19744e-14
3 -2.20268e-13
2312 3
1 2.79776e-14
2 -1.95399e-14
3 -2.49578e-13
2314 3
1 2.75335e-14
2 -1.42109e-14
3 -2.15827e-13
2316 3
1 4.79616e-14
2 5.32907e-15
3 -2.02505e-13
2318 3
1 1.90958e-14
2 1.42109e-14
3 -2.66454e-13
2320 3
1 3.55271e-14
2 7.10543e-15
3 -2.42473e-13
2322 3
1 2.84217e-14
2 -7.99361e-15
3 -2.02505e-13
2324 3
1 -1.24345e-14
2 9.76996e-15
3 -2.25597e-13
2326 3
1 4.26326e-14
2 -2.93099e-14
3 -2.34479e-13
2328 3
1 2.93099e-14
2 -4.17444e-14
3 -2.34479e-13
2330 3
1 4.21885e-14
2 -6.21725e-15
3 -2.37144e-13
2332 3
1 2.93099e-14
2 -1.77636e-15
3 -2.1938e-13
2334 3
1 2.35367e-14
2 -2.84217e-14
3 -2.4869e-13
2336 3
1 -9.32587e-15
2 1.59872e-14
3 -2.4869e-13
2338 3
1 1.02141e-14
2 -4.44089e-14
3 -2.18492e-13
2340 3
1 -1.42109e-14
2 -1.06581e-14
3 -2.43361e-13
2342 3
1 2.57572e-14
2 -1.5099e-14
3 -2.62901e-13
2344 3
1 3.9968e-14
2 3.55271e-15
3 -2.25597e-13
2346 3
1 2.66454e-14
2 -1.15463e-14
3 -2.07834e-13
2348 3
1 1.86517e-14
2 -1.33227e-14
3 -2.41585e-13
2350 3
1 3.55271e-15
2 -3.37508e-14
3 -2.39808e-13
2352 3
1 -7.10543e-15
2 -2.57572e-14
3 -2.28262e-13
2354 3
1 3.55271e-15
2 -1.24345e-14
3 -2.12275e-13
2356 3
1 5.06262e-14
2 -5.15143e-14
3 -2.13163e-13
2358 3
1 2.39808e-14
2 -1.77636e-14
3 -2.18492e-13
2360 3
1 1.64313e-14
2 -1.86517e-14
3 -2.37144e-13
2362 3
1 1.06581e-14
2 -5.68434e-14
3 -2.23821e-13
2364 3
1 2.30926e-14
2 -6.21725e-15
3 -2.11386e-13
2366 3
1 3.10862e-14
2 -5.32907e-15
3 -2.3892e-13
2368 3
1 -7.10543e-15
2 -4.44089e-14
3 -2.36255e-13
2370 3
1 -1.33227e-15
2 -1.33227e-14
3 -2.07834e-13
2372 3
1 -2.22045e-15
2 -3.19744e-14
3 -2.05169e-13
2374 3
1 2.22045e-14
2 3.55271e-15
3 -2.21156e-13
2376 3
1 2.13163e-14
2 5.32907e-15
3 -2.02505e-13
2378 3
1 1.5099e-14
2 2.22045e-14
3 -2.44249e-13
2380 3
1 -1.59872e-14
2 1.59872e-14
3 -2.35367e-13
2382 3
1 2.68674e-14
2 -2.04281e-14
3 -2.07834e-13
2384 3
1 6.66134e-15
2 -8.88178e-16
3 -2.37144e-13
2386 3
1 -2.59792e-14
2 -4.61853e-14
3 -2.24709e-13
2388 3
1 1.77636e-15
2 3.55271e-15
3 -2.25597e-13
2390 3
1 1.53211e-14
2 -3.37508e-14
3 -2.05169e-13
2392 3
1 1.73195e-14
2 -8.88178e-16
3 -2.4869e-13
2394 3
1 -5.10703e-15
2 1.77636e-14
3 -2.41585e-13
2396 3
1 -1.57652e-14
2 -4.44089e-15
3 -2.13163e-13
2398 3
1 7.32747e-15
2 -2.75335e-14
3 -2.22933e-13
2400 3
1 1.33227e-15
2 -1.68754e-14
3 -2.25597e-13
2402 3
1 1.24345e-14
2 6.21725e-15
3 -2.34479e-13
2404 3
1 3.77476e-15
2 9.76996e-15
3 -2.06946e-13
2406 3
1 -1.82077e-14
2 -1.24345e-14
3 -2.10498e-13
2408 3
1 -1.35447e-14
2 4.44089e-15
3 -1.93623e-13
2410 3
1 1.9984e-15
2 -1.95399e-14
3 -1.95399e-13
2412 3
1 3.77476e-15
2 -6.21725e-15
3 -2.04281e-13
2414 3
1 -5.77316e-15
2 1.06581e-14
3 -2.12275e-13
2416 3
1 -2.22045e-16
2 -2.84217e-14
3 -2.18492e-13
2418 3
1 -1.15463e-14
2 -1.42109e-14
3 -2.0961e-13
2420 3
1 -8.65974e-15
2 2.22045e-14
3 -2.22045e-13
2422 3
1 2.26485e-14
2 -1.59872e-14
3 -2.25597e-13
2424 3
1 -3.4639e-14
2 1.15463e-14
3 -2.04281e-13
2426 3
1 -1.35447e-14
2 2.04281e-14
3 -2.22933e-13
2428 3
1 -2.4647e-14
2 -5.59552e-14
3 -2.25597e-13
2430 3
1 -1.70974e-14
2 8.88178e-16
3 -2.22045e-13
2432 3
1 -1.37668e-14
2 1.15463e-14
3 -1.9984e-13
2434 3
1 1.31006e-14
2 2.13163e-14
3 -2.22045e-13
2436 3
1 -1.24345e-14
2 3.55271e-15
3 -2.27374e-13
2438 3
1 -1.77636e-15
2 -1.33227e-14
3 -2.28262e-13
2440 3
1 4.66294e-15
2 2.22045e-14
3 -2.38032e-13
2442 3
1 -2.15383e-14
2 0
3 -2.18492e-13
2444 3
1 5.55112e-15
2 -2.22045e-14
3 -2.02505e-13
2446 3
1 -2.9976e-14
2 -1.24345e-14
3 -2.36255e-13
2448 3
1 -1.73195e-14
2 -2.57572e-14
3 -2.41585e-13
2450 3
1 -4.39648e-14
2 2.84217e-14
3 -2.33591e-13
2452 3
1 2.22045e-15
2 1.59872e-14
3 -2.50466e-13
2454 3
1 -3.10862e-14
2 -7.10543e-15
3 -2.21156e-13
2456 3
1 -2.04281e-14
2 -3.10862e-14
3 -2.01617e-13
2458 3
1 -6.66134e-15
2 3.55271e-15
3 -2.25597e-13
2460 3
1 4.44089e-15
2 -1.95399e-14
3 -2.37144e-13
2462 3
1 -3.37508e-14
2 -1.42109e-14
3 -2.11386e-13
2464 3
1 5.77316e-15
2 -5.06262e-14
3 -1.54543e-13
2466 3
1 -1.77636e-15
2 -3.73035e-14
3 -2.32703e-13
2468 3
1 -1.86517e-14
2 -5.32907e-15
3 -2.16716e-13
2470 3
1 -2.79776e-14
2 -2.13163e-14
3 -2.38032e-13
2472 3
1 -1.42109e-14
2 -1.86517e-14
3 -2.22933e-13
2474 3
1 -2.70894e-14
2 -1.06581e-14
3 -2.22933e-13
2476 3
1 -6.66134e-15
2 -1.42109e-14
3 -2.2915e-13
2478 3
1 1.59872e-14
2 -4.70735e-14
3 -2.59348e-13
2480 3
1 -9.76996e-15
2 -4.44089e-15
3 -2.25597e-13
2482 3
1 1.46549e-14
2 8.88178e-16
3 -2.16716e-13
2484 3
1 -3.10862e-15
2 7.10543e-15
3 -2.14051e-13
2486 3
1 1.33227e-14
2 -6.21725e-15
3 -2.10498e-13
2488 3
1 -1.9984e-14
2 9.76996e-15
3 -1.9984e-13
2490 3
1 -2.22045e-15
2 -2.30926e-14
3 -2.14939e-13
2492 3
1 -6.43929e-15
2 -8.88178e-16
3 -2.21156e-13
2494 3
1 -2.88658e-14
2 -7.10543e-15
3 -1.73195e-13
2496 3
1 2.4647e-14
2 7.10543e-15
3 -2.34479e-13
2498 3
1 -2.22045e-15
2 -3.28626e-14
3 -2.38032e-13
2500 3
1 -4.44089e-16
2 3.55271e-15
3 -1.92735e-13
2502 3
1 -2.08722e-14
2 2.13163e-14
3 -1.91847e-13
2504 3
1 -2.62013e-14
2 1.59872e-14
3 -2.15827e-13
2506 3
1 3.33067e-15
2 1.5099e-14
3 -1.9984e-13
2508 3
1 3.15303e-14
2 -3.37508e-14
3 -2.3892e-13
2510 3
1 -9.76996e-15
2 1.5099e-14
3 -2.30926e-13
2512 3
1 -6.21725e-15
2 7.10543e-15
3 -2.1938e-13
2514 3
1 -3.59712e-14
2 1.24345e-14
3 -2.49578e-13
2516 3
1 1.08802e-14
2 1.15463e-14
3 -2.57572e-13
2518 3
1 1.06581e-14
2 7.10543e-15
3 -2.52243e-13
2520 3
1 -1.9984e-15
2 1.95399e-14
3 -2.06946e-13
2522 3
1 1.42109e-14
2 2.66454e-15
3 -2.23821e-13
2524 3
1 4.66294e-15
2 0
3 -2.01617e-13
2526 3
1 -6.21725e-15
2 -1.06581e-14
3 -2.22045e-13
2528 3
1 -1.37668e-14
2 3.4639e-14
3 -2.22933e-13
2530 3
1 -3.77476e-15
2 1.06581e-14
3 -2.15827e-13
2532 3
1 3.9968e-15
2 -1.06581e-14
3 -1.72307e-13
2534 3
1 -6.21725e-15
2 1.33227e-14
3 -2.08722e-13
2536 3
1 1.11022e-15
2 -1.86517e-14
3 -2.0961e-13
2538 3
1 6.21725e-15
2 5.32907e-15
3 -2.34479e-13
2540 3
1 6.88338e-15
2 2.13163e-14
3 -2.20268e-13
2542 3
1 3.66374e-14
2 -4.44089e-15
3 -2.00728e-13
2544 3
1 -2.22045e-16
2 8.88178e-15
3 -2.37144e-13
2546 3
1 1.42109e-14
2 -2.04281e-14
3 -2.34479e-13
2548 3
1 3.75255e-14
2 -3.55271e-15
3 -2.27374e-13
2550 3
1 -1.33227e-15
2 -2.39808e-14
3 -2.20268e-13
2552 3
1 2.39808e-14
2 -8.88178e-16
3 -2.39808e-13
2554 3
1 7.32747e-15
2 4.61853e-14
3 -2.24709e-13
2556 3
1 9.54792e-15
2 1.59872e-14
3 -2.22045e-13
2558 3
1 3.53051e-14
2 2.30926e-14
3 -2.41585e-13
2560 3
1 2.77556e-14
2 -6.21725e-15
3 -1.97176e-13
2562 3
1 3.9968e-15
2 -5.32907e-15
3 -2.05169e-13
2564 3
1 8.88178e-15
2 2.30926e-14
3 -1.9984e-13
2566 3
1 2.44249e-14
2 -3.19744e-14
3 -2.18492e-13
2568 3
1 2.06501e-14
2 1.5099e-14
3 -1.92735e-13
2570 3
1 -2.66454e-15
2 -4.17444e-14
3 -2.04281e-13
2572 3
1 1.33227e-14
2 -8.88178e-16
3 -2.41585e-13
2574 3
1 2.39808e-14
2 -7.63833e-14
3 -1.98952e-13
2576 3
1 1.95399e-14
2 -2.66454e-15
3 -1.9007e-13
2578 3
1 1.15463e-14
2 -1.06581e-14
3 -2.17604e-13
2580 3
1 1.75415e-14
2 -2.04281e-14
3 -2.14051e-13
2582 3
1 3.26406e-14
2 3.55271e-15
3 -1.95399e-13
2584 3
1 3.28626e-14
2 -3.81917e-14
3 -2.34479e-13
2586 3
1 1.95399e-14
2 5.32907e-15
3 -2.08722e-13
2588 3
1 4.57412e-14
2 1.77636e-15
3 -2.38032e-13
2590 3
1 4.13003e-14
2 -8.88178e-16
3 -2.30926e-13
2592 3
1 2.84217e-14
2 -2.13163e-14
3 -2.37144e-13
2594 3
1 2.39808e-14
2 -3.90799e-14
3 -1.9984e-13
2596 3
1 9.76996e-15
2 -2.30926e-14
3 -2.04281e-13
2598 3
1 8.88178e-15
2 -2.30926e-14
3 -2.25597e-13
2600 3
1 4.84057e-14
2 -2.75335e-14
3 -2.24709e-13
2602 3
1 1.64313e-14
2 -2.84217e-14
3 -1.96287e-13
2604 3
1 1.5099e-14
2 -3.64153e-14
3 -2.1938e-13
2606 3
1 3.4639e-14
2 -2.4869e-14
3 -2.1938e-13
2608 3
1 2.08722e-14
2 -4.52971e-14
3 -2.23821e-13
2610 3
1 2.66454e-15
2 -8.88178e-16
3 -1.96287e-13
2612 3
1 3.68594e-14
2 -2.66454e-15
3 -2.04281e-13
2614 3
1 1.24345e-14
2 -4.79616e-14
3 -2.02505e-13
2616 3
1 1.15463e-14
2 8.88178e-16
3 -2.22045e-13
2618 3
1 3.9968e-14
2 5.32907e-15
3 -2.18492e-13
2620 3
1 1.64313e-14
2 -1.95399e-14
3 -1.95399e-13
2622 3
1 1.86517e-14
2 -1.77636e-14
3 -1.98064e-13
2624 3
1 9.32587e-15
2 -1.5099e-14
3 -2.06946e-13
2626 3
1 -4.88498e-15
2 -3.37508e-14
3 -2.15827e-13
2628 3
1 4.4853e-14
2 -1.95399e-14
3 -2.06057e-13
2630 3
1 3.28626e-14
2 -4.35207e-14
3 -2.22933e-13
2632 3
1 2.33147e-14
2 -1.15463e-14
3 -2.30926e-13
2634 3
1 1.93179e-14
2 -8.88178e-15
3 -2.20268e-13
2636 3
1 4.92939e-14
2 -4.35207e-14
3 -2.08722e-13
2638 3
1 3.41949e-14
2 -2.75335e-14
3 -1.96287e-13
2640 3
1 4.75175e-14
2 -3.4639e-14
3 -2.08722e-13
2642 3
1 3.19744e-14
2 -2.30926e-14
3 -2.30926e-13
2644 3
1 2.53131e-14
2 -6.21725e-15
3 -1.88294e-13
2646 3
1 1.28786e-14
2 -3.4639e-14
3 -2.04281e-13
2648 3
1 2.08722e-14
2 -2.66454e-15
3 -1.91847e-13
2650 3
1 4.4853e-14
2 -1.5099e-14
3 -2.30926e-13
2652 3
1 3.77476e-14
2 -1.95399e-14
3 -2.2915e-13
2654 3
1 2.93099e-14
2 5.32907e-15
3 -1.88294e-13
2656 3
1 1.04361e-14
2 -8.88178e-15
3 -2.0961e-13
2658 3
1 4.39648e-14
2 -9.76996e-15
3 -1.92735e-13
2660 3
1 1.04361e-14
2 -2.57572e-14
3 -1.90958e-13
2662 3
1 2.42029e-14
2 6.21725e-15
3 -1.96287e-13
2664 3
1 2.08722e-14
2 -1.24345e-14
3 -2.32703e-13
2666 3
1 6.9722e-14
2 1.42109e-14
3 -2.03393e-13
2668 3
1 3.68594e-14
2 -1.77636e-14
3 -2.0961e-13
2670 3
1 5.72875e-14
2 -3.64153e-14
3 -2.18492e-13
2672 3
1 5.41789e-14
2 -7.99361e-15
3 -1.98952e-13
2674 3
1 4.81837e-14
2 -2.66454e-14
3 -2.15827e-13
2676 3
1 2.04281e-14
2 -2.4869e-14
3 -2.14939e-13
2678 3
1 3.4861e-14
2 5.32907e-15
3 -1.95399e-13
2680 3
1 3.17524e-14
2 -2.13163e-14
3 -2.28262e-13
2682 3
1 1.79856e-14
2 6.21725e-15
3 -2.16716e-13
2684 3
1 1.02141e-14
2 -7.99361e-15
3 -2.08722e-13
2686 3
1 2.39808e-14
2 -2.13163e-14
3 -2.03393e-13
2688 3
1 2.30926e-14
2 7.10543e-15
3 -2.07834e-13
2690 3
1 4.88498e-14
2 8.88178e-16
3 -1.97176e-13
2692 3
1 2.81997e-14
2 1.06581e-14
3 -2.14051e-13
2694 3
1 1.84297e-14
2 2.66454e-15
3 -1.98952e-13
2696 3
1 1.26565e-14
2 -2.84217e-14
3 -2.15827e-13
2698 3
1 1.9984e-14
2 -3.10862e-14
3 -2.28262e-13
2700 3
1 1.46549e-14
2 0
3 -2.02505e-13
2702 3
1 3.55271e-15
2 -1.68754e-14
3 -1.75859e-13
2704 3
1 2.62013e-14
2 -1.86517e-14
3 -1.86517e-13
2706 3
1 -9.76996e-15
2 1.06581e-14
3 -1.82965e-13
2708 3
1 9.76996e-15
2 1.95399e-14
3 -1.72307e-13
2710 3
1 -1.73195e-14
2 -1.24345e-14
3 -2.12275e-13
2712 3
1 1.90958e-14
2 -2.93099e-14
3 -2.11386e-13
2714 3
1 7.99361e-15
2 -1.86517e-14
3 -2.20268e-13
2716 3
1 -4.44089e-16
2 1.59872e-14
3 -2.14939e-13
2718 3
1 -7.54952e-15
2 3.81917e-14
3 -2.13163e-13
2720 3
1 1.15463e-14
2 4.44089e-15
3 -2.11386e-13
2722 3
1 -6.21725e-15
2 8.88178e-16
3 -1.92735e-13
2724 3
1 1.82077e-14
2 2.57572e-14
3 -2.33591e-13
2726 3
1 2.53131e-14
2 -1.06581e-14
3 -2.4869e-13
2728 3
1 1.46549e-14
2 1.5099e-14
3 -2.16716e-13
2730 3
1 1.86517e-14
2 2.13163e-14
3 -2.15827e-13
2732 3
1 3.24185e-14
2 2.13163e-14
3 -1.93623e-13
2734 3
1 6.66134e-15
2 7.99361e-15
3 -2.13163e-13
2736 3
1 3.81917e-14
2 3.55271e-14
3 -1.9007e-13
2738 3
1 -6.21725e-15
2 2.13163e-14
3 -2.08722e-13
2740 3
1 2.04281e-14
2 -2.39808e-14
3 -2.37144e-13
2742 3
1 1.55431e-14
2 1.33227e-14
3 -1.97176e-13
2744 3
1 -8.88178e-15
2 -2.66454e-15
3 -2.30926e-13
2746 3
1 2.53131e-14
2 -2.30926e-14
3 -1.9984e-13
2748 3
1 2.26485e-14
2 -1.06581e-14
3 -1.95399e-13
2750 3
1 -8.43769e-15
2 1.15463e-14
3 -2.10498e-13
2752 3
1 2.13163e-14
2 1.59872e-14
3 -2.38032e-13
2754 3
1 6.21725e-15
2 2.75335e-14
3 -2.06057e-13
2756 3
1 2.4869e-14
2 -8.88178e-15
3 -2.27374e-13
2758 3
1 3.10862e-15
2 3.28626e-14
3 -1.93623e-13
2760 3
1 1.64313e-14
2 1.77636e-14
3 -2.1938e-13
2762 3
1 4.88498e-15
2 3.81917e-14
3 -2.00728e-13
2764 3
1 1.59872e-14
2 3.37508e-14
3 -2.14051e-13
2766 3
1 -9.99201e-15
2 4.26326e-14
3 -2.30038e-13
2768 3
1 7.99361e-15
2 0
3 -2.10498e-13
2770 3
1 1.5099e-14
2 6.21725e-15
3 -1.97176e-13
2772 3
1 5.55112e-15
2 5.32907e-15
3 -2.26485e-13
2774 3
1 6.66134e-16
2 4.70735e-14
3 -1.9007e-13
2776 3
1 -2.30926e-14
2 1.59872e-14
3 -2.30038e-13
2778 3
1 1.77636e-15
2 1.33227e-14
3 -2.34479e-13
2780 3
1 3.84137e-14
2 4.44089e-14
3 -2.13163e-13
2782 3
1 -8.88178e-15
2 2.22045e-14
3 -2.01617e-13
2784 3
1 -9.76996e-15
2 2.57572e-14
3 -2.17604e-13
2786 3
1 3.24185e-14
2 2.22045e-14
3 -2.13163e-13
2788 3
1 -1.77636e-15
2 2.66454e-15
3 -2.22933e-13
2790 3
1 1.70974e-14
2 7.10543e-15
3 -2.22045e-13
2792 3
1 7.54952e-15
2 2.66454e-15
3 -2.40696e-13
2794 3
1 1.53211e-14
2 3.28626e-14
3 -2.06946e-13
2796 3
1 -1.73195e-14
2 7.10543e-15
3 -2.05169e-13
2798 3
1 4.88498e-15
2 1.06581e-14
3 -2.43361e-13
2800 3
1 5.77316e-15
2 1.24345e-14
3 -2.35367e-13
2802 3
1 2.81997e-14
2 1.77636e-15
3 -2.27374e-13
2804 3
1 -3.77476e-15
2 2.57572e-14
3 -2.49578e-13
2806 3
1 3.39728e-14
2 4.17444e-14
3 -2.3892e-13
2808 3
1 1.77636e-14
2 5.32907e-15
3 -2.32703e-13
2810 3
1 9.76996e-15
2 2.30926e-14
3 -2.06057e-13
2812 3
1 -4.88498e-15
2 2.66454e-14
3 -2.14939e-13
2814 3
1 1.46549e-14
2 6.83897e-14
3 -2.18492e-13
2816 3
1 7.99361e-15
2 3.01981e-14
3 -2.42473e-13
2818 3
1 1.33227e-14
2 1.33227e-14
3 -2.32703e-13
2820 3
1 2.17604e-14
2 5.9508e-14
3 -2.34479e-13
2822 3
1 1.90958e-14
2 3.81917e-14
3 -2.31815e-13
2824 3
1 3.10862e-14
2 4.35207e-14
3 -2.20268e-13
2826 3
1 -1.11022e-14
2 1.68754e-14
3 -2.43361e-13
2828 3
1 -2.70894e-14
2 5.77316e-14
3 -2.51354e-13
2830 3
1 5.04041e-14
2 4.61853e-14
3 -2.22045e-13
2832 3
1 -1.5099e-14
2 2.13163e-14
3 -2.30926e-13
2834 3
1 3.21965e-14
2 7.99361e-15
3 -2.46914e-13
2836 3
1 -1.73195e-14
2 2.04281e-14
3 -2.60236e-13
2838 3
1 6.66134e-15
2 1.77636e-15
3 -2.21156e-13
2840 3
1 3.01981e-14
2 2.22045e-14
3 -2.45137e-13
2842 3
1 -1.68754e-14
2 8.88178e-16
3 -2.3892e-13
2844 3
1 2.39808e-14
2 1.68754e-14
3 -2.4869e-13
2846 3
1 -4.44089e-16
2 2.22045e-14
3 -2.23821e-13
2848 3
1 1.11022e-14
2 3.10862e-14
3 -2.36255e-13
2850 3
1 2.4869e-14
2 2.57572e-14
3 -2.54907e-13
2852 3
1 2.08722e-14
2 1.77636e-14
3 -1.97176e-13
2854 3
1 -1.24345e-14
2 3.9968e-14
3 -2.35367e-13
2856 3
1 5.32907e-15
2 1.77636e-14
3 -2.30038e-13
2858 3
1 -3.9968e-15
2 1.68754e-14
3 -2.35367e-13
2860 3
1 1.19904e-14
2 1.5099e-14
3 -2.22933e-13
2862 3
1 4.44089e-16
2 8.88178e-16
3 -2.22045e-13
2864 3
1 -4.44089e-15
2 3.81917e-14
3 -2.20268e-13
2866 3
1 4.21885e-14
2 -3.19744e-14
3 -2.54019e-13
2868 3
1 1.28786e-14
2 8.88178e-15
3 -2.1938e-13
2870 3
1 2.19824e-14
2 1.5099e-14
3 -2.14939e-13
2872 3
1 -2.64233e-14
2 9.76996e-15
3 -2.21156e-13
2874 3
1 2.22045e-16
2 4.17444e-14
3 -2.38032e-13
2876 3
1 -2.88658e-15
2 4.08562e-14
3 -2.46914e-13
2878 3
1 1.95399e-14
2 3.19744e-14
3 -2.23821e-13
2880 3
1 6.21725e-15
2 3.55271e-14
3 -2.30926e-13
2882 3
1 1.37668e-14
2 5.32907e-15
3 -2.43361e-13
2884 3
1 4.68514e-14
2 1.42109e-14
3 -2.45137e-13
2886 3
1 1.04361e-14
2 1.42109e-14
3 -2.21156e-13
2888 3
1 -1.08802e-14
2 3.19744e-14
3 -2.6823e-13
2890 3
1 2.55351e-14
2 3.19744e-14
3 -2.16716e-13
2892 3
1 1.77636e-15
2 4.9738e-14
3 -2.27374e-13
2894 3
1 1.28786e-14
2 4.17444e-14
3 -2.24709e-13
2896 3
1 3.4639e-14
2 2.30926e-14
3 -2.1938e-13
2898 3
1 2.24265e-14
2 9.76996e-15
3 -2.38032e-13
2900 3
1 1.22125e-14
2 2.57572e-14
3 -2.28262e-13
2902 3
1 1.4877e-14
2 5.32907e-15
3 -2.38032e-13
2904 3
1 3.15303e-14
2 7.54952e-14
3 -2.95763e-13
2906 3
1 -7.99361e-15
2 3.4639e-14
3 -1.88294e-13
2908 3
1 5.77316e-15
2 2.57572e-14
3 -2.36255e-13
2910 3
1 1.33227e-14
2 2.22045e-14
3 -2.07834e-13
2912 3
1 -4.88498e-15
2 1.68754e-14
3 -2.23821e-13
2914 3
1 -4.44089e-16
2 6.21725e-14
3 -2.31815e-13
2916 3
1 5.01821e-14
2 4.52971e-14
3 -1.94511e-13
2918 3
1 3.68594e-14
2 2.30926e-14
3 -2.13163e-13
2920 3
1 1.02141e-14
2 4.79616e-14
3 -2.46914e-13
2922 3
1 4.57412e-14
2 6.12843e-14
3 -1.98952e-13
2924 3
1 2.66454e-14
2 4.26326e-14
3 -2.04281e-13
2926 3
1 3.10862e-14
2 1.06581e-14
3 -2.31815e-13
2928 3
1 2.84217e-14
2 2.22045e-14
3 -2.16716e-13
2930 3
1 3.73035e-14
2 6.12843e-14
3 -2.0961e-13
2932 3
1 3.37508e-14
2 6.57252e-14
3 -2.16716e-13
2934 3
1 6.30607e-14
2 4.26326e-14
3 -2.16716e-13
2936 3
1 3.5083e-14
2 4.08562e-14
3 -2.10498e-13
2938 3
1 6.4837e-14
2 1.24345e-14
3 -2.21156e-13
2940 3
1 1.9984e-14
2 5.32907e-15
3 -2.43361e-13
2942 3
1 4.35207e-14
2 3.55271e-14
3 -2.65565e-13
2944 3
1 8.43769e-15
2 -2.66454e-15
3 -2.26485e-13
2946 3
1 4.17444e-14
2 2.30926e-14
3 -2.54019e-13
2948 3
1 3.41949e-14
2 3.10862e-14
3 -2.3892e-13
2950 3
1 5.15143e-14
2 3.10862e-14
3 -2.44249e-13
2952 3
1 1.5099e-14
2 1.95399e-14
3 -2.17604e-13
2954 3
1 1.28786e-14
2 3.90799e-14
3 -2.54907e-13
2956 3
1 2.93099e-14
2 3.55271e-14
3 -2.38032e-13
2958 3
1 4.13003e-14
2 2.75335e-14
3 -2.30038e-13
2960 3
1 4.70735e-14
2 6.4837e-14
3 -2.21156e-13
2962 3
1 4.88498e-14
2 4.26326e-14
3 -2.34479e-13
2964 3
1 4.44089e-14
2 3.10862e-14
3 -2.30038e-13
2966 3
1 3.59712e-14
2 4.52971e-14
3 -2.18492e-13
2968 3
1 2.4869e-14
2 2.39808e-14
3 -2.14939e-13
2970 3
1 3.19744e-14
2 3.55271e-14
3 -2.59348e-13
2972 3
1 3.9968e-14
2 8.88178e-16
3 -2.46914e-13
2974 3
1 3.28626e-14
2 3.01981e-14
3 -2.53131e-13
2976 3
1 2.44249e-14
2 9.76996e-15
3 -2.3892e-13
2978 3
1 3.24185e-14
2 2.57572e-14
3 -2.11386e-13
2980 3
1 3.01981e-14
2 -1.06581e-14
3 -2.18492e-13
2982 3
1 -3.55271e-15
2 8.88178e-16
3 -2.32703e-13
2984 3
1 2.13163e-14
2 2.4869e-14
3 -2.05169e-13
2986 3
1 9.32587e-15
2 3.10862e-14
3 -2.27374e-13
2988 3
1 2.57572e-14
2 -1.42109e-14
3 -2.20268e-13
2990 3
1 3.33067e-14
2 3.9968e-14
3 -2.52243e-13
2992 3
1 2.55351e-14
2 1.77636e-14
3 -2.1938e-13
2994 3
1 5.10703e-14
2 9.76996e-15
3 -2.14051e-13
2996 3
1 1.64313e-14
2 2.39808e-14
3 -2.64677e-13
2998 3
1 2.93099e-14
2 3.37508e-14
3 -2.50466e-13
3000 3
1 9.76996e-15
2 1.42109e-14
3 -2.45137e-13
3002 3
1 2.77556e-14
2 3.19744e-14
3 -2.36255e-13
3004 3
1 3.9746e-14
2 2.57572e-14
3 -2.31815e-13
3006 3
1 6.66134e-15
2 8.88178e-15
3 -2.45137e-13
3008 3
1 3.59712e-14
2 2.04281e-14
3 -2.39808e-13
3010 3
1 1.77636e-14
2 1.68754e-14
3 -2.50466e-13
3012 3
1 2.66454e-14
2 4.08562e-14
3 -2.91323e-13
3014 3
1 3.61933e-14
2 -2.66454e-15
3 -2.41585e-13
3016 3
1 3.64153e-14
2 -3.37508e-14
3 -2.55795e-13
3018 3
1 3.73035e-14
2 2.22045e-14
3 -2.45137e-13
3020 3
1 1.33227e-15
2 3.10862e-14
3 -2.52243e-13
3022 3
1 3.17524e-14
2 1.42109e-14
3 -2.14051e-13
3024 3
1 1.90958e-14
2 3.4639e-14
3 -2.67342e-13
3026 3
1 5.28466e-14
2 2.22045e-14
3 -2.45137e-13
3028 3
1 5.10703e-14
2 -3.55271e-15
3 -2.37144e-13
3030 3
1 5.28466e-14
2 -6.21725e-15
3 -2.54907e-13
3032 3
1 1.86517e-14
2 -1.15463e-14
3 -2.66454e-13
3034 3
1 2.93099e-14
2 1.42109e-14
3 -2.46914e-13
3036 3
1 -3.55271e-15
2 2.66454e-15
3 -2.52243e-13
3038 3
1 3.37508e-14
2 -8.88178e-16
3 -2.22933e-13
3040 3
1 2.84217e-14
2 -1.95399e-14
3 -2.51354e-13
3042 3
1 3.86358e-14
2 7.10543e-15
3 -2.64677e-13
3044 3
1 2.84217e-14
2 6.21725e-15
3 -2.38032e-13
3046 3
1 2.9754e-14
2 1.5099e-14
3 -2.61124e-13
3048 3
1 3.06422e-14
2 1.77636e-14
3 -2.59348e-13
3050 3
1 4.17444e-14
2 1.06581e-14
3 -2.67342e-13
3052 3
1 2.93099e-14
2 -5.32907e-15
3 -2.77112e-13
3054 3
1 3.33067e-14
2 3.81917e-14
3 -2.65565e-13
3056 3
1 2.35367e-14
2 1.59872e-14
3 -2.4869e-13
3058 3
1 3.4639e-14
2 -1.06581e-14
3 -2.51354e-13
3060 3
1 3.15303e-14
2 8.88178e-15
3 -2.6823e-13
3062 3
1 1.64313e-14
2 -1.42109e-14
3 -2.56684e-13
3064 3
1 4.08562e-14
2 7.10543e-15
3 -2.2915e-13
3066 3
1 1.77636e-14
2 -1.33227e-14
3 -2.60236e-13
3068 3
1 6.21725e-14
2 -4.44089e-15
3 -2.54019e-13
3070 3
1 1.33227e-14
2 1.33227e-14
3 -2.93099e-13
3072 3
1 3.06422e-14
2 7.99361e-15
3 -2.56684e-13
3074 3
1 2.22045e-14
2 8.88178e-15
3 -2.54019e-13
3076 3
1 2.88658e-14
2 -8.88178e-16
3 -2.8777e-13
3078 3
1 3.55271e-14
2 -1.5099e-14
3 -2.45137e-13
3080 3
1 3.5083e-14
2 -5.32907e-15
3 -2.32703e-13
3082 3
1 2.13163e-14
2 1.59872e-14
3 -2.51354e-13
3084 3
1 3.15303e-14
2 -7.99361e-15
3 -2.57572e-13
3086 3
1 4.9738e-14
2 6.21725e-14
3 -2.52243e-13
3088 3
1 4.66294e-14
2 -7.99361e-15
3 -2.53131e-13
3090 3
1 1.64313e-14
2 4.70735e-14
3 -2.54019e-13
3092 3
1 3.24185e-14
2 2.39808e-14
3 -2.49578e-13
3094 3
1 1.77636e-15
2 -2.04281e-14
3 -2.52243e-13
3096 3
1 7.10543e-15
2 1.68754e-14
3 -2.89546e-13
3098 3
1 4.13003e-14
2 2.4869e-14
3 -2.56684e-13
3100 3
1 1.24345e-14
2 2.04281e-14
3 -2.66454e-13
3102 3
1 1.95399e-14
2 -3.28626e-14
3 -2.66454e-13
3104 3
1 2.02061e-14
2 -1.77636e-14
3 -2.90434e-13
3106 3
1 2.08722e-14
2 -7.10543e-15
3 -2.71783e-13
3108 3
1 4.86278e-14
2 2.66454e-15
3 -2.50466e-13
3110 3
1 3.08642e-14
2 -8.88178e-16
3 -2.76223e-13
3112 3
1 2.5091e-14
2 1.95399e-14
3 -2.33591e-13
3114 3
1 4.39648e-14
2 -1.86517e-14
3 -2.4869e-13
3116 3
1 3.41949e-14
2 -1.15463e-14
3 -2.77112e-13
3118 3
1 4.37428e-14
2 -1.42109e-14
3 -2.74447e-13
3120 3
1 1.79856e-14
2 2.93099e-14
3 -2.85993e-13
3122 3
1 3.21965e-14
2 -1.68754e-14
3 -2.98428e-13
3124 3
1 2.30926e-14
2 1.15463e-14
3 -2.52243e-13
3126 3
1 2.93099e-14
2 1.06581e-14
3 -2.6823e-13
3128 3
1 2.88658e-14
2 -2.22045e-14
3 -2.80664e-13
3130 3
1 5.41789e-14
2 9.76996e-15
3 -2.79776e-13
3132 3
1 3.10862e-14
2 8.88178e-15
3 -2.64677e-13
3134 3
1 1.37668e-14
2 -4.44089e-15
3 -2.59348e-13
3136 3
1 3.37508e-14
2 -7.10543e-15
3 -2.70006e-13
3138 3
1 1.15463e-14
2 -7.10543e-15
3 -2.53131e-13
3140 3
1 4.75175e-14
2 3.64153e-14
3 -2.84217e-13
3142 3
1 2.04281e-14
2 5.32907e-15
3 -2.60236e-13
3144 3
1 5.32907e-14
2 -1.06581e-14
3 -2.73559e-13
3146 3
1 4.9738e-14
2 -5.32907e-15
3 -2.6823e-13
3148 3
1 3.64153e-14
2 2.22045e-14
3 -2.78e-13
3150 3
1 4.70735e-14
2 -1.86517e-14
3 -2.85993e-13
3152 3
1 4.52971e-14
2 2.66454e-15
3 -2.85105e-13
3154 3
1 5.86198e-14
2 -3.55271e-14
3 -3.02869e-13
3156 3
1 4.17444e-14
2 -2.39808e-14
3 -2.78e-13
3158 3
1 3.90799e-14
2 2.66454e-15
3 -3.00204e-13
3160 3
1 3.73035e-14
2 3.73035e-14
3 -2.96652e-13
3162 3
1 4.04121e-14
2 2.66454e-15
3 -2.59348e-13
3164 3
1 3.77476e-14
2 -1.77636e-15
3 -2.71783e-13
3166 3
1 4.92939e-14
2 1.77636e-15
3 -2.79776e-13
3168 3
1 7.77156e-14
2 4.17444e-14
3 -2.4869e-13
3170 3
1 4.39648e-14
2 -9.76996e-15
3 -2.72671e-13
3172 3
1 3.95239e-14
2 -2.13163e-14
3 -2.63789e-13
3174 3
1 4.75175e-14
2 2.75335e-14
3 -3.01981e-13
3176 3
1 5.55112e-14
2 1.77636e-15
3 -2.84217e-13
3178 3
1 5.63993e-14
2 3.55271e-15
3 -2.81553e-13
3180 3
1 4.75175e-14
2 7.10543e-15
3 -2.8777e-13
3182 3
1 6.17284e-14
2 3.73035e-14
3 -2.86882e-13
3184 3
1 5.63993e-14
2 1.77636e-14
3 -2.84217e-13
3186 3
1 3.4639e-14
2 -1.95399e-14
3 -2.70894e-13
3188 3
1 5.32907e-14
2 2.13163e-14
3 -2.64677e-13
3190 3
1 8.21565e-14
2 7.99361e-15
3 -2.8777e-13
3192 3
1 6.03961e-14
2 -9.76996e-15
3 -2.57572e-13
3194 3
1 5.10703e-14
2 -2.66454e-15
3 -2.78888e-13
3196 3
1 7.72715e-14
2 2.75335e-14
3 -3.03757e-13
3198 3
1 3.4639e-14
2 6.21725e-15
3 -3.21521e-13
3200 3
1 5.55112e-14
2 -3.4639e-14
3 -2.99316e-13
3202 3
1 3.19744e-14
2 1.95399e-14
3 -2.90434e-13
3204 3
1 2.62013e-14
2 -2.57572e-14
3 -2.75335e-13
3206 3
1 1.90958e-14
2 6.21725e-15
3 -2.82441e-13
3208 3
1 5.9508e-14
2 3.55271e-15
3 -2.98428e-13
3210 3
1 5.15143e-14
2 -2.30926e-14
3 -2.72671e-13
3212 3
1 5.81757e-14
2 2.4869e-14
3 -3.12639e-13
3214 3
1 4.44089e-14
2 1.15463e-14
3 -2.95763e-13
3216 3
1 5.28466e-14
2 2.66454e-15
3 -2.77112e-13
3218 3
1 5.28466e-14
2 1.77636e-14
3 -3.03757e-13
3220 3
1 8.57092e-14
2 1.24345e-14
3 -2.8777e-13
3222 3
1 8.65974e-14
2 -1.24345e-14
3 -2.89546e-13
3224 3
1 6.75016e-14
2 2.04281e-14
3 -2.80664e-13
3226 3
1 4.13003e-14
2 3.9968e-14
3 -2.78888e-13
3228 3
1 3.86358e-14
2 7.10543e-15
3 -2.55795e-13
3230 3
1 4.79616e-14
2 3.19744e-14
3 -3.11751e-13
3232 3
1 5.41789e-14
2 -3.55271e-15
3 -3.09974e-13
3234 3
1 8.26006e-14
2 -8.88178e-16
3 -3.01981e-13
3236 3
1 5.01821e-14
2 2.30926e-14
3 -2.80664e-13
3238 3
1 7.01661e-14
2 2.4869e-14
3 -2.76223e-13
3240 3
1 7.10543e-14
2 8.88178e-15
3 -2.64677e-13
3242 3
1 5.68434e-14
2 9.76996e-15
3 -2.78e-13
3244 3
1 4.88498e-14
2 3.37508e-14
3 -2.82441e-13
3246 3
1 5.50671e-14
2 3.01981e-14
3 -2.76223e-13
3248 3
1 7.68274e-14
2 2.4869e-14
3 -2.9754e-13
3250 3
1 5.90639e-14
2 1.68754e-14
3 -2.73559e-13
3252 3
1 3.4639e-14
2 1.24345e-14
3 -2.82441e-13
3254 3
1 3.73035e-14
2 7.10543e-15
3 -2.72671e-13
3256 3
1 5.63993e-14
2 2.39808e-14
3 -3.1708e-13
3258 3
1 1.04361e-13
2 2.93099e-14
3 -2.70006e-13
3260 3
1 9.03722e-14
2 2.66454e-14
3 -3.14415e-13
3262 3
1 5.59552e-14
2 6.21725e-15
3 -2.62901e-13
3264 3
1 9.72555e-14
2 3.01981e-14
3 -2.88658e-13
3266 3
1 5.32907e-14
2 3.4639e-14
3 -3.12639e-13
3268 3
1 7.32747e-14
2 3.90799e-14
3 -2.77112e-13
3270 3
1 5.4623e-14
2 1.15463e-14
3 -2.93099e-13
3272 3
1 7.59393e-14
2 5.41789e-14
3 -2.93099e-13
3274 3
1 5.81757e-14
2 3.19744e-14
3 -3.04645e-13
3276 3
1 4.61853e-14
2 7.99361e-15
3 -3.33955e-13
3278 3
1 3.95239e-14
2 5.86198e-14
3 -2.93987e-13
3280 3
1 6.4837e-14
2 2.75335e-14
3 -3.25073e-13
3282 3
1 7.50511e-14
2 2.84217e-14
3 -2.98428e-13
3284 3
1 4.70735e-14
2 2.30926e-14
3 -3.11751e-13
3286 3
1 8.39329e-14
2 4.52971e-14
3 -3.15303e-13
3288 3
1 6.79456e-14
2 3.55271e-14
3 -2.46025e-13
3290 3
1 7.63833e-14
2 3.01981e-14
3 -2.94875e-13
3292 3
1 7.54952e-14
2 1.86517e-14
3 -3.00204e-13
3294 3
1 4.92939e-14
2 6.21725e-15
3 -2.86882e-13
3296 3
1 7.23865e-14
2 2.39808e-14
3 -2.64677e-13
3298 3
1 7.14984e-14
2 2.4869e-14
3 -2.84217e-13
3300 3
1 8.17124e-14
2 -9.76996e-15
3 -2.86882e-13
3302 3
1 6.12843e-14
2 8.88178e-15
3 -3.30402e-13
3304 3
1 9.81437e-14
2 3.55271e-15
3 -3.25961e-13
3306 3
1 7.72715e-14
2 1.95399e-14
3 -2.94875e-13
3308 3
1 6.75016e-14
2 2.4869e-14
3 -2.78888e-13
3310 3
1 5.9508e-14
2 6.12843e-14
3 -3.16192e-13
3312 3
1 7.99361e-14
2 2.04281e-14
3 -3.04645e-13
3314 3
1 6.57252e-14
2 5.32907e-14
3 -3.21521e-13
3316 3
1 5.86198e-14
2 7.10543e-15
3 -2.91323e-13
3318 3
1 8.26006e-14
2 -7.10543e-15
3 -3.09974e-13
3320 3
1 5.9952e-14
2 2.22045e-14
3 -2.84217e-13
3322 3
1 6.39488e-14
2 1.06581e-14
3 -3.33955e-13
3324 3
1 9.32587e-14
2 3.10862e-14
3 -3.09086e-13
3326 3
1 7.19425e-14
2 3.28626e-14
3 -2.99316e-13
3328 3
1 6.30607e-14
2 4.88498e-14
3 -2.93987e-13
3330 3
1 8.61533e-14
2 3.10862e-14
3 -3.21521e-13
3332 3
1 7.4607e-14
2 2.75335e-14
3 -3.15303e-13
3334 3
1 7.59393e-14
2 2.84217e-14
3 -3.17968e-13
3336 3
1 6.08402e-14
2 -7.10543e-15
3 -3.10862e-13
3338 3
1 5.68434e-14
2 6.21725e-15
3 -3.02869e-13
3340 3
1 9.32587e-14
2 -8.88178e-15
3 -3.606e-13
3342 3
1 5.50671e-14
2 8.88178e-16
3 -2.99316e-13
3344 3
1 7.10543e-14
2 -8.88178e-16
3 -3.2685e-13
3346 3
1 7.32747e-14
2 1.15463e-14
3 -3.18856e-13
3348 3
1 8.08242e-14
2 7.10543e-15
3 -3.11751e-13
3350 3
1 4.24105e-14
2 3.90799e-14
3 -3.32179e-13
3352 3
1 7.28306e-14
2 2.22045e-14
3 -3.41949e-13
3354 3
1 9.14824e-14
2 3.28626e-14
3 -2.83329e-13
3356 3
1 6.52811e-14
2 -2.66454e-15
3 -3.01981e-13
3358 3
1 5.77316e-14
2 1.86517e-14
3 -3.10862e-13
3360 3
1 4.4853e-14
2 4.26326e-14
3 -3.01981e-13
3362 3
1 5.86198e-14
2 -8.88178e-16
3 -3.10862e-13
3364 3
1 5.50671e-14
2 2.66454e-15
3 -3.0731e-13
3366 3
1 6.70575e-14
2 1.95399e-14
3 -2.91323e-13
3368 3
1 5.19584e-14
2 1.06581e-14
3 -3.21521e-13
3370 3
1 2.62013e-14
2 1.24345e-14
3 -3.09086e-13
3372 3
1 6.4837e-14
2 3.73035e-14
3 -3.18856e-13
3374 3
1 6.26166e-14
2 4.70735e-14
3 -3.28626e-13
3376 3
1 4.9738e-14
2 4.35207e-14
3 -2.99316e-13
3378 3
1 7.72715e-14
2 8.88178e-15
3 -3.20632e-13
3380 3
1 7.06102e-14
2 2.13163e-14
3 -3.52607e-13
3382 3
1 4.52971e-14
2 -1.24345e-14
3 -3.02869e-13
3384 3
1 9.14824e-14
2 3.10862e-14
3 -2.98428e-13
3386 3
1 4.84057e-14
2 4.61853e-14
3 -3.33067e-13
3388 3
1 9.4591e-14
2 7.10543e-15
3 -3.53495e-13
3390 3
1 4.35207e-14
2 4.79616e-14
3 -3.21521e-13
3392 3
1 5.19584e-14
2 2.57572e-14
3 -3.19744e-13
3394 3
1 6.88338e-14
2 3.55271e-14
3 -3.09974e-13
3396 3
1 6.83897e-14
2 3.90799e-14
3 -3.11751e-13
3398 3
1 6.21725e-14
2 1.42109e-14
3 -3.34843e-13
3400 3
1 5.72875e-14
2 4.79616e-14
3 -3.18856e-13
3402 3
1 6.21725e-14
2 2.30926e-14
3 -3.00204e-13
3404 3
1 2.84217e-14
2 0
3 -3.24185e-13
3406 3
1 3.86358e-14
2 3.81917e-14
3 -3.22409e-13
3408 3
1 7.10543e-14
2 3.73035e-14
3 -3.4639e-13
3410 3
1 4.04121e-14
2 4.17444e-14
3 -3.33067e-13
3412 3
1 5.06262e-14
2 2.22045e-14
3 -3.6593e-13
3414 3
1 3.37508e-14
2 -3.4639e-14
3 -3.3662e-13
3416 3
1 4.66294e-14
2 -1.5099e-14
3 -3.28626e-13
3418 3
1 6.03961e-14
2 3.55271e-15
3 -3.20632e-13
3420 3
1 5.15143e-14
2 2.84217e-14
3 -3.22409e-13
3422 3
1 6.79456e-14
2 7.10543e-15
3 -3.15303e-13
3424 3
1 6.75016e-14
2 1.5099e-14
3 -3.29514e-13
3426 3
1 4.84057e-14
2 8.88178e-16
3 -3.47278e-13
3428 3
1 5.77316e-14
2 4.44089e-15
3 -3.14415e-13
3430 3
1 4.21885e-14
2 4.70735e-14
3 -3.30402e-13
3432 3
1 3.95239e-14
2 7.10543e-15
3 -3.10862e-13
3434 3
1 5.72875e-14
2 1.06581e-14
3 -3.05533e-13
3436 3
1 3.24185e-14
2 1.5099e-14
3 -3.32179e-13
3438 3
1 5.41789e-14
2 2.66454e-15
3 -3.12639e-13
3440 3
1 7.06102e-14
2 1.59872e-14
3 -3.34843e-13
3442 3
1 6.17284e-14
2 2.30926e-14
3 -3.5616e-13
3444 3
1 6.88338e-14
2 -1.68754e-14
3 -3.39284e-13
3446 3
1 6.79456e-14
2 1.5099e-14
3 -3.55271e-13
3448 3
1 4.84057e-14
2 0
3 -3.25961e-13
3450 3
1 5.81757e-14
2 -8.88178e-16
3 -3.57048e-13
3452 3
1 6.9722e-14
2 3.4639e-14
3 -3.48166e-13
3454 3
1 8.17124e-14
2 2.4869e-14
3 -3.38396e-13
3456 3
1 6.4837e-14
2 4.70735e-14
3 -3.35731e-13
3458 3
1 3.01981e-14
2 -1.33227e-14
3 -3.25961e-13
3460 3
1 6.57252e-14
2 -1.68754e-14
3 -3.51719e-13
3462 3
1 7.68274e-14
2 2.39808e-14
3 -3.15303e-13
3464 3
1 7.72715e-14
2 -5.32907e-15
3 -3.1708e-13
3466 3
1 4.61853e-14
2 4.35207e-14
3 -3.14415e-13
3468 3
1 5.9952e-14
2 1.06581e-14
3 -3.16192e-13
3470 3
1 3.68594e-14
2 2.39808e-14
3 -3.49942e-13
3472 3
1 8.34888e-14
2 -3.55271e-15
3 -3.35731e-13
3474 3
1 2.9754e-14
2 1.42109e-14
3 -3.4639e-13
3476 3
1 6.79456e-14
2 2.39808e-14
3 -3.62377e-13
3478 3
1 7.81597e-14
2 5.32907e-15
3 -3.49054e-13
3480 3
1 5.9508e-14
2 5.68434e-14
3 -3.54383e-13
3482 3
1 2.88658e-14
2 -1.86517e-14
3 -3.38396e-13
3484 3
1 5.10703e-14
2 4.44089e-15
3 -3.48166e-13
3486 3
1 4.92939e-14
2 1.77636e-14
3 -3.47278e-13
3488 3
1 6.39488e-14
2 3.64153e-14
3 -3.49054e-13
3490 3
1 4.84057e-14
2 1.59872e-14
3 -3.19744e-13
3492 3
1 5.50671e-14
2 2.84217e-14
3 -3.34843e-13
3494 3
1 3.64153e-14
2 3.81917e-14
3 -3.3662e-13
3496 3
1 6.70575e-14
2 1.59872e-14
3 -3.35731e-13
3498 3
1 5.41789e-14
2 1.77636e-15
3 -3.25073e-13
3500 3
1 4.88498e-14
2 3.90799e-14
3 -3.12639e-13
3502 3
1 5.63993e-14
2 2.84217e-14
3 -3.20632e-13
3504 3
1 5.68434e-14
2 1.42109e-14
3 -3.02869e-13
3506 3
1 7.81597e-14
2 -1.68754e-14
3 -3.39284e-13
3508 3
1 5.59552e-14
2 3.90799e-14
3 -3.24185e-13
3510 3
1 6.83897e-14
2 1.33227e-14
3 -3.44613e-13
3512 3
1 6.61693e-14
2 3.37508e-14
3 -3.42837e-13
3514 3
1 5.59552e-14
2 4.35207e-14
3 -3.24185e-13
3516 3
1 7.28306e-14
2 -1.33227e-14
3 -3.42837e-13
3518 3
1 6.30607e-14
2 4.26326e-14
3 -3.53495e-13
3520 3
1 4.70735e-14
2 6.30607e-14
3 -3.62377e-13
3522 3
1 4.26326e-14
2 8.88178e-15
3 -3.4639e-13
3524 3
1 6.30607e-14
2 2.84217e-14
3 -3.73923e-13
3526 3
1 9.50351e-14
2 3.19744e-14
3 -3.85469e-13
3528 3
1 4.30767e-14
2 1.77636e-14
3 -3.73035e-13
3530 3
1 7.63833e-14
2 4.79616e-14
3 -3.61489e-13
3532 3
1 8.74856e-14
2 2.13163e-14
3 -3.55271e-13
3534 3
1 8.17124e-14
2 1.68754e-14
3 -3.66818e-13
3536 3
1 8.08242e-14
2 3.64153e-14
3 -3.31291e-13
3538 3
1 5.9508e-14
2 4.35207e-14
3 -3.84581e-13
3540 3
1 1.13687e-13
2 2.22045e-14
3 -3.39284e-13
3542 3
1 7.01661e-14
2 5.06262e-14
3 -3.48166e-13
3544 3
1 5.81757e-14
2 1.95399e-14
3 -3.55271e-13
3546 3
1 7.81597e-14
2 4.52971e-14
3 -3.57048e-13
3548 3
1 7.4607e-14
2 2.13163e-14
3 -3.42837e-13
3550 3
1 7.10543e-14
2 5.06262e-14
3 -3.65041e-13
3552 3
1 7.19425e-14
2 3.9968e-14
3 -3.47278e-13
3554 3
1 6.39488e-14
2 2.84217e-14
3 -3.20632e-13
3556 3
1 6.43929e-14
2 2.75335e-14
3 -3.66818e-13
3558 3
1 1.00364e-13
2 4.08562e-14
3 -3.51719e-13
3560 3
1 5.81757e-14
2 3.9968e-14
3 -3.53495e-13
3562 3
1 7.77156e-14
2 4.35207e-14
3 -3.19744e-13
3564 3
1 6.21725e-14
2 3.37508e-14
3 -3.62377e-13
3566 3
1 7.01661e-14
2 4.35207e-14
3 -3.29514e-13
3568 3
1 5.01821e-14
2 9.76996e-15
3 -3.25073e-13
3570 3
1 4.61853e-14
2 2.4869e-14
3 -3.44613e-13
3572 3
1 6.30607e-14
2 4.79616e-14
3 -3.43725e-13
3574 3
1 1.28786e-14
2 4.79616e-14
3 -3.54383e-13
3576 3
1 5.77316e-14
2 2.04281e-14
3 -3.52607e-13
3578 3
1 2.57572e-14
2 2.39808e-14
3 -3.90799e-13
3580 3
1 6.39488e-14
2 3.90799e-14
3 -3.2685e-13
3582 3
1 8.61533e-14
2 5.59552e-14
3 -3.90799e-13
3584 3
1 2.66454e-14
2 4.52971e-14
3 -3.63265e-13
3586 3
1 5.15143e-14
2 3.90799e-14
3 -3.69482e-13
3588 3
1 5.81757e-14
2 3.01981e-14
3 -3.71259e-13
3590 3
1 6.39488e-14
2 3.90799e-14
3 -3.91687e-13
3592 3
1 4.88498e-14
2 2.75335e-14
3 -3.42837e-13
3594 3
1 5.68434e-14
2 3.81917e-14
3 -3.606e-13
3596 3
1 6.26166e-14
2 4.61853e-14
3 -3.606e-13
3598 3
1 4.30767e-14
2 1.06581e-14
3 -3.33955e-13
3600 3
1 6.57252e-14
2 5.32907e-14
3 -3.89022e-13
3602 3
1 5.24025e-14
2 4.17444e-14
3 -3.18856e-13
3604 3
1 4.79616e-14
2 6.92779e-14
3 -3.57048e-13
3606 3
1 4.44089e-14
2 6.57252e-14
3 -3.24185e-13
3608 3
1 5.55112e-14
2 3.4639e-14
3 -3.09086e-13
3610 3
1 6.88338e-14
2 2.57572e-14
3 -3.606e-13
3612 3
1 5.37348e-14
2 6.03961e-14
3 -3.68594e-13
3614 3
1 4.17444e-14
2 -7.99361e-15
3 -3.94351e-13
3616 3
1 5.24025e-14
2 3.9968e-14
3 -3.55271e-13
3618 3
1 5.15143e-14
2 8.08242e-14
3 -3.21521e-13
3620 3
1 3.90799e-14
2 6.75016e-14
3 -3.52607e-13
3622 3
1 6.12843e-14
2 2.4869e-14
3 -3.44613e-13
3624 3
1 6.83897e-14
2 2.93099e-14
3 -3.55271e-13
3626 3
1 4.57412e-14
2 9.9476e-14
3 -3.71259e-13
3628 3
1 5.63993e-14
2 1.59872e-14
3 -3.53495e-13
3630 3
1 3.55271e-14
2 3.73035e-14
3 -3.59712e-13
3632 3
1 5.86198e-14
2 6.75016e-14
3 -3.76588e-13
3634 3
1 1.64313e-14
2 3.64153e-14
3 -3.83693e-13
3636 3
1 4.9738e-14
2 2.22045e-14
3 -3.51719e-13
3638 3
1 5.15143e-14
2 7.54952e-14
3 -3.76588e-13
3640 3
1 5.50671e-14
2 2.57572e-14
3 -3.78364e-13
3642 3
1 6.17284e-14
2 3.37508e-14
3 -3.4639e-13
3644 3
1 6.30607e-14
2 3.9968e-14
3 -3.78364e-13
3646 3
1 5.4623e-14
2 2.30926e-14
3 -3.75699e-13
3648 3
1 5.72875e-14
2 4.26326e-14
3 -3.45501e-13
3650 3
1 3.41949e-14
2 5.41789e-14
3 -3.93463e-13
3652 3
1 8.70415e-14
2 4.79616e-14
3 -4.16556e-13
3654 3
1 6.26166e-14
2 6.75016e-14
3 -3.5616e-13
3656 3
1 1.05693e-13
2 8.88178e-14
3 -3.73923e-13
3658 3
1 5.72875e-14
2 8.17124e-14
3 -3.8014e-13
3660 3
1 3.37508e-14
2 5.86198e-14
3 -3.49942e-13
3662 3
1 5.19584e-14
2 5.59552e-14
3 -3.7037e-13
3664 3
1 8.39329e-14
2 6.75016e-14
3 -3.65041e-13
3666 3
1 6.88338e-14
2 2.57572e-14
3 -3.73035e-13
3668 3
1 3.64153e-14
2 7.01661e-14
3 -3.92575e-13
3670 3
1 5.55112e-14
2 3.90799e-14
3 -3.97016e-13
3672 3
1 6.66134e-14
2 4.44089e-14
3 -3.87246e-13
3674 3
1 2.53131e-14
2 4.79616e-14
3 -3.62377e-13
3676 3
1 3.01981e-14
2 3.64153e-14
3 -4.00568e-13
3678 3
1 6.26166e-14
2 4.70735e-14
3 -3.78364e-13
3680 3
1 7.19425e-14
2 4.44089e-14
3 -3.73035e-13
3682 3
1 4.79616e-14
2 7.63833e-14
3 -3.68594e-13
3684 3
1 6.66134e-14
2 4.52971e-14
3 -3.62377e-13
3686 3
1 6.43929e-14
2 2.39808e-14
3 -3.49942e-13
3688 3
1 5.68434e-14
2 1.24345e-14
3 -3.5616e-13
3690 3
1 5.81757e-14
2 4.44089e-14
3 -3.66818e-13
3692 3
1 3.06422e-14
2 3.19744e-14
3 -3.84581e-13
3694 3
1 2.57572e-14
2 2.4869e-14
3 -3.4639e-13
3696 3
1 7.14984e-14
2 2.66454e-14
3 -3.79252e-13
3698 3
1 6.26166e-14
2 3.55271e-14
3 -3.88134e-13
3700 3
1 7.10543e-14
2 3.90799e-14
3 -3.9968e-13
3702 3
1 5.72875e-14
2 5.86198e-14
3 -3.606e-13
3704 3
1 5.32907e-14
2 6.21725e-15
3 -3.47278e-13
3706 3
1 4.52971e-14
2 1.86517e-14
3 -3.78364e-13
3708 3
1 6.61693e-14
2 5.24025e-14
3 -3.64153e-13
3710 3
1 4.70735e-14
2 2.30926e-14
3 -3.85469e-13
3712 3
1 5.06262e-14
2 1.86517e-14
3 -3.42837e-13
3714 3
1 6.17284e-14
2 4.79616e-14
3 -3.47278e-13
3716 3
1 4.92939e-14
2 3.81917e-14
3 -3.85469e-13
3718 3
1 6.57252e-14
2 2.57572e-14
3 -3.58824e-13
3720 3
1 2.22045e-14
2 1.86517e-14
3 -3.44613e-13
3722 3
1 5.77316e-14
2 -1.33227e-14
3 -3.98792e-13
3724 3
1 7.19425e-14
2 1.15463e-14
3 -3.83693e-13
3726 3
1 4.44089e-15
2 1.77636e-15
3 -3.92575e-13
3728 3
1 6.92779e-14
2 2.66454e-14
3 -3.74811e-13
3730 3
1 6.75016e-14
2 -1.77636e-15
3 -3.92575e-13
3732 3
1 6.88338e-14
2 4.44089e-15
3 -3.74811e-13
3734 3
1 6.39488e-14
2 8.88178e-15
3 -3.83693e-13
3736 3
1 4.9738e-14
2 4.44089e-14
3 -4.17444e-13
3738 3
1 3.73035e-14
2 4.70735e-14
3 -3.83693e-13
3740 3
1 8.17124e-14
2 3.10862e-14
3 -3.82805e-13
3742 3
1 7.37188e-14
2 2.22045e-14
3 -4.10338e-13
3744 3
1 7.32747e-14
2 1.15463e-14
3 -3.75699e-13
3746 3
1 7.28306e-14
2 3.55271e-15
3 -3.49054e-13
3748 3
1 5.41789e-14
2 2.66454e-14
3 -3.78364e-13
3750 3
1 6.03961e-14
2 4.08562e-14
3 -3.8014e-13
3752 3
1 8.03801e-14
2 8.88178e-16
3 -3.77476e-13
3754 3
1 1.00364e-13
2 1.59872e-14
3 -3.62377e-13
3756 3
1 4.52971e-14
2 1.15463e-14
3 -3.89022e-13
3758 3
1 9.37028e-14
2 5.68434e-14
3 -3.98792e-13
3760 3
1 5.72875e-14
2 -1.77636e-15
3 -3.83693e-13
3762 3
1 4.4853e-14
2 3.01981e-14
3 -3.90799e-13
3764 3
1 7.06102e-14
2 4.26326e-14
3 -3.54383e-13
3766 3
1 8.39329e-14
2 3.81917e-14
3 -3.92575e-13
3768 3
1 8.88178e-14
2 2.04281e-14
3 -3.81917e-13
3770 3
1 7.59393e-14
2 2.39808e-14
3 -3.20632e-13
3772 3
1 8.79297e-14
2 6.12843e-14
3 -3.6593e-13
3774 3
1 8.4821e-14
2 4.70735e-14
3 -3.94351e-13
3776 3
1 6.39488e-14
2 2.75335e-14
3 -3.8014e-13
3778 3
1 9.76996e-14
2 3.55271e-14
3 -3.94351e-13
3780 3
1 3.73035e-14
2 -1.59872e-14
3 -3.76588e-13
3782 3
1 9.05942e-14
2 2.93099e-14
3 -3.96128e-13
3784 3
1 6.88338e-14
2 0
3 -3.90799e-13
3786 3
1 7.59393e-14
2 -1.5099e-14
3 -4.01457e-13
3788 3
1 7.54952e-14
2 3.28626e-14
3 -3.85469e-13
3790 3
1 1.23901e-13
2 -8.88178e-15
3 -3.74811e-13
3792 3
1 7.90479e-14
2 3.90799e-14
3 -3.7037e-13
3794 3
1 8.17124e-14
2 4.08562e-14
3 -3.74811e-13
3796 3
1 1.1191e-13
2 7.99361e-15
3 -3.81917e-13
3798 3
1 9.23706e-14
2 4.44089e-14
3 -3.90799e-13
3800 3
1 1.00364e-13
2 3.28626e-14
3 -3.74811e-13
3802 3
1 6.30607e-14
2 1.24345e-14
3 -3.81917e-13
3804 3
1 6.30607e-14
2 1.68754e-14
3 -3.42837e-13
