# Time-averaged data for fix write_all_momentum
# TimeStep Number-of-rows
# Row c_all_momentum[*]
0 3
1 7.10543e-15
2 3.55271e-15
3 1.06581e-14
50 3
1 0.0111699
2 -0.00119644
3 -0.0115759
100 3
1 0.0456252
2 0.00426674
3 -0.0539012
150 3
1 0.0477114
2 0.00781866
3 -0.0555769
200 3
1 0.0150859
2 0.00567421
3 -0.0219489
250 3
1 -0.00161385
2 -0.000580489
3 6.5499e-05
300 3
1 0.00594193
2 -0.00209043
3 -0.00814481
350 3
1 0.043067
2 0.00319157
3 -0.0522001
400 3
1 0.046869
2 0.0070536
3 -0.0560075
450 3
1 0.0193103
2 0.00562015
3 -0.0277456
500 3
1 -0.000841223
2 -0.000761277
3 -0.0010803
550 3
1 0.00387424
2 -0.00246498
3 -0.00658795
600 3
1 0.0425941
2 0.00298411
3 -0.0506904
650 3
1 0.0479808
2 0.00723656
3 -0.0570543
700 3
1 0.0245315
2 0.00655804
3 -0.0330171
750 3
1 -9.451e-05
2 0.000134118
3 -0.00138747
800 3
1 0.00230702
2 -0.00163692
3 -0.00491813
850 3
1 0.0415573
2 0.00296273
3 -0.0483014
900 3
1 0.0492674
2 0.00742905
3 -0.0579283
950 3
1 0.0307861
2 0.00696199
3 -0.0386894
1000 3
1 0.00291288
2 0.000631941
3 -0.00285493
1050 3
1 0.00367486
2 -0.0014376
3 -0.00465944
1100 3
1 0.0421112
2 0.00257875
3 -0.0454206
1150 3
1 0.0531613
2 0.00738332
3 -0.0585639
1200 3
1 0.0389963
2 0.0070525
3 -0.043164
1250 3
1 0.00645363
2 0.000410967
3 -0.00258775
1300 3
1 0.00383252
2 -0.00132742
3 -0.00284522
1350 3
1 0.0357313
2 0.00280371
3 -0.0407891
1400 3
1 0.0460692
2 0.0101527
3 -0.0592959
1450 3
1 0.0335893
2 0.01152
3 -0.0484258
1500 3
1 0.000924553
2 0.00414998
3 -0.0053307
1550 3
1 0.00439371
2 -0.00260422
3 -0.00182998
1600 3
1 0.042542
2 -0.00426164
3 -0.0331074
1650 3
1 0.062026
2 0.000889428
3 -0.0548413
1700 3
1 0.0517932
2 0.00365715
3 -0.047511
1750 3
1 0.00800016
2 0.00237781
3 -0.005364
1800 3
1 -0.00261443
2 0.00271443
3 -0.00332915
1850 3
1 0.0226284
2 0.00395052
3 -0.0321965
1900 3
1 0.0450517
2 0.00858172
3 -0.0585615
1950 3
1 0.0438406
2 0.00713507
3 -0.0517274
2000 3
1 0.00991798
2 -0.00201199
3 -0.0058802
2050 3
1 0.00624831
2 -0.00910024
3 0.00160851
2100 3
1 0.0289832
2 -0.00981306
3 -0.0219594
2150 3
1 0.0516411
2 -0.000724728
3 -0.054452
2200 3
1 0.0430981
2 0.00857375
3 -0.0537425
2250 3
1 -0.00404683
2 0.0151169
3 -0.0148977
2300 3
1 -0.0168006
2 0.0150688
3 -0.00728904
2350 3
1 0.00563595
2 0.00921339
3 -0.0253309
2400 3
1 0.0462728
2 0.00394642
3 -0.05705
2450 3
1 0.054395
2 -0.00193219
3 -0.0527936
2500 3
1 0.0204656
2 -0.00639386
3 -0.0111975
2550 3
1 0.00760908
2 -0.0095701
3 0.00072466
2600 3
1 0.0170336
2 -0.00580397
3 -0.0160765
2650 3
1 0.0442399
2 0.00672107
3 -0.0571043
2700 3
1 0.0423563
2 0.0123546
3 -0.0583808
2750 3
1 0.0080766
2 0.0113163
3 -0.0211863
2800 3
1 -0.00173196
2 0.002889
3 -0.00256921
2850 3
1 0.0197066
2 -0.00391758
3 -0.0089786
2900 3
1 0.0634613
2 5.52939e-05
3 -0.0478024
2950 3
1 0.0661309
2 0.00354671
3 -0.0496032
3000 3
1 0.0278392
2 0.00512774
3 -0.0199514
3050 3
1 0.000814227
2 0.00159259
3 -0.001854
3100 3
1 0.00280324
2 0.0014974
3 -0.0112009
3150 3
1 0.0384648
2 0.00804179
3 -0.0557062
3200 3
1 0.0446117
2 0.0111007
3 -0.0589049
3250 3
1 0.0209112
2 0.00822681
3 -0.029209
3300 3
1 0.00366589
2 -0.000977767
3 0.000434167
3350 3
1 0.0117717
2 -0.00486096
3 -0.00243152
3400 3
1 0.0514611
2 0.000329556
3 -0.0453073
3450 3
1 0.0541226
2 0.00588962
3 -0.0536492
3500 3
1 0.0208375
2 0.0099926
3 -0.0366038
3550 3
1 -0.0137792
2 0.00605829
3 -0.00891479
3600 3
1 -0.014598
2 0.00426772
3 -0.0131407
3650 3
1 0.0292944
2 0.00779295
3 -0.0522499
3700 3
1 0.0491357
2 0.0101088
3 -0.0547956
3750 3
1 0.0408189
2 0.0100431
3 -0.0300819
3800 3
1 0.0144256
2 0.00189389
3 0.00986988
3850 3
1 0.0108346
2 -0.000486714
3 0.00659269
3900 3
1 0.0398437
2 0.00265339
3 -0.0396188
3950 3
1 0.0452914
2 0.00894051
3 -0.0579118
4000 3
1 0.0292507
2 0.0116294
3 -0.0457795
4050 3
1 -0.00295466
2 0.00408284
3 -0.00348395
4100 3
1 -0.00321933
2 0.000481849
3 -0.00221566
4150 3
1 0.0305656
2 0.000451488
3 -0.0390825
4200 3
1 0.0462747
2 0.00560579
3 -0.0582273
4250 3
1 0.0375597
2 0.00807723
3 -0.0479725
4300 3
1 0.00184145
2 0.00206907
3 -0.00301715
4350 3
1 -0.00361108
2 -0.000249535
3 -0.00113226
4400 3
1 0.0195169
2 0.0026843
3 -0.0355934
4450 3
1 0.0323005
2 0.0120042
3 -0.0617446
4500 3
1 0.0247128
2 0.0162392
3 -0.0554636
4550 3
1 -0.00858368
2 0.00863552
3 -0.00793569
4600 3
1 -0.0059537
2 0.000407945
3 -0.000618034
4650 3
1 0.0264101
2 -0.00441212
3 -0.0257473
4700 3
1 0.0516795
2 0.00229613
3 -0.0553976
4750 3
1 0.0457636
2 0.00773103
3 -0.052417
4800 3
1 -0.000953952
2 0.00927216
3 -0.0102817
4850 3
1 -0.0209591
2 0.0109049
3 -0.00643613
4900 3
1 -0.00485442
2 0.00949831
3 -0.0291811
4950 3
1 0.0252896
2 0.0145902
3 -0.0630456
5000 3
1 0.0322158
2 0.0146713
3 -0.058659
5050 3
1 0.00429556
2 0.00926583
3 -0.014334
5100 3
1 -0.00155636
2 0.00251972
3 -0.00211008
5150 3
1 0.0147358
2 -0.00172847
3 -0.0185587
5200 3
1 0.0410145
2 0.00583136
3 -0.0583061
5250 3
1 0.0386544
2 0.0105187
3 -0.0588858
5300 3
1 0.00169877
2 0.0108552
3 -0.0210121
5350 3
1 -0.0153672
2 0.00751813
3 -0.00717634
5400 3
1 -0.00987588
2 0.00642197
3 -0.0213453
5450 3
1 0.0198446
2 0.014281
3 -0.0632438
5500 3
1 0.0303436
2 0.0143223
3 -0.0606198
5550 3
1 0.0141954
2 0.00872344
3 -0.0201955
5600 3
1 0.00865133
2 -0.000902375
3 0.00406845
5650 3
1 0.0178029
2 -0.00503504
3 -0.00410281
5700 3
1 0.0452219
2 0.00425125
3 -0.0503687
5750 3
1 0.0382914
2 0.0108628
3 -0.0589778
5800 3
1 0.00263328
2 0.0145456
3 -0.0340708
5850 3
1 -0.0163601
2 0.00751746
3 -0.0091735
5900 3
1 -0.0072211
2 0.00240534
3 -0.0121355
5950 3
1 0.0316521
2 0.0075881
3 -0.0514111
6000 3
1 0.0388742
2 0.0110067
3 -0.0549032
6050 3
1 0.0148546
2 0.0132719
3 -0.029999
6100 3
1 -0.00534251
2 0.00378897
3 0.000857456
6150 3
1 -0.00235456
2 -0.000600582
3 -0.00310025
6200 3
1 0.0318063
2 0.00328491
3 -0.0461779
6250 3
1 0.0364986
2 0.00888369
3 -0.0564419
6300 3
1 0.0151708
2 0.0135758
3 -0.0379492
6350 3
1 -0.00863443
2 0.00381296
3 -0.00265067
6400 3
1 -0.00534666
2 -0.00197402
3 -0.00223074
6450 3
1 0.0331536
2 -0.00203878
3 -0.0381089
6500 3
1 0.0449347
2 0.00144432
3 -0.0476396
6550 3
1 0.0300697
2 0.00675611
3 -0.0318971
6600 3
1 9.72368e-05
2 -0.000314138
3 0.00409739
6650 3
1 -0.00829144
2 0.000607138
3 -0.00138856
6700 3
1 0.0159077
2 0.00664606
3 -0.0440601
6750 3
1 0.0212901
2 0.0167475
3 -0.0645779
6800 3
1 0.011204
2 0.0204747
3 -0.0521363
6850 3
1 -0.00902681
2 0.00204101
3 -0.00388973
6900 3
1 -0.000211693
2 -0.0116523
3 0.00517485
6950 3
1 0.0329768
2 -0.0163424
3 -0.0252864
7000 3
1 0.0431494
2 -0.00449778
3 -0.0498926
7050 3
1 0.0294845
2 0.00712744
3 -0.0458015
7100 3
1 -0.00740956
2 0.00429044
3 -0.00645075
7150 3
1 -0.0121066
2 0.00359541
3 -0.00459729
7200 3
1 0.0147245
2 0.000808435
3 -0.0326798
7250 3
1 0.0309719
2 0.00945671
3 -0.0587278
7300 3
1 0.026023
2 0.0106148
3 -0.0504522
7350 3
1 -0.00558651
2 -0.00304557
3 -0.0018197
7400 3
1 -0.00591489
2 -0.0167846
3 0.0110584
7450 3
1 0.0197961
2 -0.0234464
3 -0.0104423
7500 3
1 0.0368587
2 -0.00732686
3 -0.0473586
7550 3
1 0.0282263
2 0.00544602
3 -0.0523497
7600 3
1 -0.00846751
2 0.00464877
3 -0.0137759
7650 3
1 -0.0142898
2 -0.000721765
3 -0.00408772
7700 3
1 0.0073309
2 -0.00716424
3 -0.0210528
7750 3
1 0.0326283
2 0.00283237
3 -0.0549133
7800 3
1 0.0319866
2 0.00778721
3 -0.0512938
7850 3
1 -0.00319498
2 0.00703085
3 -0.012022
7900 3
1 -0.0113247
2 0.000466099
3 0.000435168
7950 3
1 0.00476048
2 -0.00711695
3 -0.0179125
8000 3
1 0.0318179
2 0.00191141
3 -0.0635596
8050 3
1 0.032063
2 0.00630978
3 -0.0668756
8100 3
1 -0.000755445
2 0.0078623
3 -0.0296528
8150 3
1 -0.0109128
2 0.000386774
3 -0.00670377
8200 3
1 0.00179653
2 -0.00640929
3 -0.0140591
8250 3
1 0.0315205
2 0.00205867
3 -0.0556613
8300 3
1 0.0329856
2 0.00632152
3 -0.0583644
8350 3
1 0.00182218
2 0.0090541
3 -0.0284593
8400 3
1 -0.0124285
2 0.000266943
3 -0.00688285
8450 3
1 -0.00411476
2 -0.00611045
3 -0.0149985
8500 3
1 0.0284067
2 0.00170986
3 -0.0583005
8550 3
1 0.0319129
2 0.00650965
3 -0.0626866
8600 3
1 0.00809035
2 0.0130334
3 -0.0362745
8650 3
1 -0.00363359
2 0.00659549
3 -0.0088914
8700 3
1 0.0049069
2 0.00260454
3 -0.0136676
8750 3
1 0.0374693
2 0.00711837
3 -0.0550801
8800 3
1 0.0352851
2 0.00775082
3 -0.0615563
8850 3
1 0.00517091
2 0.00917213
3 -0.0395658
8900 3
1 -0.0176851
2 -0.0018822
3 -0.00657333
8950 3
1 -0.0131183
2 -0.00612047
3 -0.00889836
9000 3
1 0.0239077
2 -0.000722109
3 -0.048896
9050 3
1 0.0321946
2 0.00655231
3 -0.0594404
9100 3
1 0.0132934
2 0.0129128
3 -0.0428791
9150 3
1 -0.0114091
2 0.00318625
3 -0.00562211
9200 3
1 -0.0108904
2 -0.0020746
3 -0.00685121
9250 3
1 0.0205692
2 -0.00317542
3 -0.0463829
9300 3
1 0.0252575
2 -0.000756566
3 -0.0649747
9350 3
1 0.00872941
2 0.00422463
3 -0.054086
9400 3
1 -0.0179792
2 -0.00315604
3 -0.0132026
9450 3
1 -0.016646
2 -0.00477424
3 -0.0109921
9500 3
1 0.0178167
2 -0.00417915
3 -0.0443249
9550 3
1 0.0298834
2 0.00401098
3 -0.0640978
9600 3
1 0.0184952
2 0.00982824
3 -0.0557443
9650 3
1 -0.0136282
2 0.00136812
3 -0.0138244
9700 3
1 -0.0168524
2 -0.00348057
3 -0.0101391
9750 3
1 0.0109151
2 -0.00642839
3 -0.0380201
9800 3
1 0.0248864
2 0.00135209
3 -0.0611785
9850 3
1 0.0162246
2 0.00669409
3 -0.054999
9900 3
1 -0.0164648
2 0.000813588
3 -0.0150723
9950 3
1 -0.0176676
2 -0.00165496
3 -0.0147178
10000 3
1 0.00886169
2 -0.00540718
3 -0.0416061
10050 3
1 0.0284772
2 0.00322389
3 -0.0708403
10100 3
1 0.0225972
2 0.00818451
3 -0.0650475
10150 3
1 -0.0122608
2 0.00241546
3 -0.0209863
10200 3
1 -0.0180437
2 -0.00174482
3 -0.0113868
10250 3
1 0.00406429
2 -0.00723797
3 -0.0309353
10300 3
1 0.0268903
2 0.00147492
3 -0.0656036
10350 3
1 0.0239231
2 0.00535058
3 -0.064854
10400 3
1 -0.0103583
2 0.00123674
3 -0.0259236
10450 3
1 -0.0177274
2 -0.0041203
3 -0.0145423
10500 3
1 0.00119444
2 -0.00969677
3 -0.0297187
10550 3
1 0.028147
2 9.25721e-05
3 -0.0671913
10600 3
1 0.0272566
2 0.00429026
3 -0.0662799
10650 3
1 -0.00607201
2 0.00287507
3 -0.0293959
10700 3
1 -0.0161929
2 -0.00353791
3 -0.0133158
10750 3
1 -0.00167237
2 -0.00953317
3 -0.0248786
10800 3
1 0.0279473
2 -0.0004948
3 -0.0653929
10850 3
1 0.0294334
2 0.00299597
3 -0.0664932
10900 3
1 -0.00193457
2 0.00267684
3 -0.0332367
10950 3
1 -0.014725
2 -0.00560998
3 -0.0126534
11000 3
1 -0.00412361
2 -0.0118854
3 -0.0210205
11050 3
1 0.0270623
2 -0.00393446
3 -0.0622709
11100 3
1 0.0294044
2 0.000380762
3 -0.0649625
11150 3
1 0.000220649
2 0.0034973
3 -0.0354137
11200 3
1 -0.0165033
2 -0.00379504
3 -0.00945977
11250 3
1 -0.0100069
2 -0.00834179
3 -0.0153086
11300 3
1 0.0234739
2 -0.00213901
3 -0.0573948
11350 3
1 0.0290371
2 -0.00155537
3 -0.063184
11400 3
1 0.00610479
2 -0.0036222
3 -0.0397684
11450 3
1 -0.0116663
2 -0.0177694
3 -0.0101734
11500 3
1 -0.00781686
2 -0.0232619
3 -0.01437
11550 3
1 0.0242074
2 -0.0118364
3 -0.0553472
11600 3
1 0.0272207
2 0.00377464
3 -0.062422
11650 3
1 0.00480578
2 0.0158823
3 -0.0421042
11700 3
1 -0.0185232
2 0.00449743
3 -0.00806669
11750 3
1 -0.0164835
2 -0.00805541
3 -0.0110346
11800 3
1 0.0173808
2 -0.0137868
3 -0.0513042
11850 3
1 0.025546
2 -0.0124288
3 -0.0640059
11900 3
1 0.00981139
2 -0.00650762
3 -0.0490389
11950 3
1 -0.0163848
2 -0.0156754
3 -0.0113678
12000 3
1 -0.0169281
2 -0.0169079
3 -0.0118376
12050 3
1 0.0149594
2 -0.0125127
3 -0.0484891
12100 3
1 0.0254443
2 -0.00264255
3 -0.0652706
12150 3
1 0.0136217
2 0.00484032
3 -0.0536105
12200 3
1 -0.0162925
2 -0.00863393
3 -0.0116404
12250 3
1 -0.0191193
2 -0.020955
3 -0.00884562
12300 3
1 0.00918258
2 -0.0294992
3 -0.0401397
12350 3
1 0.02199
2 -0.0219069
3 -0.0613403
12400 3
1 0.0141971
2 -0.00925703
3 -0.0546717
12450 3
1 -0.0157511
2 -0.00994508
3 -0.0145626
12500 3
1 -0.0175238
2 -0.00850997
3 -0.0128956
12550 3
1 0.00927233
2 -0.0110972
3 -0.0421675
12600 3
1 0.0244913
2 -0.00254052
3 -0.0681498
12650 3
1 0.0170628
2 0.000219904
3 -0.0609853
12700 3
1 -0.0179675
2 -0.0114865
3 -0.0154638
12750 3
1 -0.0237187
2 -0.0178895
3 -0.00840686
12800 3
1 -7.55305e-07
2 -0.0222188
3 -0.0327892
12850 3
1 0.0217711
2 -0.00607222
3 -0.0672408
12900 3
1 0.0228768
2 0.00855841
3 -0.0696081
12950 3
1 -0.0092389
2 0.00559351
3 -0.0293577
13000 3
1 -0.0171361
2 -0.00275491
3 -0.0181009
13050 3
1 0.000532931
2 -0.0152855
3 -0.0331602
13100 3
1 0.0220725
2 -0.00783807
3 -0.065739
13150 3
1 0.0201227
2 -0.00393153
3 -0.0628942
13200 3
1 -0.0129392
2 -0.00700686
3 -0.0227946
13250 3
1 -0.0207401
2 -0.01155
3 -0.0108246
13300 3
1 -0.0036767
2 -0.0164224
3 -0.0274616
13350 3
1 0.0240072
2 -0.00179363
3 -0.0683386
13400 3
1 0.0251881
2 0.00488113
3 -0.069417
13450 3
1 -0.00727404
2 0.0033221
3 -0.0324565
13500 3
1 -0.0203327
2 -0.00810185
3 -0.012281
13550 3
1 -0.0108016
2 -0.021518
3 -0.0197453
13600 3
1 0.0170793
2 -0.0130708
3 -0.0597584
13650 3
1 0.0193024
2 -0.00826202
3 -0.0617831
13700 3
1 -0.00889721
2 -0.00421905
3 -0.0310178
13750 3
1 -0.0209621
2 -0.00825232
3 -0.011298
13800 3
1 -0.0108687
2 -0.0125296
3 -0.0210714
13850 3
1 0.0207432
2 -0.00304686
3 -0.0644072
13900 3
1 0.0239909
2 -0.00120283
3 -0.067034
13950 3
1 -0.00326337
2 -0.00158389
3 -0.03656
14000 3
1 -0.0198395
2 -0.0126154
3 -0.00775041
14050 3
1 -0.0135769
2 -0.0184719
3 -0.0131237
14100 3
1 0.0188397
2 -0.00985332
3 -0.0571527
14150 3
1 0.0237414
2 -0.00557474
3 -0.0641843
14200 3
1 5.25919e-06
2 -0.00159756
3 -0.040274
14250 3
1 -0.0195641
2 -0.0118779
3 -0.00771114
14300 3
1 -0.0162697
2 -0.0163299
3 -0.0112474
14350 3
1 0.0167922
2 -0.0109791
3 -0.0545723
14400 3
1 0.0236844
2 -0.00729621
3 -0.0644065
14450 3
1 0.00406443
2 -0.00453817
3 -0.0441914
14500 3
1 -0.0177813
2 -0.0169054
3 -0.00585364
14550 3
1 -0.0169261
2 -0.0205733
3 -0.00725683
14600 3
1 0.0155084
2 -0.0143527
3 -0.0488308
14650 3
1 0.0233319
2 -0.00362497
3 -0.0646653
14700 3
1 0.00676144
2 0.00554273
3 -0.0509721
14750 3
1 -0.0190715
2 -0.00566228
3 -0.00943027
14800 3
1 -0.0204428
2 -0.0129754
3 -0.00763907
14850 3
1 0.0103538
2 -0.0195427
3 -0.042005
14900 3
1 0.0187776
2 -0.0188071
3 -0.0587606
14950 3
1 0.00563475
2 -0.0144628
3 -0.0477178
15000 3
1 -0.0226268
2 -0.0224861
3 -0.00600476
15050 3
1 -0.0234341
2 -0.0215726
3 -0.00457213
15100 3
1 0.00874503
2 -0.0184112
3 -0.0382907
15150 3
1 0.0228444
2 -0.00744259
3 -0.062324
15200 3
1 0.014822
2 -0.00158268
3 -0.0553616
15250 3
1 -0.0167112
2 -0.0112921
3 -0.0123236
15300 3
1 -0.0215549
2 -0.0152996
3 -0.0077414
15350 3
1 0.00311351
2 -0.0209411
3 -0.0339096
15400 3
1 0.013149
2 -0.0167628
3 -0.0599173
15450 3
1 0.00356395
2 -0.0167747
3 -0.0540199
15500 3
1 -0.0291196
2 -0.0232111
3 -0.0119276
15550 3
1 -0.0256079
2 -0.0181355
3 -0.00745511
15600 3
1 0.00759256
2 -0.0133409
3 -0.0318943
15650 3
1 0.028412
2 -0.000626427
3 -0.0637061
15700 3
1 0.0228264
2 0.000679116
3 -0.060087
15750 3
1 -0.017409
2 -0.00802001
3 -0.0180898
15800 3
1 -0.0283444
2 -0.0158968
3 -0.0064403
15850 3
1 -0.0103739
2 -0.0215185
3 -0.0224189
15900 3
1 0.0122533
2 -0.00995414
3 -0.0570344
15950 3
1 0.0146598
2 -0.00538993
3 -0.0569403
16000 3
1 -0.0107292
2 -0.0038627
3 -0.0234482
16050 3
1 -0.00739114
2 -0.00463738
3 -0.0136896
16100 3
1 0.00985512
2 -0.00895195
3 -0.0271522
16150 3
1 0.0293191
2 0.00062921
3 -0.0636334
16200 3
1 0.0226639
2 0.00122698
3 -0.0624376
16250 3
1 -0.0159541
2 -0.000999174
3 -0.0280607
16300 3
1 -0.0285978
2 -0.00842585
3 -0.009935
16350 3
1 -0.0167389
2 -0.0131659
3 -0.0196632
16400 3
1 0.0146112
2 -0.00219121
3 -0.0605947
16450 3
1 0.0198756
2 0.000334104
3 -0.0632657
16500 3
1 -0.00708382
2 0.000687602
3 -0.0348242
16550 3
1 -0.0146048
2 -0.00658119
3 -0.0127036
16600 3
1 -0.00402095
2 -0.0106188
3 -0.019703
16650 3
1 0.0261039
2 -0.00140435
3 -0.061263
16700 3
1 0.0210165
2 -0.00182195
3 -0.0655918
16750 3
1 -0.0120596
2 -0.00219079
3 -0.0408297
16800 3
1 -0.0283688
2 -0.0117747
3 -0.0131636
16850 3
1 -0.0211666
2 -0.0145004
3 -0.0172807
16900 3
1 0.0176344
2 -0.00401564
3 -0.057557
16950 3
1 0.0249087
2 -0.000114578
3 -0.0639126
17000 3
1 0.00110168
2 0.0037655
3 -0.0423639
17050 3
1 -0.0204692
2 -0.00682244
3 -0.0108981
17100 3
1 -0.0207594
2 -0.00979512
3 -0.0143766
17150 3
1 0.0138026
2 -0.00239062
3 -0.0556191
17200 3
1 0.019311
2 0.00124141
3 -0.0663505
17250 3
1 -0.000160539
2 0.00565942
3 -0.0495239
17300 3
1 -0.0243746
2 -0.00620687
3 -0.0128629
17350 3
1 -0.0245948
2 -0.0089084
3 -0.013544
17400 3
1 0.0115132
2 -0.00470175
3 -0.0514599
17450 3
1 0.0200274
2 -0.000218686
3 -0.0659413
17500 3
1 0.00451228
2 0.00446042
3 -0.0531723
17550 3
1 -0.025116
2 -0.00743554
3 -0.0134864
17600 3
1 -0.0283547
2 -0.00805824
3 -0.0132529
17650 3
1 0.00377209
2 -0.00358773
3 -0.0481004
17700 3
1 0.0126172
2 0.0046804
3 -0.0678323
17750 3
1 0.00211198
2 0.00891213
3 -0.0584362
17800 3
1 -0.0263212
2 -0.00519383
3 -0.015498
17850 3
1 -0.0233956
2 -0.00886547
3 -0.011605
17900 3
1 0.0131298
2 -0.00956927
3 -0.0407666
17950 3
1 0.0265653
2 -0.000136709
3 -0.0645128
18000 3
1 0.0145923
2 0.00521539
3 -0.0580033
18050 3
1 -0.0275782
2 -0.00492936
3 -0.0142364
18100 3
1 -0.0357086
2 -0.00639453
3 -0.00847921
18150 3
1 -0.00536247
2 -0.00837629
3 -0.0337562
18200 3
1 0.0146587
2 0.00252063
3 -0.0635669
18250 3
1 0.0131793
2 0.0059797
3 -0.0607339
18300 3
1 -0.0238397
2 -0.00337054
3 -0.0191478
18350 3
1 -0.0278324
2 -0.00675993
3 -0.0118542
18400 3
1 -0.00246826
2 -0.0104318
3 -0.0322581
18450 3
1 0.0198141
2 0.00125151
3 -0.064643
18500 3
1 0.0183724
2 0.00496612
3 -0.0617417
18550 3
1 -0.0211687
2 -0.00196679
3 -0.0198692
18600 3
1 -0.0291869
2 -0.00497492
3 -0.00646489
18650 3
1 -0.0103815
2 -0.00893795
3 -0.0204685
18700 3
1 0.0159405
2 0.00320327
3 -0.057271
18750 3
1 0.019472
2 0.00490759
3 -0.0603732
18800 3
1 -0.0152634
2 -0.00180802
3 -0.0282463
18850 3
1 -0.0212256
2 -0.00809897
3 -0.0162318
18900 3
1 -0.00655428
2 -0.0133767
3 -0.0278081
18950 3
1 0.0216436
2 -0.000494686
3 -0.0652635
19000 3
1 0.019704
2 0.00167663
3 -0.063554
19050 3
1 -0.0193071
2 -0.00131653
3 -0.0281605
19100 3
1 -0.0303087
2 -0.00958683
3 -0.00863959
19150 3
1 -0.0179671
2 -0.0154947
3 -0.0175253
19200 3
1 0.0194024
2 -0.00234428
3 -0.0602887
19250 3
1 0.0232118
2 0.000368929
3 -0.0644808
19300 3
1 -0.0100881
2 0.00132041
3 -0.037307
19350 3
1 -0.0245761
2 -0.00851801
3 -0.0135512
19400 3
1 -0.0177072
2 -0.0143235
3 -0.0184907
19450 3
1 0.0209252
2 -0.00251127
3 -0.0599714
19500 3
1 0.0250684
2 0.000787738
3 -0.0643613
19550 3
1 -0.00333128
2 0.00500195
3 -0.039385
19600 3
1 -0.020602
2 -0.00544571
3 -0.00893072
19650 3
1 -0.016942
2 -0.0106439
3 -0.0115658
19700 3
1 0.0215038
2 -0.00311218
3 -0.0546274
19750 3
1 0.0237963
2 -0.000873928
3 -0.0665258
19800 3
1 -0.00191124
2 0.00330588
3 -0.0509187
19850 3
1 -0.0251736
2 -0.00973745
3 -0.0174561
19900 3
1 -0.0235738
2 -0.0141379
3 -0.015418
19950 3
1 0.0167453
2 -0.00822349
3 -0.0498019
20000 3
1 0.0229919
2 -0.00351646
3 -0.058488
20050 3
1 0.00371057
2 0.00223428
3 -0.0448124
20100 3
1 -0.0239781
2 -0.0100917
3 -0.00965866
20150 3
1 -0.0241967
2 -0.0130049
3 -0.0105817
20200 3
1 0.0147515
2 -0.00890264
3 -0.0470487
20250 3
1 0.0235132
2 -0.00210329
3 -0.0640034
20300 3
1 0.00953122
2 0.00449096
3 -0.055164
20350 3
1 -0.0222257
2 -0.00747401
3 -0.0158397
20400 3
1 -0.0242681
2 -0.0107846
3 -0.0135674
20450 3
1 0.0118665
2 -0.00934264
3 -0.0446872
20500 3
1 0.022738
2 -0.0026339
3 -0.0659005
20550 3
1 0.013092
2 0.00199253
3 -0.0600466
20600 3
1 -0.0215731
2 -0.0103769
3 -0.0190184
20650 3
1 -0.0242481
2 -0.012565
3 -0.0145876
20700 3
1 0.00858437
2 -0.0106706
3 -0.0399458
20750 3
1 0.0242995
2 0.00141866
3 -0.0658033
20800 3
1 0.0191663
2 0.00756884
3 -0.0625231
20850 3
1 -0.0185829
2 -0.00495541
3 -0.0204865
20900 3
1 -0.0242047
2 -0.0112355
3 -0.011818
20950 3
1 0.00261742
2 -0.015604
3 -0.0299148
21000 3
1 0.0212502
2 -0.00435842
3 -0.0583252
21050 3
1 0.0188384
2 0.00111626
3 -0.0571461
21100 3
1 -0.019323
2 -0.00798471
3 -0.0183771
21150 3
1 -0.0241923
2 -0.012595
3 -0.0106857
21200 3
1 -0.00109589
2 -0.0160001
3 -0.0283875
21250 3
1 0.0222896
2 -0.00242815
3 -0.0630185
21300 3
1 0.021961
2 0.00210487
3 -0.0630989
21350 3
1 -0.0165843
2 -0.00465178
3 -0.0249033
21400 3
1 -0.0218468
2 -0.00947079
3 -0.0101803
21450 3
1 -0.00181252
2 -0.011302
3 -0.0193393
21500 3
1 0.0276342
2 0.00514696
3 -0.0551659
21550 3
1 0.0283108
2 0.00789524
3 -0.0572518
21600 3
1 -0.0118959
2 -0.0026038
3 -0.0251542
21650 3
1 -0.0231054
2 -0.0155337
3 -0.00873236
21700 3
1 -0.0113041
2 -0.0227985
3 -0.0167183
21750 3
1 0.0206188
2 -0.00856359
3 -0.0569834
21800 3
1 0.0233163
2 -0.00280789
3 -0.0608725
21850 3
1 -0.010902
2 -0.00338548
3 -0.03265
21900 3
1 -0.0236055
2 -0.0124644
3 -0.0114428
21950 3
1 -0.0161163
2 -0.0188495
3 -0.0157779
22000 3
1 0.0193018
2 -0.0076634
3 -0.0560581
22050 3
1 0.0258194
2 -0.00400129
3 -0.062336
22100 3
1 -0.00154162
2 -0.00345164
3 -0.0396612
22150 3
1 -0.0177824
2 -0.0153224
3 -0.0134566
22200 3
1 -0.01753
2 -0.0226778
3 -0.0138052
22250 3
1 0.0143556
2 -0.0137162
3 -0.0532075
22300 3
1 0.0156867
2 -0.00938655
3 -0.0599076
22350 3
1 -0.0105948
2 -0.00643227
3 -0.0405836
22400 3
1 -0.0285929
2 -0.0181293
3 -0.00987289
22450 3
1 -0.0246602
2 -0.0230071
3 -0.0105255
22500 3
1 0.0155011
2 -0.0140352
3 -0.0504866
22550 3
1 0.0230196
2 -0.00800957
3 -0.0613754
22600 3
1 0.0041894
2 -0.00422798
3 -0.0472271
22650 3
1 -0.0195807
2 -0.0171246
3 -0.0117397
22700 3
1 -0.023017
2 -0.0223174
3 -0.00874187
22750 3
1 0.0115819
2 -0.0160331
3 -0.0432876
22800 3
1 0.017229
2 -0.00956368
3 -0.0563582
22850 3
1 0.00179022
2 -0.0045057
3 -0.0466446
22900 3
1 -0.0250034
2 -0.0164572
3 -0.0106533
22950 3
1 -0.0266731
2 -0.019551
3 -0.0111398
23000 3
1 0.00846101
2 -0.0144449
3 -0.0453691
23050 3
1 0.0177772
2 -0.00584379
3 -0.062606
23100 3
1 0.0075729
2 -0.00125001
3 -0.0535873
23150 3
1 -0.0217853
2 -0.0154034
3 -0.0111709
23200 3
1 -0.0232148
2 -0.0195814
3 -0.00667803
23250 3
1 0.0096738
2 -0.0169376
3 -0.0349939
23300 3
1 0.0213724
2 -0.0063829
3 -0.0575536
23350 3
1 0.0136471
2 -0.00156347
3 -0.0536083
23400 3
1 -0.0212625
2 -0.0145694
3 -0.012565
23450 3
1 -0.0247951
2 -0.0196111
3 -0.00709841
23500 3
1 0.0030992
2 -0.0198081
3 -0.0307034
23550 3
1 0.0191951
2 -0.00819133
3 -0.0577298
23600 3
1 0.0160046
2 -0.00323498
3 -0.0556621
23650 3
1 -0.0195524
2 -0.0129536
3 -0.0142423
23700 3
1 -0.0229075
2 -0.0166861
3 -0.00563551
23750 3
1 0.001418
2 -0.017033
3 -0.0240877
23800 3
1 0.021259
2 -0.00418093
3 -0.0561823
23850 3
1 0.0187477
2 -0.00256878
3 -0.0570987
23900 3
1 -0.0208015
2 -0.0155638
3 -0.0194615
23950 3
1 -0.0284318
2 -0.0256325
3 -0.00940258
24000 3
1 -0.0101813
2 -0.0284425
3 -0.0233622
24050 3
1 0.0155145
2 -0.0100612
3 -0.0574276
24100 3
1 0.0198184
2 0.00218794
3 -0.0552561
24150 3
1 -0.0147296
2 -0.000522586
3 -0.0175953
24200 3
1 -0.0216832
2 -0.0107989
3 -0.00285795
24250 3
1 -0.00841915
2 -0.0186764
3 -0.0139709
24300 3
1 0.0178465
2 -0.00930239
3 -0.0549156
24350 3
1 0.0196914
2 -0.00709302
3 -0.0582028
24400 3
1 -0.0140225
2 -0.0105997
3 -0.0261156
24450 3
1 -0.0224623
2 -0.0200611
3 -0.0066989
24500 3
1 -0.0129063
2 -0.0231879
3 -0.0136021
24550 3
1 0.0164592
2 -0.00798135
3 -0.0562517
24600 3
1 0.0190558
2 0.00274915
3 -0.0621483
24650 3
1 -0.0111854
2 0.00873832
3 -0.0360369
24700 3
1 -0.0218144
2 -0.00116472
3 -0.012359
24750 3
1 -0.0155894
2 -0.0130326
3 -0.0133585
24800 3
1 0.0171283
2 -0.0137265
3 -0.0511482
24850 3
1 0.0210854
2 -0.0129284
3 -0.0555838
24900 3
1 -0.00504111
2 -0.0125726
3 -0.0316834
24950 3
1 -0.0192149
2 -0.0238008
3 -0.00317865
25000 3
1 -0.0180614
2 -0.0245854
3 -0.00653035
25050 3
1 0.0136278
2 -0.0117591
3 -0.0499961
25100 3
1 0.0158249
2 -0.00101052
3 -0.0608321
25150 3
1 -0.00650856
2 0.00251276
3 -0.0421029
25200 3
1 -0.0213497
2 -0.0169612
3 -0.00538206
25250 3
1 -0.0148349
2 -0.0357235
3 0.00152487
25300 3
1 0.0227468
2 -0.0368454
3 -0.0338098
25350 3
1 0.0259209
2 -0.0251367
3 -0.0474262
25400 3
1 0.00411661
2 -0.0102396
3 -0.0379519
25450 3
1 -0.0209301
2 -0.013482
3 -0.00618346
25500 3
1 -0.0237407
2 -0.013337
3 -0.00676578
25550 3
1 0.00959407
2 -0.00950756
3 -0.0426595
25600 3
1 0.0163887
2 -0.00248983
3 -0.0572066
25650 3
1 0.00516882
2 -0.00221019
3 -0.0450601
25700 3
1 -0.0180456
2 -0.0180619
3 -0.00441275
25750 3
1 -0.0183007
2 -0.0260671
3 0.000614709
25800 3
1 0.0139713
2 -0.0274049
3 -0.0289579
25850 3
1 0.0209087
2 -0.0155588
3 -0.0494659
25900 3
1 0.0076953
2 -0.00254376
3 -0.0484231
25950 3
1 -0.0264731
2 -0.000774854
3 -0.0172482
26000 3
1 -0.0330682
2 0.00214532
3 -0.0182073
26050 3
1 -0.00490228
2 0.000886872
3 -0.0457375
26100 3
1 0.0103397
2 0.00238946
3 -0.0625251
26150 3
1 0.0119718
2 -0.00814907
3 -0.0462072
26200 3
1 -0.0135079
2 -0.0262841
3 0.00248132
26250 3
1 -0.0168308
2 -0.0309248
3 0.00848185
26300 3
1 0.00519711
2 -0.0262537
3 -0.0198747
26350 3
1 0.0161298
2 -0.00715376
3 -0.0556137
26400 3
1 0.0130394
2 -0.000179605
3 -0.057104
26450 3
1 -0.0177463
2 -0.0077532
3 -0.0166838
26500 3
1 -0.0208239
2 -0.0151515
3 -0.00623306
26550 3
1 -0.000178405
2 -0.0201406
3 -0.0212189
26600 3
1 0.016681
2 -0.0106993
3 -0.0517328
26650 3
1 0.0170364
2 -0.00914006
3 -0.0501433
26700 3
1 -0.0145026
2 -0.014865
3 -0.0131164
26750 3
1 -0.0191856
2 -0.020748
3 -0.00234491
26800 3
1 -0.00484354
2 -0.0205531
3 -0.0193181
26850 3
1 0.0134478
2 -0.00502583
3 -0.0596575
26900 3
1 0.0139406
2 0.000835038
3 -0.0635581
26950 3
1 -0.0157772
2 -0.00286754
3 -0.0283576
27000 3
1 -0.0190602
2 -0.01659
3 -0.00514307
27050 3
1 -0.0051699
2 -0.0275289
3 -0.00548942
27100 3
1 0.0190478
2 -0.0206913
3 -0.0385852
27150 3
1 0.0203548
2 -0.0160011
3 -0.0433244
27200 3
1 -0.0106324
2 -0.0114803
3 -0.0206431
27250 3
1 -0.0210085
2 -0.015871
3 -0.00831894
27300 3
1 -0.015248
2 -0.0179404
3 -0.0178648
27350 3
1 0.0102371
2 -0.00872184
3 -0.0556065
27400 3
1 0.0139739
2 -0.0062537
3 -0.0579244
27450 3
1 -0.00998004
2 -0.0068381
3 -0.0302133
27500 3
1 -0.0175542
2 -0.0190844
3 -0.00302735
27550 3
1 -0.0122758
2 -0.0243994
3 -0.0047813
27600 3
1 0.0156903
2 -0.0160431
3 -0.0425716
27650 3
1 0.0181191
2 -0.0107828
3 -0.0506668
27700 3
1 -0.00550482
2 -0.00529481
3 -0.0343829
27750 3
1 -0.0196991
2 -0.0123982
3 -0.012285
27800 3
1 -0.0190227
2 -0.013083
3 -0.0183231
27850 3
1 0.0106435
2 -0.00673568
3 -0.0547424
27900 3
1 0.0157183
2 -0.00684779
3 -0.0558566
27950 3
1 -0.00108516
2 -0.00887886
3 -0.0310578
28000 3
1 -0.0165497
2 -0.0228137
3 0.00286398
28050 3
1 -0.0169595
2 -0.0250654
3 0.000571881
28100 3
1 0.0129066
2 -0.0175261
3 -0.0388949
28150 3
1 0.0172654
2 -0.00931563
3 -0.0558863
28200 3
1 0.0028105
2 -0.00463837
3 -0.0464054
28250 3
1 -0.0171174
2 -0.0156698
3 -0.0121883
28300 3
1 -0.0185542
2 -0.01967
3 -0.00765381
28350 3
1 0.00985322
2 -0.0200354
3 -0.0274256
28400 3
1 0.0144946
2 -0.0173492
3 -0.0309694
28450 3
1 0.00375222
2 -0.0132546
3 -0.0219657
28500 3
1 -0.017071
2 -0.0199092
3 0.00482887
28550 3
1 -0.0163756
2 -0.0180966
3 -0.00255766
28600 3
1 0.0137301
2 -0.0137694
3 -0.0353841
28650 3
1 0.0229373
2 -0.0036655
3 -0.0574829
28700 3
1 0.0154846
2 0.000227996
3 -0.0507175
28750 3
1 -0.012343
2 -0.0109799
3 -0.0108157
28800 3
1 -0.0168669
2 -0.0159211
3 -0.00213967
28850 3
1 0.00678246
2 -0.0191241
3 -0.0205455
28900 3
1 0.0158333
2 -0.0114595
3 -0.0389602
28950 3
1 0.0116211
2 -0.0087075
3 -0.0338918
29000 3
1 -0.0134648
2 -0.0152247
3 -0.00643431
29050 3
1 -0.0112145
2 -0.0145327
3 -0.0167937
29100 3
1 0.0132118
2 -0.0147306
3 -0.0460578
29150 3
1 0.0269081
2 -0.00432942
3 -0.0734216
29200 3
1 0.0242524
2 -0.00492144
3 -0.0620545
29250 3
1 -0.00685919
2 -0.0150551
3 -0.0140456
29300 3
1 -0.0111177
2 -0.0220121
3 0.00234513
29350 3
1 0.00556547
2 -0.0245889
3 -0.0139268
29400 3
1 0.0219395
2 -0.0124219
3 -0.0501514
29450 3
1 0.0216574
2 -0.00826749
3 -0.0547058
29500 3
1 -0.00719055
2 -0.00944926
3 -0.0249258
29550 3
1 -0.0124596
2 -0.0132488
3 -0.0146609
29600 3
1 0.00093116
2 -0.015652
3 -0.0274559
29650 3
1 0.0212672
2 -0.00657613
3 -0.0602915
29700 3
1 0.0224138
2 -0.00701432
3 -0.058453
29750 3
1 -0.00483717
2 -0.0110749
3 -0.0235627
29800 3
1 -0.0120914
2 -0.0224275
3 -0.000254332
29850 3
1 -0.00320718
2 -0.0321206
3 0.000380263
29900 3
1 0.0189669
2 -0.02568
3 -0.0325761
29950 3
1 0.022693
2 -0.0179059
3 -0.0431317
30000 3
1 0.000491908
2 -0.00793699
3 -0.0289175
30050 3
1 -0.00574619
2 -0.00894052
3 -0.0179432
30100 3
1 0.00218764
2 -0.00986191
3 -0.0261565
30150 3
1 0.0258694
2 -0.00513856
3 -0.0597649
30200 3
1 0.0263248
2 -0.00816221
3 -0.0562693
30250 3
1 0.000952631
2 -0.0121705
3 -0.0249529
30300 3
1 -0.0109714
2 -0.0227559
3 0.00254521
30350 3
1 -0.00602842
2 -0.0236762
3 -0.00370181
30400 3
1 0.0205531
2 -0.0136775
3 -0.0471177
30450 3
1 0.0244648
2 -0.00450254
3 -0.0618008
30500 3
1 0.00377591
2 0.00226964
3 -0.0467525
30550 3
1 -0.00935327
2 -0.00596703
3 -0.0175976
30600 3
1 -0.0063329
2 -0.0190897
3 -0.0108783
30650 3
1 0.0205518
2 -0.025372
3 -0.0404058
30700 3
1 0.0245588
2 -0.0213727
3 -0.0501142
30750 3
1 0.00702557
2 -0.0135062
3 -0.0359553
30800 3
1 -0.00622469
2 -0.0148015
3 -0.00530237
30850 3
1 -0.00437371
2 -0.0112989
3 -0.00731596
30900 3
1 0.0223982
2 -0.00673578
3 -0.042064
30950 3
1 0.0257439
2 -0.00400137
3 -0.0556533
31000 3
1 0.00888978
2 -0.00802665
3 -0.0424336
31050 3
1 -0.00952823
2 -0.0239181
3 -0.00631833
31100 3
1 -0.0104367
2 -0.0296782
3 -0.00536401
31150 3
1 0.0169279
2 -0.0259973
3 -0.0362947
31200 3
1 0.0239462
2 -0.0103025
3 -0.0520429
31250 3
1 0.0142212
2 0.00635738
3 -0.0395344
31300 3
1 -0.0046252
2 0.00693484
3 -1.03404e-05
31350 3
1 -0.00635432
2 0.00204474
3 0.00202662
31400 3
1 0.0185626
2 -0.00552636
3 -0.0281635
31450 3
1 0.0244232
2 -0.00451044
3 -0.0505976
31500 3
1 0.0151805
2 -0.00593393
3 -0.0444218
31550 3
1 -0.00858982
2 -0.0163348
3 -0.00672772
31600 3
1 -0.0109708
2 -0.0218235
3 -0.00247623
31650 3
1 0.0141787
2 -0.0237501
3 -0.0270914
31700 3
1 0.0239089
2 -0.0139624
3 -0.0524915
31750 3
1 0.0199754
2 -0.00598804
3 -0.0474546
31800 3
1 -0.00428091
2 -0.00353346
3 -0.00976716
31850 3
1 -0.00545225
2 -0.00118126
3 -0.00319524
31900 3
1 0.0157634
2 -0.00369046
3 -0.0240737
31950 3
1 0.0245512
2 -0.00427174
3 -0.052063
32000 3
1 0.0176254
2 -0.0152972
3 -0.0463355
32050 3
1 -0.0113539
2 -0.0253965
3 -0.00785804
32100 3
1 -0.0141102
2 -0.0280683
3 0.00138733
32150 3
1 0.00582187
2 -0.0242038
3 -0.0179935
32200 3
1 0.0214144
2 -0.00912404
3 -0.0535745
32250 3
1 0.0209064
2 -0.00342358
3 -0.0539554
32300 3
1 -0.00723761
2 -0.00598508
3 -0.0199148
32350 3
1 -0.0109558
2 -0.0131061
3 -0.00553231
32400 3
1 0.00374041
2 -0.0188005
3 -0.0166345
32450 3
1 0.0208139
2 -0.0135872
3 -0.0499026
32500 3
1 0.0207085
2 -0.0128848
3 -0.0494244
32550 3
1 -0.0071661
2 -0.0134479
3 -0.0179295
32600 3
1 -0.0116427
2 -0.0175916
3 -0.00150258
32650 3
1 -0.000896912
2 -0.0163533
3 -0.0135717
32700 3
1 0.0179578
2 0.00207301
3 -0.0563953
32750 3
1 0.0166001
2 0.0195425
3 -0.066252
32800 3
1 -0.00982845
2 0.0228711
3 -0.0399674
32850 3
1 -0.0137801
2 0.00397436
3 -0.0125104
32900 3
1 -0.00287584
2 -0.0178959
3 -0.0101801
32950 3
1 0.0224662
2 -0.0224746
3 -0.0426503
33000 3
1 0.0245559
2 -0.0226499
3 -0.0451218
33050 3
1 0.000134646
2 -0.0183792
3 -0.0213228
33100 3
1 -0.00886596
2 -0.0187053
3 0.000189682
33150 3
1 -0.00393147
2 -0.0120554
3 -0.0106115
33200 3
1 0.0226064
2 0.000113078
3 -0.0525372
33250 3
1 0.0250683
2 0.00516075
3 -0.0601035
33300 3
1 0.00272208
2 -0.0030976
3 -0.0323247
33350 3
1 -0.011344
2 -0.033665
3 0.0107195
33400 3
1 -0.010529
2 -0.0463046
3 0.0134844
33450 3
1 0.0183381
2 -0.0381061
3 -0.0262159
33500 3
1 0.0253714
2 -0.0204245
3 -0.0439355
33550 3
1 0.0121217
2 -0.00530756
3 -0.033855
33600 3
1 0.000989048
2 -0.00824206
3 -0.00328732
33650 3
1 0.00195226
2 -0.0110062
3 -0.00446093
33700 3
1 0.0279037
2 -0.0133444
3 -0.0365752
33750 3
1 0.0291861
2 -0.0149222
3 -0.0473616
33800 3
1 0.0115035
2 -0.0197251
3 -0.0313438
33850 3
1 -0.0081568
2 -0.0365513
3 0.00782292
33900 3
1 -0.011327
2 -0.0455692
3 0.0114183
33950 3
1 0.0159963
2 -0.0435798
3 -0.0200963
34000 3
1 0.0290287
2 -0.0243339
3 -0.0452858
34050 3
1 0.0288042
2 -0.00616158
3 -0.0445282
34100 3
1 0.0167042
2 -0.00842338
3 -0.0114354
34150 3
1 0.0152561
2 -0.0119934
3 -0.00850391
34200 3
1 0.0328223
2 -0.0199154
3 -0.0310688
34250 3
1 0.0263127
2 -0.0224017
3 -0.0455012
34300 3
1 0.00954102
2 -0.0264102
3 -0.0328031
34350 3
1 -0.0132307
2 -0.0358328
3 0.00684995
34400 3
1 -0.00999025
2 -0.033956
3 0.00745941
34450 3
1 0.0210814
2 -0.0268806
3 -0.0230332
34500 3
1 0.0325923
2 -0.00996213
3 -0.0554306
34550 3
1 0.0270507
2 -0.00517618
3 -0.0517501
34600 3
1 0.0012098
2 -0.0138013
3 -0.0115026
34650 3
1 -0.00230662
2 -0.0208527
3 -0.00126172
34700 3
1 0.0179696
2 -0.0273122
3 -0.018264
34750 3
1 0.0257818
2 -0.0201374
3 -0.0469789
34800 3
1 0.0205628
2 -0.0199762
3 -0.0424043
34850 3
1 -0.00624583
2 -0.0255159
3 -0.00533043
34900 3
1 -0.00687051
2 -0.0266309
3 0.00358352
34950 3
1 0.0165704
2 -0.0204553
3 -0.017891
35000 3
1 0.0349315
2 0.00260358
3 -0.0594132
35050 3
1 0.0361697
2 0.0112245
3 -0.0616651
35100 3
1 0.00636978
2 0.00191404
3 -0.0250313
35150 3
1 -0.00549774
2 -0.0243496
3 -0.00057568
35200 3
1 0.00283417
2 -0.045222
3 -0.0049379
35250 3
1 0.0183089
2 -0.0370572
3 -0.0404554
35300 3
1 0.0211553
2 -0.0283242
3 -0.0439045
35350 3
1 -0.00101939
2 -0.0197946
3 -0.017582
35400 3
1 -0.000986844
2 -0.0189444
3 -0.00227499
35450 3
1 0.0132933
2 -0.0188139
3 -0.0137592
35500 3
1 0.0327036
2 -0.00944606
3 -0.0526942
35550 3
1 0.031142
2 -0.0114381
3 -0.0536317
35600 3
1 0.00113647
2 -0.0185989
3 -0.0229778
35650 3
1 -0.0119113
2 -0.0401701
3 0.00607225
35700 3
1 -0.0176688
2 -0.0658773
3 0.00817978
35750 3
1 -0.00399839
2 -0.0698203
3 -0.0258871
35800 3
1 0.00702283
2 -0.0535568
3 -0.0365365
35850 3
1 0.00065858
2 -0.030355
3 -0.0226746
35900 3
1 0.00131471
2 -0.0312021
3 0.00112839
35950 3
1 0.0122464
2 -0.0291025
3 -0.00551208
36000 3
1 0.0401647
2 -0.0203369
3 -0.0444271
36050 3
1 0.0414633
2 -0.0166263
3 -0.0526378
36100 3
1 0.0155437
2 -0.0179282
3 -0.0316568
36150 3
1 -0.00396624
2 -0.0343793
3 0.00459101
36200 3
1 -0.00767243
2 -0.0423854
3 0.00624262
36250 3
1 0.0167722
2 -0.0386922
3 -0.0281833
36300 3
1 0.0257231
2 -0.0278635
3 -0.0438851
36350 3
1 0.0221363
2 -0.0108049
3 -0.0375048
36400 3
1 0.0181262
2 -0.0088966
3 -0.00909373
36450 3
1 0.0204682
2 -0.00952022
3 -0.0100805
36500 3
1 0.0417449
2 -0.0132073
3 -0.0393493
36550 3
1 0.0380301
2 -0.0177982
3 -0.0486707
36600 3
1 0.0184225
2 -0.0225314
3 -0.0329595
36650 3
1 -0.00131288
2 -0.0343781
3 0.00606146
36700 3
1 -0.000653013
2 -0.0350878
3 0.00669377
36750 3
1 0.0282252
2 -0.0295279
3 -0.0255446
36800 3
1 0.0367026
2 -0.0170119
3 -0.0480461
36850 3
1 0.0274551
2 -0.0113675
3 -0.0415788
36900 3
1 0.00681007
2 -0.0197291
3 -0.00264209
36950 3
1 0.00484609
2 -0.0237316
3 0.001513
37000 3
1 0.0266136
2 -0.0293063
3 -0.0226285
37050 3
1 0.0295355
2 -0.026976
3 -0.0457632
37100 3
1 0.0181086
2 -0.0295697
3 -0.0391658
37150 3
1 -0.0054375
2 -0.0364266
3 0.00140032
37200 3
1 -0.00322121
2 -0.0333511
3 0.00852528
37250 3
1 0.0260546
2 -0.0260645
3 -0.0118772
37300 3
1 0.0400619
2 -0.0110031
3 -0.0411029
37350 3
1 0.0345469
2 -0.00921163
3 -0.0379589
37400 3
1 0.00595443
2 -0.0200728
3 -0.000871789
37450 3
1 -0.000698505
2 -0.031384
3 0.00652058
37500 3
1 0.0182433
2 -0.0370494
3 -0.0130572
37550 3
1 0.0322334
2 -0.0264611
3 -0.0473092
37600 3
1 0.0306384
2 -0.0224465
3 -0.0450118
37650 3
1 0.00386669
2 -0.0245103
3 -0.00676549
37700 3
1 0.00140352
2 -0.0288722
3 0.00755501
37750 3
1 0.0213996
2 -0.0287089
3 -0.00543654
37800 3
1 0.0391469
2 -0.0162883
3 -0.0417085
37850 3
1 0.0380505
2 -0.0137325
3 -0.0417455
37900 3
1 0.00739923
2 -0.0182608
3 -0.00856453
37950 3
1 -0.00286737
2 -0.0312407
3 0.00689398
38000 3
1 0.00628442
2 -0.0402784
3 -0.00616239
38050 3
1 0.0230702
2 -0.0336586
3 -0.0466266
38100 3
1 0.0271317
2 -0.026085
3 -0.0474091
38150 3
1 0.00931917
2 -0.0143836
3 -0.0144966
38200 3
1 0.01027
2 -0.0141526
3 0.00974282
38250 3
1 0.0234465
2 -0.0140976
3 0.00255946
38300 3
1 0.0438121
2 -0.00831565
3 -0.0384884
38350 3
1 0.0398871
2 -0.0111776
3 -0.0434081
38400 3
1 0.00752593
2 -0.0189655
3 -0.0191673
38450 3
1 -0.0046228
2 -0.0335885
3 0.00694183
38500 3
1 0.00447017
2 -0.0349163
3 0.00181779
38550 3
1 0.0342605
2 -0.0233949
3 -0.0381493
38600 3
1 0.0416607
2 -0.0127038
3 -0.0442201
38650 3
1 0.0236166
2 -0.00576888
3 -0.0207656
38700 3
1 0.0226995
2 -0.00553167
3 0.0143234
38750 3
1 0.0331603
2 -0.00188454
3 0.013652
38800 3
1 0.0558516
2 -0.000468908
3 -0.0276827
38850 3
1 0.0487768
2 -0.0047837
3 -0.0439393
38900 3
1 0.0209467
2 -0.0100735
3 -0.0299168
38950 3
1 0.00174633
2 -0.0266052
3 0.00207211
39000 3
1 0.00160801
2 -0.0321714
3 -0.000688209
39050 3
1 0.0311055
2 -0.0270124
3 -0.0379962
39100 3
1 0.0382632
2 -0.0163094
3 -0.0516012
39150 3
1 0.0246096
2 -0.00958716
3 -0.0370187
39200 3
1 0.0121379
2 -0.0166279
3 0.00337824
39250 3
1 0.0156487
2 -0.0162244
3 0.00517959
39300 3
1 0.044628
2 -0.013633
3 -0.0279481
39350 3
1 0.041573
2 -0.0129063
3 -0.0500335
39400 3
1 0.0152567
2 -0.0227923
3 -0.0443622
39450 3
1 -0.0109056
2 -0.0380696
3 -0.00568074
39500 3
1 -0.00850866
2 -0.0379051
3 -0.00203072
39550 3
1 0.0280675
2 -0.0280651
3 -0.0287802
39600 3
1 0.0411573
2 -0.0110928
3 -0.0519024
39650 3
1 0.0320254
2 -0.00607488
3 -0.0455026
39700 3
1 0.00699926
2 -0.015787
3 -0.00498479
39750 3
1 0.00307813
2 -0.0228706
3 -2.11189e-06
39800 3
1 0.0284089
2 -0.0252859
3 -0.0239326
39850 3
1 0.0355758
2 -0.0167806
3 -0.0526929
39900 3
1 0.0249425
2 -0.0177673
3 -0.048533
39950 3
1 -0.0048117
2 -0.0301003
3 -0.0086521
40000 3
1 -0.0075511
2 -0.0358891
3 -0.000525542
40050 3
1 0.0233397
2 -0.0281198
3 -0.0201206
40100 3
1 0.0442888
2 -0.00235957
3 -0.0542431
40150 3
1 0.0455562
2 0.00983606
3 -0.0534312
40200 3
1 0.0163158
2 0.00369474
3 -0.016764
40250 3
1 0.00747096
2 -0.0130675
3 -0.00342188
40300 3
1 0.0205266
2 -0.0320114
3 -0.0148341
40350 3
1 0.0291783
2 -0.0328267
3 -0.0487353
40400 3
1 0.0262462
2 -0.0323668
3 -0.0480596
40450 3
1 -5.66656e-05
2 -0.0298381
3 -0.0171546
40500 3
1 0.00138046
2 -0.0251579
3 -0.00381174
40550 3
1 0.0230696
2 -0.0180438
3 -0.0160134
40600 3
1 0.0422881
2 -0.00414612
3 -0.0546849
40650 3
1 0.0408918
2 -0.00349701
3 -0.0554531
40700 3
1 0.00982557
2 -0.0117568
3 -0.0259568
40750 3
1 0.00157856
2 -0.0265968
3 -0.00510873
40800 3
1 0.0136636
2 -0.0321784
3 -0.0116215
40850 3
1 0.0345494
2 -0.0219382
3 -0.0506849
40900 3
1 0.0365134
2 -0.0164178
3 -0.0546845
40950 3
1 0.0116851
2 -0.0116677
3 -0.0339579
41000 3
1 0.0108682
2 -0.0113177
3 -0.0153544
41050 3
1 0.0264433
2 -0.00455043
3 -0.0246133
41100 3
1 0.0509671
2 0.00512771
3 -0.0625576
41150 3
1 0.0441989
2 -0.00303008
3 -0.0607611
41200 3
1 0.00558671
2 -0.0207575
3 -0.0311297
41250 3
1 -0.00948421
2 -0.0388677
3 0.00147769
41300 3
1 -0.000548682
2 -0.0378877
3 -0.00298671
41350 3
1 0.0329756
2 -0.0214233
3 -0.0439034
41400 3
1 0.0411332
2 -0.00897418
3 -0.0573244
41450 3
1 0.0195328
2 -0.00661821
3 -0.0435705
41500 3
1 0.00640858
2 -0.0186768
3 -0.0111298
41550 3
1 0.00872473
2 -0.0228129
3 -0.0108673
41600 3
1 0.0343475
2 -0.0193138
3 -0.041645
41650 3
1 0.0301074
2 -0.0228413
3 -0.0475983
41700 3
1 -0.00638762
2 -0.0424585
3 -0.0235184
41750 3
1 -0.0280875
2 -0.061204
3 0.0155822
41800 3
1 -0.0162677
2 -0.0512361
3 0.00752556
41850 3
1 0.026574
2 -0.0289287
3 -0.0333481
41900 3
1 0.0382196
2 -0.013319
3 -0.05536
41950 3
1 0.025134
2 -0.0088545
3 -0.0503129
42000 3
1 0.00808838
2 -0.0179247
3 -0.0160844
