# Time-averaged data for fix write_all_momentum
# TimeStep Number-of-rows
# Row c_all_momentum[*]
0 3
1 -1.42109e-14
2 2.93099e-14
3 -1.24345e-14
1 3
1 2.26485e-14
2 4.44089e-15
3 -1.24345e-14
2 3
1 -3.9968e-15
2 -3.55271e-15
3 -4.79616e-14
3 3
1 -7.99361e-15
2 1.42109e-14
3 -1.24345e-14
4 3
1 -6.66134e-15
2 3.81917e-14
3 -1.24345e-14
5 3
1 -3.24185e-14
2 -7.10543e-15
3 -2.30926e-14
6 3
1 7.10543e-15
2 -1.06581e-14
3 1.77636e-15
7 3
1 -1.77636e-14
2 6.21725e-15
3 5.32907e-15
8 3
1 -4.26326e-14
2 2.39808e-14
3 1.42109e-14
9 3
1 -1.86517e-14
2 1.59872e-14
3 -8.88178e-15
10 3
1 -1.19904e-14
2 2.22045e-14
3 -4.08562e-14
11 3
1 -8.88178e-15
2 2.39808e-14
3 1.42109e-14
12 3
1 -4.17444e-14
2 2.4869e-14
3 0
13 3
1 -1.95399e-14
2 1.5099e-14
3 -8.88178e-15
14 3
1 -2.13163e-14
2 3.55271e-14
3 -2.84217e-14
15 3
1 -3.28626e-14
2 2.30926e-14
3 -2.13163e-14
16 3
1 -1.19904e-14
2 1.77636e-14
3 -2.13163e-14
17 3
1 4.44089e-16
2 2.30926e-14
3 -2.13163e-14
18 3
1 -3.33067e-14
2 3.19744e-14
3 -2.30926e-14
19 3
1 -5.77316e-15
2 3.01981e-14
3 -1.77636e-14
20 3
1 -3.06422e-14
2 8.88178e-15
3 -1.95399e-14
21 3
1 -2.08722e-14
2 9.76996e-15
3 -3.01981e-14
22 3
1 1.11022e-14
2 3.28626e-14
3 -2.13163e-14
23 3
1 -7.10543e-15
2 4.79616e-14
3 -4.26326e-14
24 3
1 -1.33227e-14
2 7.10543e-15
3 5.32907e-15
25 3
1 1.11022e-14
2 1.06581e-14
3 -4.08562e-14
26 3
1 -1.37668e-14
2 4.9738e-14
3 -3.37508e-14
27 3
1 -1.59872e-14
2 1.33227e-14
3 -3.55271e-14
28 3
1 -2.17604e-14
2 1.77636e-14
3 -2.13163e-14
29 3
1 -1.46549e-14
2 1.42109e-14
3 -2.4869e-14
30 3
1 -6.21725e-15
2 7.10543e-15
3 -2.4869e-14
31 3
1 -1.59872e-14
2 2.22045e-14
3 -6.39488e-14
32 3
1 -3.10862e-15
2 1.15463e-14
3 -6.21725e-14
33 3
1 -1.95399e-14
2 1.33227e-14
3 -1.24345e-14
34 3
1 -8.88178e-16
2 2.75335e-14
3 -2.66454e-14
35 3
1 -5.77316e-15
2 4.35207e-14
3 -1.24345e-14
36 3
1 5.32907e-15
2 3.01981e-14
3 -1.95399e-14
37 3
1 2.79776e-14
2 3.37508e-14
3 -3.73035e-14
38 3
1 3.81917e-14
2 4.44089e-14
3 -4.79616e-14
39 3
1 -1.9984e-14
2 1.77636e-14
3 -1.59872e-14
40 3
1 2.39808e-14
2 2.75335e-14
3 -3.55271e-14
41 3
1 2.4869e-14
2 3.19744e-14
3 -4.08562e-14
42 3
1 6.66134e-15
2 0
3 -4.9738e-14
43 3
1 -8.88178e-15
2 1.77636e-15
3 -2.4869e-14
44 3
1 1.19904e-14
2 5.32907e-15
3 -6.39488e-14
45 3
1 5.32907e-15
2 2.66454e-14
3 -5.50671e-14
46 3
1 -1.55431e-14
2 8.88178e-15
3 -3.55271e-14
47 3
1 -2.26485e-14
2 2.30926e-14
3 -2.84217e-14
48 3
1 -2.22045e-14
2 -2.13163e-14
3 -3.55271e-14
49 3
1 0
2 3.81917e-14
3 -3.01981e-14
50 3
1 -6.21725e-15
2 2.4869e-14
3 -2.4869e-14
51 3
1 -2.35367e-14
2 3.19744e-14
3 -2.13163e-14
52 3
1 -6.66134e-15
2 2.57572e-14
3 -2.4869e-14
53 3
1 1.55431e-14
2 1.68754e-14
3 -3.55271e-15
54 3
1 5.32907e-15
2 3.81917e-14
3 7.10543e-15
55 3
1 -7.54952e-15
2 6.21725e-15
3 -3.55271e-14
56 3
1 4.88498e-15
2 2.39808e-14
3 -1.24345e-14
57 3
1 1.59872e-14
2 -7.99361e-15
3 -5.32907e-15
58 3
1 -2.17604e-14
2 3.37508e-14
3 -1.24345e-14
59 3
1 -5.77316e-15
2 7.10543e-15
3 -4.08562e-14
60 3
1 1.33227e-15
2 3.37508e-14
3 -5.32907e-15
61 3
1 -2.75335e-14
2 -5.32907e-15
3 -5.15143e-14
62 3
1 -2.84217e-14
2 -1.68754e-14
3 -2.66454e-14
63 3
1 5.77316e-15
2 3.19744e-14
3 -2.30926e-14
64 3
1 -7.99361e-15
2 1.24345e-14
3 -7.10543e-15
65 3
1 -1.73195e-14
2 -3.55271e-15
3 -4.26326e-14
66 3
1 1.37668e-14
2 3.90799e-14
3 -1.42109e-14
67 3
1 2.26485e-14
2 3.55271e-14
3 -2.84217e-14
68 3
1 8.88178e-16
2 3.90799e-14
3 -3.55271e-14
69 3
1 8.88178e-16
2 2.4869e-14
3 -3.55271e-14
70 3
1 1.24345e-14
2 8.88178e-16
3 -1.42109e-14
71 3
1 -2.13163e-14
2 1.15463e-14
3 -1.77636e-14
72 3
1 -7.99361e-15
2 -1.77636e-15
3 -3.19744e-14
73 3
1 -1.33227e-15
2 1.06581e-14
3 -2.66454e-14
74 3
1 1.33227e-15
2 3.37508e-14
3 -5.32907e-14
75 3
1 -1.64313e-14
2 3.55271e-14
3 -1.95399e-14
76 3
1 1.37668e-14
2 2.30926e-14
3 -4.79616e-14
77 3
1 -6.66134e-15
2 1.42109e-14
3 -3.01981e-14
78 3
1 8.43769e-15
2 8.88178e-15
3 -1.59872e-14
79 3
1 1.73195e-14
2 3.28626e-14
3 -3.90799e-14
80 3
1 -5.77316e-15
2 3.81917e-14
3 -4.44089e-14
81 3
1 -3.01981e-14
2 1.24345e-14
3 -1.77636e-14
82 3
1 -1.59872e-14
2 4.26326e-14
3 -1.95399e-14
83 3
1 3.37508e-14
2 2.93099e-14
3 -4.44089e-14
84 3
1 3.10862e-15
2 2.04281e-14
3 -1.42109e-14
85 3
1 4.44089e-16
2 -1.15463e-14
3 -8.88178e-15
86 3
1 -1.95399e-14
2 2.75335e-14
3 -1.06581e-14
87 3
1 -3.55271e-15
2 2.13163e-14
3 -2.30926e-14
88 3
1 -2.62013e-14
2 3.90799e-14
3 7.10543e-15
89 3
1 4.88498e-15
2 3.9968e-14
3 -3.55271e-14
90 3
1 -3.9968e-15
2 7.99361e-15
3 -8.88178e-15
91 3
1 -2.66454e-14
2 4.70735e-14
3 -3.01981e-14
92 3
1 -1.42109e-14
2 4.61853e-14
3 -1.24345e-14
93 3
1 1.77636e-15
2 4.08562e-14
3 0
94 3
1 -1.33227e-15
2 8.88178e-15
3 -6.57252e-14
95 3
1 -5.32907e-15
2 1.77636e-14
3 -1.95399e-14
96 3
1 -3.10862e-15
2 1.15463e-14
3 -2.66454e-14
97 3
1 -2.66454e-15
2 1.59872e-14
3 -1.42109e-14
98 3
1 -5.32907e-15
2 1.42109e-14
3 -1.24345e-14
99 3
1 -3.55271e-15
2 1.24345e-14
3 -6.03961e-14
100 3
1 2.22045e-14
2 5.50671e-14
3 -3.19744e-14
101 3
1 -2.79776e-14
2 3.19744e-14
3 -3.01981e-14
102 3
1 -2.70894e-14
2 4.35207e-14
3 -1.95399e-14
103 3
1 -2.4869e-14
2 -1.5099e-14
3 -1.06581e-14
104 3
1 -6.21725e-15
2 2.4869e-14
3 -2.4869e-14
105 3
1 -3.33067e-14
2 4.26326e-14
3 -3.19744e-14
106 3
1 1.77636e-15
2 4.52971e-14
3 -1.95399e-14
107 3
1 -2.93099e-14
2 3.01981e-14
3 3.55271e-15
108 3
1 -9.32587e-15
2 2.13163e-14
3 -3.55271e-14
109 3
1 -3.28626e-14
2 3.81917e-14
3 -1.06581e-14
110 3
1 -2.57572e-14
2 1.95399e-14
3 -4.44089e-14
111 3
1 1.15463e-14
2 5.15143e-14
3 -4.26326e-14
112 3
1 -8.88178e-16
2 4.70735e-14
3 -7.10543e-15
113 3
1 -3.37508e-14
2 5.06262e-14
3 -5.50671e-14
114 3
1 -7.54952e-15
2 2.66454e-14
3 -4.08562e-14
115 3
1 -1.95399e-14
2 1.33227e-14
3 -8.88178e-15
116 3
1 1.37668e-14
2 2.04281e-14
3 -3.19744e-14
117 3
1 -2.70894e-14
2 2.4869e-14
3 -2.66454e-14
118 3
1 -1.77636e-15
2 7.10543e-15
3 -3.19744e-14
119 3
1 -1.19904e-14
2 2.66454e-15
3 -2.66454e-14
120 3
1 -3.06422e-14
2 3.90799e-14
3 -1.77636e-14
121 3
1 -2.30926e-14
2 3.73035e-14
3 -2.30926e-14
122 3
1 -1.68754e-14
2 2.30926e-14
3 -1.77636e-14
123 3
1 -1.02141e-14
2 1.24345e-14
3 -3.73035e-14
124 3
1 -1.64313e-14
2 3.01981e-14
3 -6.75016e-14
125 3
1 7.99361e-15
2 6.03961e-14
3 -4.79616e-14
126 3
1 -1.64313e-14
2 3.90799e-14
3 -1.06581e-14
127 3
1 2.66454e-15
2 3.19744e-14
3 -7.10543e-15
128 3
1 6.21725e-15
2 1.59872e-14
3 -4.44089e-14
129 3
1 -4.88498e-14
2 2.84217e-14
3 -4.61853e-14
130 3
1 -1.37668e-14
2 3.55271e-14
3 -1.42109e-14
131 3
1 -1.42109e-14
2 5.68434e-14
3 -1.24345e-14
132 3
1 -2.9754e-14
2 5.15143e-14
3 -3.19744e-14
133 3
1 2.66454e-15
2 5.32907e-14
3 -2.13163e-14
134 3
1 -1.02141e-14
2 7.28306e-14
3 -2.30926e-14
135 3
1 -4.21885e-14
2 5.15143e-14
3 -1.06581e-14
136 3
1 -4.04121e-14
2 5.32907e-14
3 -3.90799e-14
137 3
1 -1.82077e-14
2 3.37508e-14
3 -3.73035e-14
138 3
1 -3.81917e-14
2 3.90799e-14
3 -2.84217e-14
139 3
1 -1.33227e-15
2 3.55271e-14
3 -3.19744e-14
140 3
1 -1.5099e-14
2 4.9738e-14
3 -1.77636e-14
141 3
1 -2.22045e-14
2 2.4869e-14
3 -4.61853e-14
142 3
1 -3.81917e-14
2 1.24345e-14
3 -4.61853e-14
143 3
1 1.77636e-15
2 3.73035e-14
3 -6.21725e-14
144 3
1 -1.02141e-14
2 3.55271e-14
3 -3.37508e-14
145 3
1 -1.46549e-14
2 3.90799e-14
3 -1.77636e-14
146 3
1 -5.32907e-15
2 2.84217e-14
3 -2.30926e-14
147 3
1 -2.17604e-14
2 2.13163e-14
3 -3.37508e-14
148 3
1 -1.11022e-14
2 3.90799e-14
3 -5.32907e-14
149 3
1 -2.04281e-14
2 3.19744e-14
3 -3.37508e-14
150 3
1 -1.9984e-14
2 1.77636e-14
3 -6.39488e-14
151 3
1 3.37508e-14
2 4.9738e-14
3 -2.13163e-14
152 3
1 9.32587e-15
2 1.77636e-14
3 -4.44089e-14
153 3
1 1.24345e-14
2 1.95399e-14
3 -5.86198e-14
154 3
1 -3.64153e-14
2 4.61853e-14
3 -3.01981e-14
155 3
1 1.86517e-14
2 3.37508e-14
3 -3.90799e-14
156 3
1 -1.11022e-14
2 3.19744e-14
3 -1.95399e-14
157 3
1 -1.90958e-14
2 5.68434e-14
3 -4.26326e-14
158 3
1 2.66454e-14
2 2.84217e-14
3 -4.26326e-14
159 3
1 2.88658e-14
2 1.59872e-14
3 -3.73035e-14
160 3
1 1.15463e-14
2 2.30926e-14
3 -5.86198e-14
161 3
1 -2.70894e-14
2 -1.77636e-15
3 -1.59872e-14
162 3
1 1.77636e-15
2 5.15143e-14
3 -3.90799e-14
163 3
1 1.28786e-14
2 3.37508e-14
3 -2.30926e-14
164 3
1 1.24345e-14
2 3.90799e-14
3 -6.39488e-14
165 3
1 -1.59872e-14
2 2.4869e-14
3 -5.68434e-14
166 3
1 -6.21725e-15
2 4.9738e-14
3 -2.30926e-14
167 3
1 -1.90958e-14
2 -2.66454e-14
3 -2.84217e-14
168 3
1 -8.88178e-16
2 2.13163e-14
3 -4.44089e-14
169 3
1 -7.54952e-15
2 3.73035e-14
3 -6.03961e-14
170 3
1 -3.4639e-14
2 1.42109e-14
3 -4.61853e-14
171 3
1 2.08722e-14
2 3.01981e-14
3 -2.4869e-14
172 3
1 -1.06581e-14
2 -1.06581e-14
3 -4.08562e-14
173 3
1 2.66454e-14
2 1.77636e-14
3 -4.61853e-14
174 3
1 2.66454e-15
2 2.30926e-14
3 -1.95399e-14
175 3
1 2.70894e-14
2 3.37508e-14
3 -7.81597e-14
176 3
1 3.55271e-15
2 2.4869e-14
3 -4.61853e-14
177 3
1 -3.9968e-15
2 4.44089e-14
3 -3.90799e-14
178 3
1 4.88498e-15
2 5.15143e-14
3 -2.66454e-14
179 3
1 3.55271e-15
2 2.66454e-14
3 -3.55271e-14
180 3
1 3.55271e-15
2 3.01981e-14
3 -1.95399e-14
181 3
1 1.33227e-14
2 8.17124e-14
3 -1.95399e-14
182 3
1 4.88498e-15
2 3.37508e-14
3 -3.01981e-14
183 3
1 -7.54952e-15
2 2.30926e-14
3 -1.06581e-14
184 3
1 6.66134e-15
2 4.9738e-14
3 -3.19744e-14
185 3
1 2.22045e-15
2 2.4869e-14
3 -3.73035e-14
186 3
1 1.33227e-15
2 2.30926e-14
3 -3.19744e-14
187 3
1 -3.10862e-15
2 2.30926e-14
3 -3.55271e-14
188 3
1 -1.06581e-14
2 3.01981e-14
3 -2.66454e-14
189 3
1 -4.44089e-16
2 2.66454e-14
3 -3.19744e-14
190 3
1 2.22045e-15
2 1.59872e-14
3 -5.50671e-14
191 3
1 2.39808e-14
2 4.26326e-14
3 -8.88178e-15
192 3
1 2.88658e-14
2 1.42109e-14
3 -7.10543e-15
193 3
1 -1.33227e-14
2 4.08562e-14
3 -1.77636e-14
194 3
1 -5.32907e-15
2 4.79616e-14
3 -2.30926e-14
195 3
1 1.33227e-15
2 3.90799e-14
3 -4.44089e-14
196 3
1 -1.68754e-14
2 3.37508e-14
3 -6.75016e-14
197 3
1 2.08722e-14
2 6.03961e-14
3 -1.59872e-14
198 3
1 2.79776e-14
2 5.50671e-14
3 -3.90799e-14
199 3
1 1.73195e-14
2 3.37508e-14
3 -4.44089e-14
200 3
1 2.62013e-14
2 3.90799e-14
3 -3.55271e-15
201 3
1 1.46549e-14
2 2.13163e-14
3 -2.4869e-14
202 3
1 1.64313e-14
2 3.19744e-14
3 -5.68434e-14
203 3
1 1.28786e-14
2 1.59872e-14
3 -3.01981e-14
204 3
1 1.68754e-14
2 1.42109e-14
3 -1.59872e-14
205 3
1 2.26485e-14
2 6.75016e-14
3 -2.30926e-14
206 3
1 2.88658e-14
2 3.55271e-14
3 -5.32907e-15
207 3
1 1.28786e-14
2 3.73035e-14
3 -4.9738e-14
208 3
1 0
2 1.95399e-14
3 -2.13163e-14
209 3
1 3.15303e-14
2 1.95399e-14
3 -2.4869e-14
210 3
1 2.22045e-14
2 6.92779e-14
3 -2.13163e-14
211 3
1 -5.32907e-15
2 2.13163e-14
3 -1.06581e-14
212 3
1 -2.39808e-14
2 8.34888e-14
3 -2.66454e-14
213 3
1 -4.44089e-16
2 2.4869e-14
3 -1.77636e-15
214 3
1 4.70735e-14
2 2.84217e-14
3 -3.37508e-14
215 3
1 7.99361e-15
2 2.30926e-14
3 -5.32907e-15
216 3
1 4.13003e-14
2 2.4869e-14
3 -1.95399e-14
217 3
1 6.21725e-15
2 4.79616e-14
3 5.32907e-15
218 3
1 1.28786e-14
2 2.13163e-14
3 -2.30926e-14
219 3
1 -6.21725e-15
2 3.37508e-14
3 -3.55271e-14
220 3
1 3.10862e-15
2 2.84217e-14
3 -4.26326e-14
221 3
1 5.01821e-14
2 -5.32907e-15
3 -1.77636e-14
222 3
1 -6.21725e-15
2 -1.59872e-14
3 -1.77636e-14
223 3
1 3.24185e-14
2 2.13163e-14
3 -7.10543e-15
224 3
1 4.13003e-14
2 -3.55271e-15
3 -2.84217e-14
225 3
1 6.66134e-15
2 1.24345e-14
3 0
226 3
1 4.30767e-14
2 1.59872e-14
3 1.42109e-14
227 3
1 -1.77636e-15
2 3.01981e-14
3 -3.90799e-14
228 3
1 2.39808e-14
2 3.90799e-14
3 -3.55271e-15
229 3
1 8.43769e-15
2 8.88178e-15
3 -7.10543e-15
230 3
1 2.22045e-14
2 3.55271e-14
3 -2.4869e-14
231 3
1 1.33227e-14
2 4.08562e-14
3 -1.24345e-14
232 3
1 3.68594e-14
2 6.92779e-14
3 -3.19744e-14
233 3
1 8.88178e-16
2 1.77636e-14
3 -3.19744e-14
234 3
1 3.06422e-14
2 -3.55271e-15
3 -2.13163e-14
235 3
1 4.84057e-14
2 1.24345e-14
3 -4.08562e-14
236 3
1 4.79616e-14
2 3.19744e-14
3 -3.90799e-14
237 3
1 3.86358e-14
2 2.84217e-14
3 -3.01981e-14
238 3
1 1.68754e-14
2 1.77636e-14
3 -3.90799e-14
239 3
1 3.19744e-14
2 6.21725e-14
3 -1.42109e-14
240 3
1 7.68274e-14
2 0
3 -2.66454e-14
241 3
1 1.64313e-14
2 2.13163e-14
3 -4.9738e-14
242 3
1 1.19904e-14
2 3.90799e-14
3 -3.19744e-14
243 3
1 3.24185e-14
2 3.55271e-14
3 -8.88178e-14
244 3
1 1.73195e-14
2 1.95399e-14
3 -2.13163e-14
245 3
1 1.46549e-14
2 7.10543e-15
3 -3.19744e-14
246 3
1 4.35207e-14
2 1.06581e-14
3 -2.4869e-14
247 3
1 3.24185e-14
2 3.01981e-14
3 -5.32907e-15
248 3
1 2.04281e-14
2 1.24345e-14
3 -2.4869e-14
249 3
1 1.33227e-14
2 4.08562e-14
3 -3.73035e-14
250 3
1 -2.08722e-14
2 4.26326e-14
3 -4.08562e-14
251 3
1 1.64313e-14
2 3.55271e-14
3 -3.73035e-14
252 3
1 1.5099e-14
2 5.68434e-14
3 -2.4869e-14
253 3
1 0
2 1.06581e-14
3 -2.30926e-14
254 3
1 3.15303e-14
2 -5.32907e-15
3 -2.30926e-14
255 3
1 5.37348e-14
2 1.59872e-14
3 -2.13163e-14
256 3
1 -2.08722e-14
2 3.55271e-15
3 -1.95399e-14
257 3
1 9.76996e-15
2 4.61853e-14
3 -4.9738e-14
258 3
1 7.54952e-15
2 1.06581e-14
3 -3.19744e-14
259 3
1 4.75175e-14
2 2.30926e-14
3 -1.06581e-14
260 3
1 3.81917e-14
2 6.03961e-14
3 -4.79616e-14
261 3
1 1.82077e-14
2 4.08562e-14
3 -2.13163e-14
262 3
1 1.33227e-14
2 1.77636e-14
3 -5.86198e-14
263 3
1 1.9984e-14
2 4.61853e-14
3 -1.42109e-14
264 3
1 -3.28626e-14
2 -1.42109e-14
3 -5.15143e-14
265 3
1 1.90958e-14
2 2.84217e-14
3 -4.9738e-14
266 3
1 -8.88178e-15
2 -1.24345e-14
3 -3.01981e-14
267 3
1 1.95399e-14
2 1.42109e-14
3 -1.42109e-14
268 3
1 2.4869e-14
2 3.19744e-14
3 -3.55271e-14
269 3
1 1.5099e-14
2 7.10543e-15
3 -1.59872e-14
270 3
1 1.42109e-14
2 4.9738e-14
3 -1.24345e-14
271 3
1 2.53131e-14
2 5.68434e-14
3 -4.08562e-14
272 3
1 3.59712e-14
2 1.24345e-14
3 -3.37508e-14
273 3
1 1.15463e-14
2 2.84217e-14
3 -4.44089e-14
274 3
1 6.21725e-15
2 6.21725e-14
3 -5.86198e-14
275 3
1 4.44089e-14
2 2.30926e-14
3 -2.30926e-14
276 3
1 2.84217e-14
2 3.37508e-14
3 -6.21725e-14
277 3
1 2.26485e-14
2 7.10543e-15
3 2.4869e-14
278 3
1 2.70894e-14
2 2.30926e-14
3 -3.55271e-15
279 3
1 3.55271e-15
2 1.42109e-14
3 -4.08562e-14
280 3
1 1.9984e-14
2 3.01981e-14
3 -2.4869e-14
281 3
1 3.33067e-14
2 4.70735e-14
3 -4.08562e-14
282 3
1 9.76996e-15
2 2.75335e-14
3 -3.73035e-14
283 3
1 2.13163e-14
2 6.21725e-15
3 -4.08562e-14
284 3
1 3.19744e-14
2 3.55271e-15
3 -5.50671e-14
285 3
1 9.32587e-15
2 3.64153e-14
3 -3.37508e-14
286 3
1 2.17604e-14
2 2.75335e-14
3 -3.73035e-14
287 3
1 3.10862e-14
2 3.28626e-14
3 -4.9738e-14
288 3
1 2.13163e-14
2 7.10543e-15
3 -4.26326e-14
289 3
1 1.15463e-14
2 9.76996e-15
3 -4.44089e-14
290 3
1 3.9746e-14
2 7.10543e-15
3 -2.13163e-14
291 3
1 3.4639e-14
2 -5.32907e-15
3 -3.37508e-14
292 3
1 1.24345e-14
2 4.26326e-14
3 -2.84217e-14
293 3
1 -1.5099e-14
2 1.77636e-15
3 -4.9738e-14
294 3
1 3.08642e-14
2 2.66454e-14
3 -3.01981e-14
295 3
1 1.75415e-14
2 1.77636e-15
3 -4.26326e-14
296 3
1 8.21565e-15
2 -1.42109e-14
3 -4.08562e-14
297 3
1 7.54952e-15
2 1.95399e-14
3 -4.44089e-14
298 3
1 1.5099e-14
2 3.55271e-14
3 -4.08562e-14
299 3
1 3.15303e-14
2 2.30926e-14
3 -3.90799e-14
300 3
1 1.28786e-14
2 -5.32907e-15
3 -1.42109e-14
301 3
1 1.64313e-14
2 8.88178e-15
3 -4.79616e-14
302 3
1 1.95399e-14
2 1.24345e-14
3 -1.59872e-14
303 3
1 3.55271e-15
2 -7.10543e-15
3 -3.37508e-14
304 3
1 2.39808e-14
2 2.66454e-14
3 -1.77636e-14
305 3
1 5.77316e-15
2 3.19744e-14
3 -4.44089e-14
306 3
1 8.43769e-15
2 1.06581e-14
3 -3.90799e-14
307 3
1 -4.44089e-16
2 5.68434e-14
3 -3.01981e-14
308 3
1 3.55271e-14
2 3.55271e-15
3 -4.61853e-14
309 3
1 1.9984e-14
2 4.61853e-14
3 -4.79616e-14
310 3
1 -2.62013e-14
2 4.26326e-14
3 -4.44089e-14
311 3
1 -8.43769e-15
2 4.44089e-14
3 -2.30926e-14
312 3
1 -3.10862e-15
2 1.95399e-14
3 -5.68434e-14
313 3
1 4.75175e-14
2 7.10543e-15
3 -1.77636e-14
314 3
1 -1.46549e-14
2 2.13163e-14
3 -3.90799e-14
315 3
1 3.68594e-14
2 5.68434e-14
3 -3.73035e-14
316 3
1 4.52971e-14
2 1.06581e-14
3 -4.61853e-14
317 3
1 5.77316e-15
2 3.55271e-15
3 -1.77636e-14
318 3
1 1.42109e-14
2 3.01981e-14
3 -5.32907e-15
319 3
1 1.55431e-14
2 -5.32907e-15
3 -3.19744e-14
320 3
1 2.57572e-14
2 2.13163e-14
3 -1.95399e-14
321 3
1 3.28626e-14
2 2.84217e-14
3 -2.30926e-14
322 3
1 4.30767e-14
2 2.30926e-14
3 -3.55271e-14
323 3
1 2.4869e-14
2 3.90799e-14
3 -1.06581e-14
324 3
1 1.19904e-14
2 1.77636e-14
3 -3.19744e-14
325 3
1 5.72875e-14
2 8.88178e-15
3 -4.44089e-14
326 3
1 2.08722e-14
2 1.77636e-14
3 -4.79616e-14
327 3
1 1.73195e-14
2 4.26326e-14
3 5.32907e-15
328 3
1 3.90799e-14
2 3.90799e-14
3 -2.66454e-14
329 3
1 1.59872e-14
2 2.66454e-14
3 -3.55271e-14
330 3
1 4.44089e-15
2 2.84217e-14
3 -3.01981e-14
331 3
1 1.64313e-14
2 5.68434e-14
3 -8.88178e-15
332 3
1 2.44249e-14
2 3.90799e-14
3 -2.84217e-14
333 3
1 6.21725e-15
2 2.30926e-14
3 -2.4869e-14
334 3
1 1.77636e-15
2 7.10543e-14
3 -3.55271e-14
335 3
1 1.28786e-14
2 5.15143e-14
3 -1.24345e-14
336 3
1 4.88498e-15
2 1.59872e-14
3 -3.01981e-14
337 3
1 5.77316e-15
2 5.32907e-14
3 -2.13163e-14
338 3
1 3.68594e-14
2 1.59872e-14
3 -3.19744e-14
339 3
1 -6.21725e-15
2 2.30926e-14
3 -3.01981e-14
340 3
1 4.88498e-15
2 5.32907e-14
3 -1.59872e-14
341 3
1 -7.54952e-15
2 4.9738e-14
3 -3.73035e-14
342 3
1 -2.66454e-15
2 3.01981e-14
3 -3.19744e-14
343 3
1 1.64313e-14
2 1.59872e-14
3 0
344 3
1 -1.86517e-14
2 3.90799e-14
3 -3.55271e-14
345 3
1 -3.01981e-14
2 2.4869e-14
3 -3.01981e-14
346 3
1 1.33227e-14
2 2.13163e-14
3 -3.01981e-14
347 3
1 1.19904e-14
2 2.4869e-14
3 -1.95399e-14
348 3
1 -1.90958e-14
2 4.61853e-14
3 -1.77636e-15
349 3
1 1.06581e-14
2 1.77636e-14
3 -1.77636e-14
350 3
1 -5.77316e-15
2 7.10543e-15
3 -2.4869e-14
351 3
1 -5.77316e-15
2 3.37508e-14
3 -1.77636e-14
352 3
1 5.77316e-15
2 6.39488e-14
3 -3.90799e-14
353 3
1 1.19904e-14
2 2.84217e-14
3 -1.42109e-14
354 3
1 -8.43769e-15
2 3.37508e-14
3 -8.88178e-15
355 3
1 1.5099e-14
2 3.90799e-14
3 -1.77636e-14
356 3
1 1.28786e-14
2 1.59872e-14
3 -3.19744e-14
357 3
1 4.44089e-15
2 5.32907e-15
3 -3.01981e-14
358 3
1 -1.28786e-14
2 0
3 -6.03961e-14
359 3
1 2.66454e-15
2 0
3 -4.61853e-14
360 3
1 -1.06581e-14
2 1.77636e-14
3 -1.42109e-14
361 3
1 1.90958e-14
2 4.9738e-14
3 -5.32907e-15
362 3
1 -4.88498e-15
2 -2.4869e-14
3 -2.84217e-14
363 3
1 3.4639e-14
2 1.95399e-14
3 -3.19744e-14
364 3
1 -1.77636e-15
2 3.01981e-14
3 -3.01981e-14
365 3
1 6.21725e-15
2 1.59872e-14
3 -3.73035e-14
366 3
1 8.88178e-15
2 1.77636e-14
3 -4.61853e-14
367 3
1 1.19904e-14
2 2.13163e-14
3 -3.19744e-14
368 3
1 2.04281e-14
2 1.06581e-14
3 -2.84217e-14
369 3
1 3.06422e-14
2 2.13163e-14
3 -3.55271e-14
370 3
1 3.28626e-14
2 2.13163e-14
3 -1.59872e-14
371 3
1 7.54952e-15
2 1.24345e-14
3 -1.42109e-14
372 3
1 1.33227e-15
2 4.08562e-14
3 -3.19744e-14
373 3
1 1.82077e-14
2 1.95399e-14
3 -4.08562e-14
374 3
1 -4.88498e-15
2 4.61853e-14
3 -3.90799e-14
375 3
1 -1.55431e-14
2 5.15143e-14
3 -5.32907e-14
376 3
1 -1.68754e-14
2 1.59872e-14
3 -3.01981e-14
377 3
1 -3.10862e-14
2 1.42109e-14
3 -4.08562e-14
378 3
1 -3.10862e-15
2 1.59872e-14
3 -2.4869e-14
379 3
1 -2.70894e-14
2 4.9738e-14
3 -2.4869e-14
380 3
1 -3.06422e-14
2 3.55271e-14
3 -3.90799e-14
381 3
1 7.54952e-15
2 2.66454e-14
3 -3.90799e-14
382 3
1 -8.88178e-15
2 7.10543e-15
3 -4.26326e-14
383 3
1 7.99361e-15
2 3.01981e-14
3 -3.73035e-14
384 3
1 2.66454e-15
2 1.95399e-14
3 -5.86198e-14
385 3
1 9.76996e-15
2 3.55271e-14
3 -2.13163e-14
386 3
1 -2.39808e-14
2 6.03961e-14
3 -1.42109e-14
387 3
1 2.66454e-15
2 1.42109e-14
3 -1.42109e-14
388 3
1 -5.77316e-15
2 2.30926e-14
3 -4.79616e-14
389 3
1 3.41949e-14
2 1.77636e-15
3 -2.66454e-14
390 3
1 -3.9968e-15
2 5.15143e-14
3 -6.03961e-14
391 3
1 1.9984e-14
2 2.84217e-14
3 -4.44089e-14
392 3
1 2.79776e-14
2 2.4869e-14
3 -2.66454e-14
393 3
1 -7.54952e-15
2 1.77636e-15
3 -6.21725e-14
394 3
1 -2.93099e-14
2 3.19744e-14
3 -3.90799e-14
395 3
1 -1.24345e-14
2 4.08562e-14
3 -8.34888e-14
396 3
1 -1.9984e-14
2 4.08562e-14
3 -5.32907e-14
397 3
1 1.06581e-14
2 2.13163e-14
3 -2.4869e-14
398 3
1 -5.77316e-15
2 4.79616e-14
3 -2.30926e-14
399 3
1 2.66454e-15
2 5.86198e-14
3 -4.44089e-14
400 3
1 -5.32907e-15
2 2.30926e-14
3 -3.90799e-14
401 3
1 -1.28786e-14
2 -4.44089e-15
3 -6.57252e-14
402 3
1 -4.44089e-16
2 2.57572e-14
3 -2.4869e-14
403 3
1 1.46549e-14
2 3.90799e-14
3 -3.90799e-14
404 3
1 -1.64313e-14
2 2.66454e-14
3 -4.26326e-14
405 3
1 5.32907e-15
2 1.68754e-14
3 -4.79616e-14
406 3
1 -7.10543e-15
2 3.90799e-14
3 0
407 3
1 9.76996e-15
2 4.88498e-14
3 -3.37508e-14
408 3
1 -3.9968e-15
2 3.9968e-14
3 -1.95399e-14
409 3
1 1.28786e-14
2 3.4639e-14
3 -3.73035e-14
410 3
1 3.06422e-14
2 1.59872e-14
3 -1.24345e-14
411 3
1 -1.86517e-14
2 1.33227e-14
3 -1.42109e-14
412 3
1 -1.06581e-14
2 3.37508e-14
3 -5.86198e-14
413 3
1 3.55271e-15
2 3.37508e-14
3 -3.55271e-15
414 3
1 3.41949e-14
2 4.44089e-15
3 -2.66454e-14
415 3
1 -6.21725e-15
2 1.15463e-14
3 -1.95399e-14
416 3
1 -4.44089e-15
2 8.52651e-14
3 -3.90799e-14
417 3
1 1.77636e-15
2 2.39808e-14
3 -2.84217e-14
418 3
1 1.19904e-14
2 4.17444e-14
3 -3.73035e-14
419 3
1 4.44089e-16
2 3.01981e-14
3 -6.39488e-14
420 3
1 3.06422e-14
2 4.26326e-14
3 -2.13163e-14
421 3
1 2.08722e-14
2 3.01981e-14
3 -3.37508e-14
422 3
1 -4.88498e-15
2 3.64153e-14
3 -7.10543e-15
423 3
1 5.32907e-15
2 5.50671e-14
3 -2.13163e-14
424 3
1 7.10543e-15
2 4.08562e-14
3 7.10543e-15
425 3
1 2.66454e-15
2 4.08562e-14
3 -4.08562e-14
426 3
1 -2.35367e-14
2 2.57572e-14
3 -5.32907e-15
427 3
1 -1.11022e-14
2 4.35207e-14
3 -1.24345e-14
428 3
1 2.62013e-14
2 2.30926e-14
3 -2.30926e-14
429 3
1 -1.86517e-14
2 1.42109e-14
3 -7.10543e-15
430 3
1 -2.26485e-14
2 3.55271e-14
3 -7.10543e-15
431 3
1 4.44089e-16
2 4.26326e-14
3 5.32907e-15
432 3
1 1.33227e-15
2 3.73035e-14
3 2.4869e-14
433 3
1 1.24345e-14
2 4.70735e-14
3 3.55271e-15
434 3
1 -1.95399e-14
2 4.88498e-14
3 -1.24345e-14
435 3
1 1.77636e-14
2 2.66454e-15
3 0
436 3
1 -4.44089e-16
2 1.68754e-14
3 3.19744e-14
437 3
1 -1.73195e-14
2 1.15463e-14
3 1.95399e-14
438 3
1 2.22045e-15
2 2.75335e-14
3 5.32907e-15
439 3
1 3.10862e-15
2 5.32907e-15
3 7.10543e-15
440 3
1 0
2 5.77316e-14
3 -4.26326e-14
441 3
1 3.10862e-15
2 5.50671e-14
3 -3.55271e-15
442 3
1 -4.88498e-15
2 3.81917e-14
3 -1.06581e-14
443 3
1 -1.42109e-14
2 4.9738e-14
3 -1.42109e-14
444 3
1 7.99361e-15
2 6.21725e-15
3 -1.77636e-15
445 3
1 -2.57572e-14
2 1.59872e-14
3 -1.59872e-14
446 3
1 2.44249e-14
2 3.81917e-14
3 -3.01981e-14
447 3
1 -1.46549e-14
2 1.95399e-14
3 1.06581e-14
448 3
1 3.24185e-14
2 3.10862e-14
3 -5.32907e-15
449 3
1 8.43769e-15
2 4.9738e-14
3 -2.66454e-14
450 3
1 1.77636e-14
2 3.37508e-14
3 -1.42109e-14
451 3
1 -9.76996e-15
2 2.75335e-14
3 -8.88178e-15
452 3
1 1.24345e-14
2 6.92779e-14
3 -1.24345e-14
453 3
1 1.77636e-15
2 4.79616e-14
3 -5.86198e-14
454 3
1 1.33227e-14
2 1.59872e-14
3 1.24345e-14
455 3
1 -7.10543e-15
2 5.32907e-14
3 -4.79616e-14
456 3
1 1.95399e-14
2 5.77316e-14
3 -1.06581e-14
457 3
1 8.88178e-15
2 2.39808e-14
3 -1.77636e-15
458 3
1 -1.68754e-14
2 4.35207e-14
3 -8.88178e-15
459 3
1 3.01981e-14
2 2.84217e-14
3 3.55271e-15
460 3
1 -1.33227e-15
2 8.88178e-16
3 1.24345e-14
461 3
1 2.08722e-14
2 3.81917e-14
3 8.88178e-15
462 3
1 -2.75335e-14
2 1.59872e-14
3 -3.55271e-15
463 3
1 2.44249e-14
2 1.59872e-14
3 1.77636e-15
464 3
1 1.33227e-14
2 4.44089e-15
3 -1.59872e-14
465 3
1 2.93099e-14
2 1.86517e-14
3 3.55271e-15
466 3
1 4.88498e-15
2 1.42109e-14
3 -1.06581e-14
467 3
1 5.77316e-15
2 1.59872e-14
3 -2.4869e-14
468 3
1 2.62013e-14
2 4.35207e-14
3 -7.10543e-15
469 3
1 3.9968e-15
2 2.13163e-14
3 -2.4869e-14
470 3
1 5.77316e-15
2 2.04281e-14
3 -1.42109e-14
471 3
1 -2.17604e-14
2 2.84217e-14
3 -1.77636e-15
472 3
1 3.9968e-14
2 1.24345e-14
3 -1.77636e-15
473 3
1 2.30926e-14
2 5.50671e-14
3 8.88178e-15
474 3
1 -2.70894e-14
2 8.88178e-16
3 -3.55271e-14
475 3
1 3.19744e-14
2 6.12843e-14
3 -3.55271e-15
476 3
1 2.22045e-15
2 5.9508e-14
3 -2.66454e-14
477 3
1 1.24345e-14
2 8.88178e-15
3 -4.08562e-14
478 3
1 1.06581e-14
2 2.04281e-14
3 -1.59872e-14
479 3
1 8.88178e-16
2 5.41789e-14
3 -2.4869e-14
480 3
1 5.32907e-15
2 2.57572e-14
3 -1.42109e-14
481 3
1 5.32907e-15
2 3.90799e-14
3 -1.77636e-14
482 3
1 4.30767e-14
2 2.4869e-14
3 -6.21725e-15
483 3
1 1.42109e-14
2 2.75335e-14
3 -7.10543e-15
484 3
1 2.75335e-14
2 5.15143e-14
3 0
485 3
1 1.95399e-14
2 4.61853e-14
3 -3.4639e-14
486 3
1 4.08562e-14
2 6.03961e-14
3 3.55271e-15
487 3
1 2.93099e-14
2 1.15463e-14
3 -1.42109e-14
488 3
1 2.57572e-14
2 1.15463e-14
3 3.19744e-14
489 3
1 6.21725e-15
2 -1.77636e-15
3 -1.77636e-15
490 3
1 1.28786e-14
2 7.99361e-15
3 -1.77636e-15
491 3
1 2.04281e-14
2 8.88178e-15
3 -3.55271e-15
492 3
1 4.17444e-14
2 1.59872e-14
3 -1.59872e-14
493 3
1 3.01981e-14
2 3.81917e-14
3 -8.88178e-15
494 3
1 2.84217e-14
2 2.13163e-14
3 0
495 3
1 3.95239e-14
2 7.99361e-15
3 -1.77636e-15
496 3
1 2.44249e-14
2 3.28626e-14
3 -5.32907e-15
497 3
1 -1.33227e-15
2 -6.21725e-15
3 -2.30926e-14
498 3
1 -2.53131e-14
2 5.06262e-14
3 -2.13163e-14
499 3
1 9.32587e-15
2 4.17444e-14
3 5.32907e-15
500 3
1 1.95399e-14
2 3.4639e-14
3 -3.73035e-14
501 3
1 4.08562e-14
2 2.4869e-14
3 -5.32907e-15
502 3
1 2.66454e-14
2 2.30926e-14
3 -2.30926e-14
503 3
1 1.95399e-14
2 5.32907e-15
3 1.77636e-15
504 3
1 2.75335e-14
2 4.17444e-14
3 -4.08562e-14
505 3
1 3.4639e-14
2 2.22045e-14
3 -7.10543e-15
506 3
1 5.32907e-15
2 3.73035e-14
3 -2.39808e-14
507 3
1 2.66454e-14
2 -7.99361e-15
3 -1.59872e-14
508 3
1 1.24345e-14
2 3.01981e-14
3 -1.77636e-15
509 3
1 9.76996e-15
2 1.59872e-14
3 -1.06581e-14
510 3
1 8.88178e-15
2 2.30926e-14
3 1.59872e-14
511 3
1 8.88178e-16
2 3.9968e-14
3 -1.06581e-14
512 3
1 4.44089e-14
2 -2.66454e-14
3 3.55271e-15
513 3
1 -1.42109e-14
2 -8.88178e-16
3 -1.77636e-15
514 3
1 1.86517e-14
2 5.50671e-14
3 -1.95399e-14
515 3
1 1.68754e-14
2 1.59872e-14
3 1.42109e-14
516 3
1 2.39808e-14
2 6.12843e-14
3 -2.30926e-14
517 3
1 1.06581e-14
2 2.75335e-14
3 -2.84217e-14
518 3
1 2.4869e-14
2 3.19744e-14
3 1.24345e-14
519 3
1 6.39488e-14
2 2.93099e-14
3 1.77636e-15
520 3
1 3.19744e-14
2 6.21725e-15
3 -4.17444e-14
521 3
1 8.88178e-15
2 -8.88178e-16
3 4.44089e-15
522 3
1 4.70735e-14
2 7.99361e-15
3 -7.10543e-15
523 3
1 3.55271e-15
2 2.39808e-14
3 -1.59872e-14
524 3
1 2.13163e-14
2 2.66454e-14
3 -1.59872e-14
525 3
1 1.33227e-14
2 1.95399e-14
3 1.06581e-14
526 3
1 1.33227e-14
2 -1.42109e-14
3 1.5099e-14
527 3
1 3.73035e-14
2 2.66454e-15
3 -1.77636e-15
528 3
1 3.01981e-14
2 5.06262e-14
3 -3.73035e-14
529 3
1 1.95399e-14
2 9.76996e-15
3 7.10543e-15
530 3
1 -3.55271e-15
2 -5.32907e-15
3 3.01981e-14
531 3
1 2.4869e-14
2 2.39808e-14
3 7.10543e-15
532 3
1 -1.33227e-14
2 -1.95399e-14
3 1.06581e-14
533 3
1 2.30926e-14
2 2.39808e-14
3 9.76996e-15
534 3
1 -2.75335e-14
2 3.28626e-14
3 -2.66454e-15
535 3
1 2.39808e-14
2 -3.55271e-15
3 6.21725e-15
536 3
1 1.15463e-14
2 -1.33227e-14
3 -6.21725e-15
537 3
1 1.86517e-14
2 1.59872e-14
3 -1.95399e-14
538 3
1 7.10543e-15
2 1.77636e-14
3 1.77636e-15
539 3
1 1.06581e-14
2 2.39808e-14
3 -1.59872e-14
540 3
1 1.42109e-14
2 7.10543e-15
3 -3.55271e-15
541 3
1 2.93099e-14
2 0
3 1.86517e-14
542 3
1 1.33227e-14
2 3.10862e-14
3 -1.42109e-14
543 3
1 2.13163e-14
2 4.26326e-14
3 0
544 3
1 1.59872e-14
2 1.5099e-14
3 3.19744e-14
545 3
1 2.57572e-14
2 2.22045e-14
3 2.66454e-14
546 3
1 1.77636e-14
2 2.30926e-14
3 2.84217e-14
547 3
1 -1.77636e-15
2 1.95399e-14
3 -7.10543e-15
548 3
1 2.4869e-14
2 1.33227e-14
3 -6.21725e-15
549 3
1 2.57572e-14
2 3.10862e-14
3 -3.55271e-15
550 3
1 0
2 1.59872e-14
3 -1.06581e-14
551 3
1 2.4869e-14
2 2.04281e-14
3 1.15463e-14
552 3
1 -4.61853e-14
2 3.19744e-14
3 -2.30926e-14
553 3
1 2.66454e-14
2 1.33227e-14
3 -2.66454e-15
554 3
1 3.55271e-14
2 2.30926e-14
3 -4.88498e-14
555 3
1 3.9968e-14
2 3.19744e-14
3 -3.01981e-14
556 3
1 -5.32907e-15
2 6.21725e-15
3 -3.37508e-14
557 3
1 3.55271e-14
2 2.30926e-14
3 -2.66454e-14
558 3
1 1.5099e-14
2 4.70735e-14
3 -7.10543e-15
559 3
1 1.5099e-14
2 1.33227e-14
3 -1.95399e-14
560 3
1 -1.33227e-14
2 5.15143e-14
3 3.55271e-15
561 3
1 -2.13163e-14
2 5.77316e-14
3 3.55271e-15
562 3
1 -1.15463e-14
2 1.06581e-14
3 8.88178e-15
563 3
1 8.88178e-15
2 1.33227e-14
3 -2.66454e-15
564 3
1 5.41789e-14
2 3.01981e-14
3 -6.21725e-15
565 3
1 1.77636e-14
2 1.95399e-14
3 -7.10543e-15
566 3
1 1.33227e-14
2 4.44089e-14
3 7.99361e-15
567 3
1 1.33227e-14
2 7.10543e-15
3 -1.24345e-14
568 3
1 -1.06581e-14
2 2.22045e-14
3 8.88178e-16
569 3
1 1.59872e-14
2 6.21725e-15
3 -2.57572e-14
570 3
1 6.21725e-15
2 1.59872e-14
3 -2.84217e-14
571 3
1 -2.66454e-14
2 5.32907e-14
3 -2.84217e-14
572 3
1 0
2 2.04281e-14
3 -5.32907e-15
573 3
1 9.76996e-15
2 2.66454e-15
3 1.42109e-14
574 3
1 -1.77636e-14
2 2.57572e-14
3 1.06581e-14
575 3
1 -8.88178e-15
2 2.13163e-14
3 0
576 3
1 1.06581e-14
2 1.95399e-14
3 -7.10543e-15
577 3
1 -1.77636e-14
2 4.17444e-14
3 -1.24345e-14
578 3
1 2.4869e-14
2 6.21725e-15
3 -8.88178e-15
579 3
1 1.77636e-15
2 1.24345e-14
3 -2.4869e-14
580 3
1 1.77636e-15
2 1.24345e-14
3 -1.95399e-14
581 3
1 3.64153e-14
2 3.55271e-14
3 -1.33227e-14
582 3
1 -1.42109e-14
2 4.17444e-14
3 -2.66454e-15
583 3
1 -1.68754e-14
2 2.22045e-14
3 -4.17444e-14
584 3
1 -9.76996e-15
2 5.9508e-14
3 9.76996e-15
585 3
1 -9.76996e-15
2 8.88178e-15
3 3.55271e-15
586 3
1 2.13163e-14
2 3.73035e-14
3 -6.21725e-15
587 3
1 -1.24345e-14
2 2.04281e-14
3 -2.66454e-14
588 3
1 -1.5099e-14
2 4.9738e-14
3 -4.52971e-14
589 3
1 1.06581e-14
2 4.61853e-14
3 -3.01981e-14
590 3
1 -5.32907e-15
2 7.99361e-15
3 -1.86517e-14
591 3
1 8.88178e-15
2 7.99361e-15
3 -4.35207e-14
592 3
1 4.44089e-14
2 3.01981e-14
3 8.88178e-15
593 3
1 2.30926e-14
2 3.19744e-14
3 1.15463e-14
594 3
1 1.5099e-14
2 2.93099e-14
3 -3.55271e-14
595 3
1 -1.24345e-14
2 3.9968e-14
3 -1.06581e-14
596 3
1 -1.15463e-14
2 4.79616e-14
3 -4.17444e-14
597 3
1 1.06581e-14
2 8.61533e-14
3 -4.17444e-14
598 3
1 5.32907e-15
2 4.88498e-14
3 -2.57572e-14
599 3
1 2.4869e-14
2 7.19425e-14
3 -2.30926e-14
600 3
1 -1.06581e-14
2 2.30926e-14
3 8.88178e-16
601 3
1 -1.77636e-15
2 3.01981e-14
3 -1.24345e-14
602 3
1 3.55271e-14
2 4.26326e-14
3 -3.90799e-14
603 3
1 1.33227e-14
2 1.59872e-14
3 -4.88498e-14
604 3
1 2.30926e-14
2 3.81917e-14
3 -7.99361e-15
605 3
1 1.77636e-14
2 2.30926e-14
3 -1.77636e-15
606 3
1 2.93099e-14
2 7.37188e-14
3 3.55271e-15
607 3
1 3.10862e-14
2 2.66454e-14
3 -3.55271e-15
608 3
1 3.19744e-14
2 2.57572e-14
3 -8.88178e-15
609 3
1 5.32907e-15
2 5.68434e-14
3 1.86517e-14
610 3
1 3.81917e-14
2 4.26326e-14
3 -3.28626e-14
611 3
1 3.55271e-14
2 1.68754e-14
3 -2.39808e-14
612 3
1 2.9754e-14
2 3.10862e-14
3 1.59872e-14
613 3
1 -2.66454e-15
2 7.10543e-15
3 -5.86198e-14
614 3
1 2.39808e-14
2 1.77636e-15
3 7.10543e-15
615 3
1 -8.88178e-16
2 7.37188e-14
3 8.88178e-16
616 3
1 -8.43769e-15
2 4.35207e-14
3 -1.95399e-14
617 3
1 -1.77636e-15
2 4.08562e-14
3 -4.88498e-14
618 3
1 -1.95399e-14
2 6.57252e-14
3 -3.73035e-14
619 3
1 3.59712e-14
2 4.61853e-14
3 1.42109e-14
620 3
1 1.95399e-14
2 4.08562e-14
3 -2.66454e-15
621 3
1 2.35367e-14
2 3.37508e-14
3 -8.88178e-16
622 3
1 9.32587e-15
2 7.4607e-14
3 -1.95399e-14
623 3
1 -4.88498e-15
2 7.19425e-14
3 -3.64153e-14
624 3
1 2.75335e-14
2 3.55271e-14
3 2.30926e-14
625 3
1 5.37348e-14
2 3.4639e-14
3 -1.24345e-14
626 3
1 8.43769e-15
2 5.86198e-14
3 -1.5099e-14
627 3
1 1.64313e-14
2 7.63833e-14
3 2.4869e-14
628 3
1 3.28626e-14
2 4.52971e-14
3 -1.77636e-15
629 3
1 1.77636e-14
2 6.4837e-14
3 -3.81917e-14
630 3
1 1.42109e-14
2 7.4607e-14
3 -2.93099e-14
631 3
1 1.9984e-14
2 2.93099e-14
3 7.10543e-15
632 3
1 6.21725e-15
2 1.68754e-14
3 -1.77636e-14
633 3
1 0
2 4.61853e-14
3 3.55271e-15
634 3
1 7.99361e-15
2 4.08562e-14
3 -8.88178e-16
635 3
1 4.88498e-15
2 5.77316e-14
3 -1.77636e-15
636 3
1 2.22045e-14
2 4.52971e-14
3 -2.93099e-14
637 3
1 3.55271e-14
2 3.10862e-14
3 -4.61853e-14
638 3
1 1.02141e-14
2 8.79297e-14
3 -1.24345e-14
639 3
1 2.08722e-14
2 5.68434e-14
3 -1.95399e-14
640 3
1 -1.28786e-14
2 7.72715e-14
3 -4.88498e-14
641 3
1 1.55431e-14
2 4.79616e-14
3 3.55271e-15
642 3
1 1.42109e-14
2 3.81917e-14
3 1.42109e-14
643 3
1 -4.44089e-16
2 5.59552e-14
3 0
644 3
1 0
2 3.64153e-14
3 0
645 3
1 3.55271e-15
2 3.01981e-14
3 -2.4869e-14
646 3
1 4.61853e-14
2 1.03029e-13
3 -2.22045e-14
647 3
1 2.84217e-14
2 5.86198e-14
3 2.13163e-14
648 3
1 2.57572e-14
2 2.39808e-14
3 -2.13163e-14
649 3
1 1.77636e-14
2 7.63833e-14
3 -3.9968e-14
650 3
1 1.64313e-14
2 5.86198e-14
3 -1.42109e-14
651 3
1 2.08722e-14
2 4.44089e-14
3 -1.42109e-14
652 3
1 -1.86517e-14
2 5.15143e-14
3 5.32907e-15
653 3
1 3.86358e-14
2 5.68434e-14
3 -7.99361e-15
654 3
1 7.54952e-15
2 5.9508e-14
3 -2.13163e-14
655 3
1 4.35207e-14
2 7.28306e-14
3 -2.39808e-14
656 3
1 1.42109e-14
2 6.30607e-14
3 -3.55271e-15
657 3
1 3.01981e-14
2 5.41789e-14
3 1.86517e-14
658 3
1 1.19904e-14
2 8.88178e-14
3 1.95399e-14
659 3
1 1.68754e-14
2 6.66134e-14
3 -1.42109e-14
660 3
1 1.24345e-14
2 5.68434e-14
3 -9.76996e-15
661 3
1 2.04281e-14
2 6.83897e-14
3 -2.13163e-14
662 3
1 2.30926e-14
2 7.4607e-14
3 1.15463e-14
663 3
1 1.59872e-14
2 4.35207e-14
3 -1.59872e-14
664 3
1 3.01981e-14
2 5.15143e-14
3 1.06581e-14
665 3
1 3.9968e-14
2 5.32907e-14
3 9.76996e-15
666 3
1 2.39808e-14
2 6.21725e-14
3 -3.55271e-15
667 3
1 1.86517e-14
2 8.61533e-14
3 8.88178e-15
668 3
1 1.06581e-14
2 6.03961e-14
3 1.06581e-14
669 3
1 2.84217e-14
2 1.13687e-13
3 6.21725e-15
670 3
1 3.19744e-14
2 3.55271e-14
3 -1.15463e-14
671 3
1 3.19744e-14
2 7.54952e-14
3 -8.88178e-16
672 3
1 2.13163e-14
2 5.06262e-14
3 1.06581e-14
673 3
1 1.5099e-14
2 4.17444e-14
3 3.55271e-15
674 3
1 -7.99361e-15
2 7.01661e-14
3 1.77636e-15
675 3
1 2.84217e-14
2 5.77316e-14
3 6.21725e-15
676 3
1 2.39808e-14
2 7.4607e-14
3 5.32907e-15
677 3
1 3.28626e-14
2 4.44089e-14
3 6.21725e-15
678 3
1 1.77636e-15
2 4.17444e-14
3 -2.93099e-14
679 3
1 -7.10543e-15
2 6.75016e-14
3 2.13163e-14
680 3
1 4.44089e-15
2 6.66134e-14
3 8.88178e-15
681 3
1 2.04281e-14
2 7.01661e-14
3 -1.06581e-14
682 3
1 -7.10543e-15
2 3.55271e-14
3 1.59872e-14
683 3
1 2.4869e-14
2 9.50351e-14
3 3.55271e-15
684 3
1 4.88498e-15
2 4.70735e-14
3 5.32907e-15
685 3
1 -1.02141e-14
2 1.24345e-14
3 -6.21725e-15
686 3
1 -3.10862e-15
2 3.10862e-14
3 1.15463e-14
687 3
1 2.26485e-14
2 3.4639e-14
3 2.13163e-14
688 3
1 2.53131e-14
2 6.83897e-14
3 1.77636e-14
689 3
1 2.30926e-14
2 5.77316e-14
3 -3.19744e-14
690 3
1 -5.32907e-15
2 5.68434e-14
3 -8.88178e-16
691 3
1 8.88178e-15
2 2.4869e-14
3 1.15463e-14
692 3
1 1.55431e-14
2 4.88498e-14
3 -1.06581e-14
693 3
1 1.95399e-14
2 5.32907e-14
3 7.10543e-15
694 3
1 1.46549e-14
2 8.9706e-14
3 -2.66454e-15
695 3
1 1.82077e-14
2 6.03961e-14
3 -2.66454e-14
696 3
1 1.37668e-14
2 7.4607e-14
3 -9.76996e-15
697 3
1 2.57572e-14
2 7.63833e-14
3 -1.77636e-14
698 3
1 1.68754e-14
2 4.70735e-14
3 -5.32907e-15
699 3
1 1.11022e-14
2 8.17124e-14
3 -7.10543e-15
700 3
1 -1.42109e-14
2 6.30607e-14
3 -7.99361e-15
701 3
1 1.68754e-14
2 6.57252e-14
3 8.88178e-16
702 3
1 -1.5099e-14
2 6.92779e-14
3 -1.68754e-14
703 3
1 4.75175e-14
2 8.43769e-14
3 0
704 3
1 -1.19904e-14
2 7.10543e-14
3 -2.75335e-14
705 3
1 2.22045e-15
2 6.57252e-14
3 -3.55271e-15
706 3
1 3.9968e-15
2 6.03961e-14
3 -2.93099e-14
707 3
1 2.44249e-14
2 4.52971e-14
3 3.19744e-14
708 3
1 1.86517e-14
2 5.86198e-14
3 2.13163e-14
709 3
1 2.66454e-15
2 6.30607e-14
3 1.68754e-14
710 3
1 2.93099e-14
2 8.34888e-14
3 9.76996e-15
711 3
1 3.19744e-14
2 6.21725e-14
3 -7.10543e-15
712 3
1 3.90799e-14
2 1.19904e-13
3 4.17444e-14
713 3
1 1.15463e-14
2 5.50671e-14
3 -7.99361e-15
714 3
1 -3.55271e-15
2 2.04281e-14
3 -2.84217e-14
715 3
1 2.70894e-14
2 7.90479e-14
3 -1.42109e-14
716 3
1 2.44249e-14
2 6.30607e-14
3 7.10543e-15
717 3
1 3.28626e-14
2 6.92779e-14
3 -2.30926e-14
718 3
1 -5.77316e-15
2 5.50671e-14
3 -2.4869e-14
719 3
1 1.55431e-14
2 2.84217e-14
3 -8.88178e-16
720 3
1 4.15223e-14
2 8.08242e-14
3 1.77636e-14
721 3
1 -1.44329e-14
2 9.50351e-14
3 1.5099e-14
722 3
1 4.01901e-14
2 7.01661e-14
3 1.42109e-14
723 3
1 3.26406e-14
2 1.01252e-13
3 5.32907e-15
724 3
1 5.68434e-14
2 6.30607e-14
3 -3.4639e-14
725 3
1 2.26485e-14
2 6.92779e-14
3 -1.77636e-14
726 3
1 4.59632e-14
2 7.99361e-14
3 -4.44089e-15
727 3
1 1.13243e-14
2 1.08358e-13
3 6.21725e-15
728 3
1 2.5091e-14
2 8.08242e-14
3 0
729 3
1 3.55271e-15
2 9.05942e-14
3 2.66454e-15
730 3
1 1.33227e-15
2 1.00364e-13
3 -8.88178e-16
731 3
1 -1.33227e-15
2 8.17124e-14
3 2.84217e-14
732 3
1 2.4869e-14
2 9.14824e-14
3 1.77636e-14
733 3
1 1.9762e-14
2 6.57252e-14
3 9.76996e-15
734 3
1 4.66294e-14
2 4.35207e-14
3 -5.32907e-15
735 3
1 4.92939e-14
2 9.05942e-14
3 -2.39808e-14
736 3
1 3.13083e-14
2 7.63833e-14
3 8.88178e-16
737 3
1 5.90639e-14
2 5.06262e-14
3 -1.68754e-14
738 3
1 3.24185e-14
2 2.39808e-14
3 2.04281e-14
739 3
1 4.57412e-14
2 4.70735e-14
3 3.19744e-14
740 3
1 3.77476e-14
2 4.26326e-14
3 1.68754e-14
741 3
1 2.30926e-14
2 4.17444e-14
3 -2.66454e-14
742 3
1 3.9968e-14
2 6.66134e-14
3 -7.10543e-15
743 3
1 2.04281e-14
2 7.81597e-14
3 6.21725e-15
744 3
1 5.81757e-14
2 6.57252e-14
3 -1.77636e-14
745 3
1 3.06422e-14
2 4.52971e-14
3 -4.44089e-15
746 3
1 3.06422e-14
2 5.9508e-14
3 5.32907e-15
747 3
1 4.44089e-14
2 7.81597e-14
3 -1.06581e-14
748 3
1 3.64153e-14
2 9.41469e-14
3 -2.13163e-14
749 3
1 -9.32587e-15
2 6.12843e-14
3 -8.88178e-16
750 3
1 3.73035e-14
2 6.03961e-14
3 -1.5099e-14
751 3
1 3.9968e-15
2 5.41789e-14
3 -3.55271e-15
752 3
1 4.79616e-14
2 9.05942e-14
3 -1.95399e-14
753 3
1 -7.99361e-15
2 8.17124e-14
3 -2.04281e-14
754 3
1 -6.21725e-15
2 8.9706e-14
3 2.13163e-14
755 3
1 1.4877e-14
2 7.54952e-14
3 -1.77636e-14
756 3
1 6.32827e-14
2 9.05942e-14
3 2.84217e-14
757 3
1 4.32987e-14
2 5.50671e-14
3 -3.55271e-15
758 3
1 1.11022e-15
2 9.23706e-14
3 -3.55271e-14
759 3
1 1.24345e-14
2 4.44089e-14
3 7.99361e-15
760 3
1 -1.33227e-15
2 9.32587e-14
3 -7.10543e-15
761 3
1 2.06501e-14
2 7.72715e-14
3 9.76996e-15
762 3
1 1.33227e-15
2 5.86198e-14
3 3.81917e-14
763 3
1 -1.04361e-14
2 8.9706e-14
3 2.66454e-14
764 3
1 3.9968e-14
2 6.75016e-14
3 -1.06581e-14
765 3
1 1.9762e-14
2 6.03961e-14
3 -4.44089e-14
766 3
1 3.41949e-14
2 5.77316e-14
3 2.84217e-14
767 3
1 -2.04281e-14
2 6.03961e-14
3 4.44089e-14
768 3
1 -4.21885e-15
2 7.4607e-14
3 3.10862e-14
769 3
1 -5.10703e-15
2 7.54952e-14
3 1.95399e-14
770 3
1 2.88658e-14
2 9.59233e-14
3 -1.42109e-14
771 3
1 1.37668e-14
2 9.05942e-14
3 5.32907e-15
772 3
1 2.66454e-14
2 7.99361e-14
3 5.32907e-14
773 3
1 1.11022e-14
2 8.34888e-14
3 2.93099e-14
774 3
1 3.81917e-14
2 1.01252e-13
3 1.42109e-14
775 3
1 2.88658e-14
2 9.23706e-14
3 -2.13163e-14
776 3
1 1.64313e-14
2 1.00364e-13
3 3.55271e-15
777 3
1 3.15303e-14
2 6.39488e-14
3 -1.59872e-14
778 3
1 3.17524e-14
2 7.10543e-14
3 1.77636e-15
779 3
1 6.66134e-16
2 1.14575e-13
3 1.77636e-15
780 3
1 9.76996e-15
2 7.72715e-14
3 1.06581e-14
781 3
1 3.55271e-14
2 5.9508e-14
3 1.95399e-14
782 3
1 2.44249e-14
2 7.99361e-14
3 -8.88178e-15
783 3
1 1.24345e-14
2 7.99361e-14
3 2.13163e-14
784 3
1 3.81917e-14
2 7.4607e-14
3 -2.30926e-14
785 3
1 1.02141e-14
2 8.79297e-14
3 5.32907e-15
786 3
1 2.30926e-14
2 3.90799e-14
3 -3.55271e-15
787 3
1 1.95399e-14
2 7.54952e-14
3 0
788 3
1 -1.11022e-14
2 7.01661e-14
3 -3.55271e-15
789 3
1 1.9984e-14
2 8.52651e-14
3 0
790 3
1 3.86358e-14
2 6.39488e-14
3 3.28626e-14
791 3
1 -4.66294e-15
2 8.43769e-14
3 -4.44089e-15
792 3
1 6.21725e-15
2 6.03961e-14
3 8.88178e-15
793 3
1 1.77636e-15
2 7.28306e-14
3 2.93099e-14
794 3
1 4.21885e-15
2 7.37188e-14
3 2.93099e-14
795 3
1 1.19904e-14
2 9.14824e-14
3 -8.88178e-16
796 3
1 3.30846e-14
2 7.10543e-14
3 6.21725e-15
797 3
1 1.24345e-14
2 6.4837e-14
3 1.77636e-14
798 3
1 -1.68754e-14
2 3.55271e-14
3 3.81917e-14
799 3
1 2.9754e-14
2 1.03917e-13
3 -5.32907e-15
800 3
1 -1.11022e-15
2 7.54952e-14
3 -2.30926e-14
801 3
1 1.59872e-14
2 9.32587e-14
3 7.99361e-15
802 3
1 -8.65974e-15
2 7.72715e-14
3 2.84217e-14
803 3
1 9.32587e-15
2 8.08242e-14
3 1.77636e-15
804 3
1 1.59872e-14
2 1.03029e-13
3 2.30926e-14
805 3
1 -3.35287e-14
2 5.32907e-14
3 -5.32907e-15
806 3
1 4.88498e-14
2 7.54952e-14
3 2.22045e-14
807 3
1 2.39808e-14
2 5.50671e-14
3 2.4869e-14
808 3
1 6.01741e-14
2 6.39488e-14
3 3.90799e-14
809 3
1 1.90958e-14
2 7.4607e-14
3 1.77636e-14
810 3
1 4.37428e-14
2 8.34888e-14
3 2.57572e-14
811 3
1 1.82077e-14
2 7.63833e-14
3 1.77636e-15
812 3
1 3.10862e-14
2 1.08358e-13
3 4.9738e-14
813 3
1 3.95239e-14
2 7.72715e-14
3 4.26326e-14
814 3
1 4.26326e-14
2 6.57252e-14
3 1.68754e-14
815 3
1 1.11022e-14
2 9.23706e-14
3 2.13163e-14
816 3
1 5.37348e-14
2 5.59552e-14
3 1.06581e-14
817 3
1 2.84217e-14
2 9.85878e-14
3 2.13163e-14
818 3
1 4.08562e-14
2 7.81597e-14
3 3.55271e-14
819 3
1 4.08562e-14
2 5.86198e-14
3 2.13163e-14
820 3
1 5.63993e-14
2 7.54952e-14
3 2.13163e-14
821 3
1 3.64153e-14
2 8.9706e-14
3 3.55271e-15
822 3
1 5.37348e-14
2 9.76996e-14
3 -1.06581e-14
823 3
1 4.17444e-14
2 8.9706e-14
3 7.10543e-15
824 3
1 3.33067e-14
2 6.92779e-14
3 3.10862e-14
825 3
1 4.70735e-14
2 5.77316e-14
3 0
826 3
1 2.22045e-15
2 6.03961e-14
3 -2.66454e-15
827 3
1 6.4837e-14
2 8.34888e-14
3 5.32907e-15
828 3
1 5.50671e-14
2 4.44089e-14
3 3.28626e-14
829 3
1 2.93099e-14
2 7.4607e-14
3 7.10543e-15
830 3
1 3.44169e-14
2 9.41469e-14
3 2.75335e-14
831 3
1 6.37268e-14
2 1.10134e-13
3 8.88178e-15
832 3
1 5.37348e-14
2 1.03029e-13
3 1.59872e-14
833 3
1 6.43929e-14
2 5.50671e-14
3 4.88498e-14
834 3
1 2.5091e-14
2 6.21725e-14
3 -1.86517e-14
835 3
1 2.4647e-14
2 8.9706e-14
3 -1.77636e-14
836 3
1 2.39808e-14
2 5.41789e-14
3 0
837 3
1 3.64153e-14
2 8.26006e-14
3 2.57572e-14
838 3
1 1.68754e-14
2 6.12843e-14
3 0
839 3
1 4.41869e-14
2 7.99361e-14
3 9.76996e-15
840 3
1 2.95319e-14
2 7.28306e-14
3 2.66454e-15
841 3
1 3.84137e-14
2 9.59233e-14
3 -1.77636e-15
842 3
1 2.04281e-14
2 8.08242e-14
3 -1.95399e-14
843 3
1 4.35207e-14
2 9.14824e-14
3 4.17444e-14
844 3
1 1.37668e-14
2 1.09246e-13
3 -6.21725e-15
845 3
1 1.19904e-14
2 8.79297e-14
3 3.55271e-15
846 3
1 8.88178e-15
2 1.02141e-13
3 1.33227e-14
847 3
1 4.21885e-14
2 4.70735e-14
3 -3.90799e-14
848 3
1 4.88498e-15
2 8.70415e-14
3 1.42109e-14
849 3
1 2.93099e-14
2 7.4607e-14
3 -1.15463e-14
850 3
1 3.19744e-14
2 7.72715e-14
3 7.99361e-15
851 3
1 2.9754e-14
2 9.32587e-14
3 -8.88178e-15
852 3
1 2.88658e-14
2 1.10134e-13
3 1.24345e-14
853 3
1 2.04281e-14
2 8.34888e-14
3 2.66454e-15
854 3
1 4.79616e-14
2 8.52651e-14
3 -2.22045e-14
855 3
1 3.19744e-14
2 9.68114e-14
3 3.55271e-15
856 3
1 5.32907e-15
2 8.43769e-14
3 -1.86517e-14
857 3
1 3.28626e-14
2 1.05693e-13
3 -1.59872e-14
858 3
1 4.9738e-14
2 5.24025e-14
3 6.21725e-15
859 3
1 1.90958e-14
2 7.63833e-14
3 1.5099e-14
860 3
1 3.30846e-14
2 6.83897e-14
3 5.32907e-15
861 3
1 3.75255e-14
2 8.52651e-14
3 -8.88178e-15
862 3
1 2.17604e-14
2 9.59233e-14
3 -1.24345e-14
863 3
1 2.64233e-14
2 7.10543e-14
3 2.4869e-14
864 3
1 8.43769e-15
2 5.68434e-14
3 2.30926e-14
865 3
1 3.59712e-14
2 9.59233e-14
3 3.55271e-15
866 3
1 5.28466e-14
2 4.61853e-14
3 -2.66454e-14
867 3
1 2.64233e-14
2 6.12843e-14
3 5.15143e-14
868 3
1 2.75335e-14
2 8.88178e-14
3 2.30926e-14
869 3
1 3.59712e-14
2 7.72715e-14
3 1.77636e-15
870 3
1 3.86358e-14
2 6.66134e-14
3 3.19744e-14
871 3
1 5.77316e-14
2 5.68434e-14
3 -1.24345e-14
872 3
1 2.08722e-14
2 9.41469e-14
3 1.68754e-14
873 3
1 4.61853e-14
2 1.03917e-13
3 -6.21725e-15
874 3
1 5.06262e-14
2 8.17124e-14
3 8.88178e-16
875 3
1 6.75016e-14
2 8.88178e-14
3 8.88178e-15
876 3
1 3.06422e-14
2 8.9706e-14
3 -1.59872e-14
877 3
1 3.10862e-14
2 7.37188e-14
3 1.77636e-14
878 3
1 2.84217e-14
2 1.03917e-13
3 -1.42109e-14
879 3
1 1.06581e-14
2 1.06581e-13
3 -1.86517e-14
880 3
1 1.02141e-14
2 9.41469e-14
3 4.44089e-15
881 3
1 2.57572e-14
2 8.17124e-14
3 -5.32907e-15
882 3
1 5.55112e-14
2 8.9706e-14
3 8.88178e-16
883 3
1 2.13163e-14
2 5.9508e-14
3 0
884 3
1 3.68594e-14
2 6.75016e-14
3 7.10543e-15
885 3
1 3.24185e-14
2 7.63833e-14
3 -2.22045e-14
886 3
1 5.10703e-14
2 6.57252e-14
3 -7.10543e-15
887 3
1 3.01981e-14
2 8.70415e-14
3 -6.21725e-15
888 3
1 3.68594e-14
2 4.79616e-14
3 -1.86517e-14
889 3
1 5.06262e-14
2 8.52651e-14
3 -1.42109e-14
890 3
1 7.01661e-14
2 1.02141e-13
3 -2.75335e-14
891 3
1 3.19744e-14
2 9.59233e-14
3 -1.59872e-14
892 3
1 3.06422e-14
2 1.0747e-13
3 5.32907e-15
893 3
1 2.70894e-14
2 8.79297e-14
3 -1.24345e-14
894 3
1 4.26326e-14
2 5.24025e-14
3 -1.77636e-14
895 3
1 1.06581e-14
2 8.88178e-14
3 -2.13163e-14
896 3
1 1.82077e-14
2 5.59552e-14
3 -3.73035e-14
897 3
1 1.15463e-14
2 8.79297e-14
3 -2.22045e-14
898 3
1 4.26326e-14
2 7.4607e-14
3 1.06581e-14
899 3
1 4.26326e-14
2 9.85878e-14
3 -1.95399e-14
900 3
1 4.01901e-14
2 6.30607e-14
3 -2.66454e-14
901 3
1 3.24185e-14
2 9.68114e-14
3 -9.76996e-15
902 3
1 3.73035e-14
2 8.43769e-14
3 7.99361e-15
903 3
1 2.26485e-14
2 9.76996e-14
3 -1.06581e-14
904 3
1 7.59393e-14
2 5.50671e-14
3 -5.32907e-15
905 3
1 3.95239e-14
2 9.23706e-14
3 -8.88178e-15
906 3
1 5.24025e-14
2 5.41789e-14
3 -6.21725e-15
907 3
1 4.13003e-14
2 8.26006e-14
3 -1.59872e-14
908 3
1 6.12843e-14
2 1.1191e-13
3 -4.44089e-15
909 3
1 2.44249e-14
2 8.70415e-14
3 1.06581e-14
910 3
1 5.72875e-14
2 7.54952e-14
3 -7.99361e-15
911 3
1 3.86358e-14
2 1.03029e-13
3 2.84217e-14
912 3
1 3.95239e-14
2 6.4837e-14
3 -1.15463e-14
913 3
1 1.82077e-14
2 9.23706e-14
3 -2.39808e-14
914 3
1 7.99361e-14
2 1.03917e-13
3 -1.33227e-14
915 3
1 2.4869e-14
2 7.81597e-14
3 -2.13163e-14
916 3
1 2.84217e-14
2 9.9476e-14
3 -6.21725e-15
917 3
1 1.02141e-14
2 9.32587e-14
3 -2.39808e-14
918 3
1 2.93099e-14
2 6.4837e-14
3 1.77636e-15
919 3
1 3.68594e-14
2 1.00364e-13
3 -1.59872e-14
920 3
1 3.68594e-14
2 9.14824e-14
3 -1.68754e-14
921 3
1 4.04121e-14
2 8.34888e-14
3 -2.66454e-14
922 3
1 6.35048e-14
2 9.50351e-14
3 -1.5099e-14
923 3
1 2.17604e-14
2 4.79616e-14
3 8.88178e-15
924 3
1 5.81757e-14
2 7.90479e-14
3 -8.88178e-15
925 3
1 5.15143e-14
2 4.61853e-14
3 2.66454e-15
926 3
1 5.01821e-14
2 7.01661e-14
3 -1.06581e-14
927 3
1 3.55271e-15
2 3.73035e-14
3 -7.99361e-15
928 3
1 7.54952e-14
2 9.41469e-14
3 -2.22045e-14
929 3
1 4.13003e-14
2 1.02141e-13
3 -1.15463e-14
930 3
1 5.28466e-14
2 8.79297e-14
3 -2.22045e-14
931 3
1 2.68674e-14
2 6.92779e-14
3 -2.30926e-14
932 3
1 5.21805e-14
2 8.34888e-14
3 -1.06581e-14
933 3
1 4.10783e-14
2 6.03961e-14
3 -2.13163e-14
934 3
1 3.59712e-14
2 1.16351e-13
3 -3.55271e-14
935 3
1 5.37348e-14
2 6.57252e-14
3 -1.42109e-14
936 3
1 3.9968e-15
2 7.99361e-14
3 -2.13163e-14
937 3
1 4.79616e-14
2 8.70415e-14
3 -2.30926e-14
938 3
1 6.39488e-14
2 5.32907e-14
3 -1.15463e-14
939 3
1 3.73035e-14
2 4.70735e-14
3 -2.13163e-14
940 3
1 2.22045e-16
2 8.61533e-14
3 -3.37508e-14
941 3
1 2.22045e-15
2 7.99361e-14
3 -1.77636e-15
942 3
1 3.10862e-15
2 5.59552e-14
3 -3.73035e-14
943 3
1 3.55271e-14
2 2.75335e-14
3 -3.55271e-15
944 3
1 2.79776e-14
2 5.68434e-14
3 1.33227e-14
945 3
1 3.59712e-14
2 3.90799e-14
3 -8.88178e-15
946 3
1 1.64313e-14
2 5.9508e-14
3 -5.32907e-15
947 3
1 5.59552e-14
2 9.14824e-14
3 -4.79616e-14
948 3
1 5.24025e-14
2 8.52651e-14
3 -1.42109e-14
949 3
1 3.41949e-14
2 3.73035e-14
3 -2.39808e-14
950 3
1 5.28466e-14
2 3.37508e-14
3 0
951 3
1 1.37668e-14
2 5.15143e-14
3 -1.42109e-14
952 3
1 5.72875e-14
2 3.37508e-14
3 -3.37508e-14
953 3
1 5.24025e-14
2 5.41789e-14
3 -2.30926e-14
954 3
1 3.24185e-14
2 5.68434e-14
3 -1.77636e-14
955 3
1 6.39488e-14
2 4.26326e-14
3 -3.01981e-14
956 3
1 3.33067e-14
2 6.92779e-14
3 -1.33227e-14
957 3
1 5.68434e-14
2 6.39488e-14
3 1.77636e-15
958 3
1 5.10703e-14
2 8.08242e-14
3 3.55271e-15
959 3
1 3.86358e-14
2 6.03961e-14
3 -1.33227e-14
960 3
1 1.33227e-14
2 5.68434e-14
3 -6.21725e-15
961 3
1 3.55271e-14
2 4.70735e-14
3 -2.57572e-14
962 3
1 4.08562e-14
2 4.9738e-14
3 -4.44089e-14
963 3
1 3.9968e-14
2 7.72715e-14
3 -3.64153e-14
964 3
1 1.06581e-14
2 6.4837e-14
3 -1.77636e-14
965 3
1 3.19744e-14
2 4.79616e-14
3 -2.04281e-14
966 3
1 3.15303e-14
2 5.68434e-14
3 5.32907e-15
967 3
1 5.86198e-14
2 3.73035e-14
3 -7.10543e-15
968 3
1 5.32907e-14
2 6.12843e-14
3 -3.55271e-15
969 3
1 5.37348e-14
2 6.57252e-14
3 1.77636e-14
970 3
1 2.62013e-14
2 5.41789e-14
3 -3.73035e-14
971 3
1 3.15303e-14
2 5.41789e-14
3 -1.95399e-14
972 3
1 4.75175e-14
2 4.26326e-14
3 -1.59872e-14
973 3
1 6.70575e-14
2 5.41789e-14
3 9.76996e-15
974 3
1 4.30767e-14
2 2.84217e-14
3 -4.52971e-14
975 3
1 5.86198e-14
2 4.44089e-14
3 -3.01981e-14
976 3
1 5.4623e-14
2 4.44089e-14
3 -2.66454e-14
977 3
1 7.50511e-14
2 3.55271e-14
3 -2.66454e-15
978 3
1 5.55112e-14
2 1.01252e-13
3 -1.95399e-14
979 3
1 5.72875e-14
2 6.12843e-14
3 -3.9968e-14
980 3
1 3.41949e-14
2 7.99361e-14
3 -7.10543e-15
981 3
1 7.59393e-14
2 5.41789e-14
3 -2.84217e-14
982 3
1 5.72875e-14
2 5.24025e-14
3 -1.5099e-14
983 3
1 4.88498e-14
2 1.42109e-14
3 -3.73035e-14
984 3
1 3.9968e-14
2 5.68434e-14
3 -1.15463e-14
985 3
1 5.9508e-14
2 4.26326e-14
3 -3.19744e-14
986 3
1 6.17284e-14
2 6.57252e-14
3 -3.4639e-14
987 3
1 4.52971e-14
2 5.06262e-14
3 -7.99361e-15
988 3
1 5.41789e-14
2 5.15143e-14
3 -3.4639e-14
989 3
1 6.66134e-14
2 3.9968e-14
3 -1.06581e-14
990 3
1 5.86198e-14
2 2.4869e-14
3 -3.55271e-14
991 3
1 3.19744e-14
2 7.99361e-14
3 -5.32907e-14
992 3
1 2.75335e-14
2 5.24025e-14
3 -1.33227e-14
993 3
1 5.01821e-14
2 4.70735e-14
3 -1.42109e-14
994 3
1 5.24025e-14
2 5.68434e-14
3 -3.55271e-14
995 3
1 4.61853e-14
2 7.10543e-14
3 -7.10543e-15
996 3
1 7.86038e-14
2 5.15143e-14
3 -4.44089e-14
997 3
1 5.59552e-14
2 7.81597e-14
3 -3.55271e-14
998 3
1 6.52811e-14
2 2.30926e-14
3 -6.21725e-15
999 3
1 6.35048e-14
2 7.72715e-14
3 -2.75335e-14
1000 3
1 6.43929e-14
2 3.64153e-14
3 -4.52971e-14
1001 3
1 4.75175e-14
2 1.5099e-14
3 -4.79616e-14
1002 3
1 6.92779e-14
2 7.19425e-14
3 -2.13163e-14
1003 3
1 4.75175e-14
2 6.75016e-14
3 -1.86517e-14
1004 3
1 8.26006e-14
2 5.68434e-14
3 -3.19744e-14
1005 3
1 7.54952e-14
2 6.57252e-14
3 -1.33227e-14
1006 3
1 1.00364e-13
2 8.34888e-14
3 -2.57572e-14
1007 3
1 7.59393e-14
2 7.19425e-14
3 -3.64153e-14
1008 3
1 4.21885e-14
2 7.37188e-14
3 -6.21725e-15
1009 3
1 7.99361e-14
2 6.21725e-14
3 -1.24345e-14
1010 3
1 9.37028e-14
2 5.77316e-14
3 -2.4869e-14
1011 3
1 9.10383e-14
2 4.26326e-14
3 -8.88178e-15
1012 3
1 8.21565e-14
2 5.9508e-14
3 5.32907e-15
1013 3
1 5.19584e-14
2 7.54952e-14
3 -7.10543e-15
1014 3
1 6.70575e-14
2 5.9508e-14
3 -1.68754e-14
1015 3
1 7.06102e-14
2 5.06262e-14
3 -5.77316e-14
1016 3
1 7.77156e-14
2 1.10134e-13
3 -7.10543e-14
1017 3
1 7.19425e-14
2 6.92779e-14
3 -3.55271e-14
1018 3
1 7.99361e-14
2 5.41789e-14
3 -2.30926e-14
1019 3
1 4.88498e-14
2 9.59233e-14
3 -4.52971e-14
1020 3
1 5.77316e-14
2 5.50671e-14
3 3.55271e-15
1021 3
1 7.32747e-14
2 9.59233e-14
3 -4.61853e-14
1022 3
1 6.66134e-14
2 6.57252e-14
3 -3.90799e-14
1023 3
1 8.17124e-14
2 9.59233e-14
3 -2.93099e-14
1024 3
1 4.57412e-14
2 5.86198e-14
3 -4.79616e-14
1025 3
1 5.9508e-14
2 7.28306e-14
3 -2.39808e-14
1026 3
1 9.37028e-14
2 7.90479e-14
3 -1.06581e-14
1027 3
1 8.9706e-14
2 8.17124e-14
3 -2.4869e-14
1028 3
1 9.54792e-14
2 7.37188e-14
3 -3.19744e-14
1029 3
1 9.63674e-14
2 8.79297e-14
3 -4.35207e-14
1030 3
1 9.72555e-14
2 8.08242e-14
3 -2.13163e-14
1031 3
1 8.74856e-14
2 5.86198e-14
3 -2.13163e-14
1032 3
1 7.86038e-14
2 9.50351e-14
3 -3.9968e-14
1033 3
1 7.10543e-14
2 1.5099e-14
3 -3.90799e-14
1034 3
1 9.90319e-14
2 3.4639e-14
3 -4.26326e-14
1035 3
1 6.39488e-14
2 7.01661e-14
3 -2.4869e-14
1036 3
1 9.01501e-14
2 4.9738e-14
3 -2.84217e-14
1037 3
1 9.32587e-14
2 8.43769e-14
3 -5.32907e-15
1038 3
1 7.28306e-14
2 4.26326e-14
3 -2.84217e-14
1039 3
1 8.21565e-14
2 4.9738e-14
3 -3.01981e-14
1040 3
1 7.32747e-14
2 8.17124e-14
3 -5.32907e-14
1041 3
1 8.57092e-14
2 3.37508e-14
3 -3.01981e-14
1042 3
1 7.54952e-14
2 5.15143e-14
3 -4.79616e-14
1043 3
1 4.79616e-14
2 4.26326e-14
3 -6.21725e-14
1044 3
1 7.23865e-14
2 6.83897e-14
3 -3.90799e-14
1045 3
1 8.79297e-14
2 8.17124e-14
3 -7.28306e-14
1046 3
1 1.03917e-13
2 4.44089e-14
3 -1.42109e-14
1047 3
1 9.99201e-14
2 5.15143e-14
3 -2.30926e-14
1048 3
1 8.70415e-14
2 4.9738e-14
3 -3.10862e-14
1049 3
1 8.03801e-14
2 5.41789e-14
3 -4.52971e-14
1050 3
1 7.68274e-14
2 3.81917e-14
3 -1.33227e-14
1051 3
1 7.54952e-14
2 9.41469e-14
3 -3.10862e-14
1052 3
1 8.08242e-14
2 5.06262e-14
3 -4.79616e-14
1053 3
1 9.28146e-14
2 9.05942e-14
3 -6.03961e-14
1054 3
1 6.17284e-14
2 2.30926e-14
3 8.88178e-15
1055 3
1 7.37188e-14
2 5.68434e-14
3 -4.9738e-14
1056 3
1 7.81597e-14
2 7.72715e-14
3 2.66454e-15
1057 3
1 7.54952e-14
2 8.52651e-14
3 -4.17444e-14
1058 3
1 8.43769e-14
2 4.88498e-14
3 -1.42109e-14
1059 3
1 7.9492e-14
2 4.35207e-14
3 5.32907e-15
1060 3
1 7.9492e-14
2 5.41789e-14
3 -2.30926e-14
1061 3
1 6.83897e-14
2 5.9508e-14
3 -1.5099e-14
1062 3
1 7.63833e-14
2 5.41789e-14
3 -4.26326e-14
1063 3
1 1.02141e-13
2 3.55271e-14
3 -4.9738e-14
1064 3
1 6.88338e-14
2 8.9706e-14
3 -2.66454e-14
1065 3
1 8.79297e-14
2 6.21725e-14
3 -2.84217e-14
1066 3
1 4.61853e-14
2 2.13163e-14
3 -1.68754e-14
1067 3
1 8.21565e-14
2 3.64153e-14
3 -7.10543e-15
1068 3
1 7.01661e-14
2 2.66454e-14
3 -3.37508e-14
1069 3
1 8.83738e-14
2 4.44089e-14
3 -2.93099e-14
1070 3
1 9.85878e-14
2 4.35207e-14
3 -1.42109e-14
1071 3
1 8.61533e-14
2 5.50671e-14
3 2.66454e-15
1072 3
1 1.03917e-13
2 7.63833e-14
3 -3.9968e-14
1073 3
1 7.72715e-14
2 3.73035e-14
3 -2.75335e-14
1074 3
1 9.50351e-14
2 9.68114e-14
3 -2.66454e-14
1075 3
1 1.18128e-13
2 8.34888e-14
3 -8.61533e-14
1076 3
1 1.14575e-13
2 7.54952e-14
3 -2.22045e-14
1077 3
1 1.23457e-13
2 3.90799e-14
3 -5.59552e-14
1078 3
1 8.30447e-14
2 6.39488e-14
3 -4.44089e-14
1079 3
1 1.25233e-13
2 6.39488e-14
3 -2.13163e-14
1080 3
1 1.04361e-13
2 4.44089e-14
3 -4.9738e-14
1081 3
1 5.4623e-14
2 5.41789e-14
3 -5.32907e-15
1082 3
1 6.17284e-14
2 4.08562e-14
3 -5.68434e-14
1083 3
1 1.18128e-13
2 7.01661e-14
3 -6.21725e-15
1084 3
1 9.32587e-14
2 5.86198e-14
3 -4.44089e-14
1085 3
1 8.08242e-14
2 6.83897e-14
3 -3.01981e-14
1086 3
1 9.63674e-14
2 4.26326e-14
3 1.06581e-14
1087 3
1 7.19425e-14
2 7.72715e-14
3 0
1088 3
1 1.09246e-13
2 4.9738e-14
3 -2.84217e-14
1089 3
1 1.06581e-13
2 5.50671e-14
3 -4.44089e-14
1090 3
1 9.37028e-14
2 6.75016e-14
3 -5.9508e-14
1091 3
1 7.86038e-14
2 4.88498e-14
3 -2.66454e-15
1092 3
1 6.39488e-14
2 8.34888e-14
3 -3.4639e-14
1093 3
1 8.17124e-14
2 5.59552e-14
3 -3.9968e-14
1094 3
1 9.68114e-14
2 1.02141e-13
3 -1.42109e-14
1095 3
1 6.52811e-14
2 5.68434e-14
3 -4.9738e-14
1096 3
1 1.18572e-13
2 7.10543e-14
3 -1.68754e-14
1097 3
1 1.13687e-13
2 2.66454e-14
3 -2.57572e-14
1098 3
1 8.61533e-14
2 4.9738e-14
3 -5.15143e-14
1099 3
1 7.14984e-14
2 9.76996e-14
3 -3.90799e-14
1100 3
1 8.79297e-14
2 6.92779e-14
3 -4.88498e-14
1101 3
1 8.08242e-14
2 5.15143e-14
3 -3.73035e-14
1102 3
1 1.27454e-13
2 4.08562e-14
3 -1.95399e-14
1103 3
1 6.43929e-14
2 8.79297e-14
3 -2.93099e-14
1104 3
1 8.43769e-14
2 4.17444e-14
3 -3.19744e-14
1105 3
1 8.52651e-14
2 6.4837e-14
3 -1.24345e-14
1106 3
1 8.9706e-14
2 8.52651e-14
3 -2.66454e-14
1107 3
1 1.09246e-13
2 6.30607e-14
3 -6.12843e-14
1108 3
1 7.41629e-14
2 4.44089e-14
3 -2.4869e-14
1109 3
1 9.68114e-14
2 4.08562e-14
3 -2.75335e-14
1110 3
1 7.9492e-14
2 6.03961e-14
3 -3.55271e-14
1111 3
1 7.86038e-14
2 2.13163e-14
3 -3.28626e-14
1112 3
1 9.68114e-14
2 6.57252e-14
3 -6.75016e-14
1113 3
1 9.14824e-14
2 6.75016e-14
3 -3.01981e-14
1114 3
1 1.12799e-13
2 9.14824e-14
3 -3.81917e-14
1115 3
1 1.05693e-13
2 7.54952e-14
3 -5.15143e-14
1116 3
1 7.32747e-14
2 7.28306e-14
3 -4.70735e-14
1117 3
1 1.15019e-13
2 7.72715e-14
3 8.88178e-16
1118 3
1 5.9952e-14
2 7.10543e-14
3 -4.79616e-14
1119 3
1 9.50351e-14
2 5.32907e-14
3 -3.28626e-14
1120 3
1 9.01501e-14
2 4.26326e-14
3 -4.44089e-14
1121 3
1 8.34888e-14
2 4.08562e-14
3 -4.08562e-14
1122 3
1 1.35003e-13
2 4.88498e-14
3 -4.08562e-14
1123 3
1 8.17124e-14
2 9.50351e-14
3 -4.61853e-14
1124 3
1 8.65974e-14
2 3.90799e-14
3 -9.76996e-15
1125 3
1 1.42553e-13
2 3.73035e-14
3 -2.75335e-14
1126 3
1 8.83738e-14
2 6.03961e-14
3 -1.24345e-14
1127 3
1 4.92939e-14
2 4.70735e-14
3 -2.13163e-14
1128 3
1 9.4591e-14
2 6.66134e-14
3 -8.88178e-15
1129 3
1 6.39488e-14
2 5.86198e-14
3 -2.75335e-14
1130 3
1 6.88338e-14
2 1.15463e-14
3 -4.17444e-14
1131 3
1 1.01252e-13
2 4.70735e-14
3 -5.24025e-14
1132 3
1 9.19265e-14
2 3.73035e-14
3 -1.59872e-14
1133 3
1 1.03029e-13
2 6.75016e-14
3 -3.01981e-14
1134 3
1 6.83897e-14
2 6.66134e-14
3 -4.9738e-14
1135 3
1 8.57092e-14
2 7.54952e-14
3 -4.52971e-14
1136 3
1 7.19425e-14
2 5.15143e-14
3 -5.32907e-14
1137 3
1 9.76996e-14
2 4.61853e-14
3 -2.66454e-14
1138 3
1 8.52651e-14
2 3.19744e-14
3 -3.01981e-14
1139 3
1 6.88338e-14
2 7.54952e-14
3 -1.77636e-14
1140 3
1 9.72555e-14
2 3.81917e-14
3 -2.57572e-14
1141 3
1 1.05693e-13
2 6.39488e-14
3 -5.15143e-14
1142 3
1 7.4607e-14
2 5.86198e-14
3 -2.75335e-14
1143 3
1 9.10383e-14
2 4.79616e-14
3 -5.77316e-14
1144 3
1 9.10383e-14
2 5.15143e-14
3 -3.9968e-14
1145 3
1 1.02585e-13
2 7.99361e-14
3 -2.22045e-14
1146 3
1 1.10578e-13
2 4.88498e-14
3 -5.86198e-14
1147 3
1 9.68114e-14
2 6.12843e-14
3 3.55271e-15
1148 3
1 8.92619e-14
2 6.57252e-14
3 -3.73035e-14
1149 3
1 6.9722e-14
2 3.9968e-14
3 -3.19744e-14
1150 3
1 1.28342e-13
2 8.88178e-16
3 -1.5099e-14
1151 3
1 1.13243e-13
2 6.83897e-14
3 -5.77316e-14
1152 3
1 1.03917e-13
2 4.26326e-14
3 -5.32907e-14
1153 3
1 1.23013e-13
2 7.01661e-14
3 -4.61853e-14
1154 3
1 8.79297e-14
2 4.44089e-14
3 -2.30926e-14
1155 3
1 9.32587e-14
2 7.01661e-14
3 -4.79616e-14
1156 3
1 1.28786e-13
2 6.03961e-14
3 -6.39488e-14
1157 3
1 8.79297e-14
2 2.75335e-14
3 -5.50671e-14
1158 3
1 9.14824e-14
2 2.66454e-14
3 -3.90799e-14
1159 3
1 1.0969e-13
2 1.1191e-13
3 -2.93099e-14
1160 3
1 1.06137e-13
2 7.54952e-14
3 -3.37508e-14
1161 3
1 1.11466e-13
2 3.64153e-14
3 -3.4639e-14
1162 3
1 8.65974e-14
2 -1.77636e-15
3 -6.21725e-14
1163 3
1 8.43769e-14
2 5.32907e-15
3 -9.76996e-15
1164 3
1 9.41469e-14
2 3.19744e-14
3 -3.19744e-14
1165 3
1 8.70415e-14
2 1.95399e-14
3 -2.4869e-14
1166 3
1 8.9706e-14
2 4.79616e-14
3 -2.13163e-14
1167 3
1 1.25233e-13
2 2.39808e-14
3 -5.24025e-14
1168 3
1 1.02585e-13
2 5.15143e-14
3 -8.9706e-14
1169 3
1 9.9476e-14
2 1.24345e-14
3 -9.76996e-15
1170 3
1 9.59233e-14
2 4.08562e-14
3 -2.13163e-14
1171 3
1 1.10134e-13
2 5.86198e-14
3 -2.75335e-14
1172 3
1 8.52651e-14
2 3.81917e-14
3 -8.88178e-15
1173 3
1 6.52811e-14
2 -4.44089e-15
3 -1.42109e-14
1174 3
1 7.81597e-14
2 3.37508e-14
3 -8.88178e-16
1175 3
1 1.01252e-13
2 1.24345e-14
3 -2.66454e-14
1176 3
1 9.37028e-14
2 1.59872e-14
3 -2.39808e-14
1177 3
1 1.25233e-13
2 2.30926e-14
3 -3.28626e-14
1178 3
1 1.20792e-13
2 5.50671e-14
3 -1.24345e-14
1179 3
1 1.22569e-13
2 3.73035e-14
3 -3.4639e-14
1180 3
1 8.79297e-14
2 6.21725e-14
3 -4.70735e-14
1181 3
1 9.9476e-14
2 5.68434e-14
3 -9.76996e-15
1182 3
1 1.47438e-13
2 3.64153e-14
3 1.24345e-14
1183 3
1 1.15463e-13
2 5.15143e-14
3 -5.06262e-14
1184 3
1 1.2168e-13
2 5.59552e-14
3 -5.50671e-14
1185 3
1 7.81597e-14
2 1.68754e-14
3 -3.01981e-14
1186 3
1 1.08358e-13
2 4.52971e-14
3 -6.21725e-15
1187 3
1 9.85878e-14
2 4.70735e-14
3 -3.28626e-14
1188 3
1 5.86198e-14
2 5.59552e-14
3 -1.15463e-14
1189 3
1 1.08802e-13
2 9.14824e-14
3 3.01981e-14
1190 3
1 1.35891e-13
2 3.90799e-14
3 -4.9738e-14
1191 3
1 9.99201e-14
2 5.77316e-14
3 -1.06581e-14
1192 3
1 1.10134e-13
2 3.81917e-14
3 -1.59872e-14
1193 3
1 1.36779e-13
2 5.15143e-14
3 -3.55271e-14
1194 3
1 1.1191e-13
2 5.15143e-14
3 -1.15463e-14
1195 3
1 8.79297e-14
2 6.66134e-14
3 -2.30926e-14
1196 3
1 1.30562e-13
2 4.79616e-14
3 -3.19744e-14
1197 3
1 8.30447e-14
2 8.34888e-14
3 -6.21725e-15
1198 3
1 9.99201e-14
2 6.57252e-14
3 -1.33227e-14
1199 3
1 1.23457e-13
2 7.72715e-14
3 -2.30926e-14
1200 3
1 1.33227e-13
2 9.23706e-14
3 8.88178e-15
1201 3
1 1.02585e-13
2 7.37188e-14
3 -2.84217e-14
1202 3
1 9.59233e-14
2 3.90799e-14
3 -3.01981e-14
1203 3
1 9.37028e-14
2 5.41789e-14
3 -3.55271e-15
1204 3
1 5.90639e-14
2 2.57572e-14
3 -3.81917e-14
1205 3
1 5.50671e-14
2 5.41789e-14
3 -4.26326e-14
1206 3
1 7.54952e-14
2 4.88498e-14
3 -1.06581e-14
1207 3
1 9.4591e-14
2 4.26326e-14
3 -2.84217e-14
1208 3
1 7.37188e-14
2 8.34888e-14
3 -4.08562e-14
1209 3
1 8.79297e-14
2 7.01661e-14
3 -6.57252e-14
1210 3
1 5.24025e-14
2 3.01981e-14
3 -1.68754e-14
1211 3
1 6.17284e-14
2 4.44089e-14
3 -1.06581e-14
1212 3
1 8.30447e-14
2 6.30607e-14
3 1.15463e-14
1213 3
1 7.9492e-14
2 3.37508e-14
3 -2.93099e-14
1214 3
1 7.10543e-14
2 3.64153e-14
3 -3.10862e-14
1215 3
1 7.63833e-14
2 7.72715e-14
3 -9.76996e-15
1216 3
1 9.63674e-14
2 8.61533e-14
3 3.55271e-15
1217 3
1 6.57252e-14
2 3.64153e-14
3 -2.84217e-14
1218 3
1 1.16795e-13
2 7.37188e-14
3 -7.4607e-14
1219 3
1 7.63833e-14
2 1.95399e-14
3 -1.24345e-14
1220 3
1 7.4607e-14
2 3.64153e-14
3 -5.06262e-14
1221 3
1 6.79456e-14
2 6.75016e-14
3 3.55271e-15
1222 3
1 7.01661e-14
2 3.19744e-14
3 -3.64153e-14
1223 3
1 7.14984e-14
2 4.9738e-14
3 0
1224 3
1 7.06102e-14
2 5.9508e-14
3 2.66454e-14
1225 3
1 9.9476e-14
2 5.15143e-14
3 -1.77636e-15
1226 3
1 5.59552e-14
2 4.79616e-14
3 -4.9738e-14
1227 3
1 9.32587e-14
2 2.84217e-14
3 -8.88178e-16
1228 3
1 9.37028e-14
2 5.24025e-14
3 -5.59552e-14
1229 3
1 1.02141e-13
2 6.21725e-14
3 -1.95399e-14
1230 3
1 9.59233e-14
2 5.9508e-14
3 -1.24345e-14
1231 3
1 1.06581e-13
2 2.93099e-14
3 -1.59872e-14
1232 3
1 1.07914e-13
2 4.9738e-14
3 -5.32907e-14
1233 3
1 7.72715e-14
2 7.81597e-14
3 -3.19744e-14
1234 3
1 1.2923e-13
2 4.08562e-14
3 -4.61853e-14
1235 3
1 1.19904e-13
2 8.70415e-14
3 -4.08562e-14
1236 3
1 1.03917e-13
2 5.15143e-14
3 -2.13163e-14
1237 3
1 5.81757e-14
2 5.41789e-14
3 -3.01981e-14
1238 3
1 6.21725e-14
2 1.19904e-13
3 -5.77316e-14
1239 3
1 9.10383e-14
2 3.19744e-14
3 -1.77636e-14
1240 3
1 1.14575e-13
2 7.10543e-14
3 7.10543e-15
1241 3
1 9.72555e-14
2 7.72715e-14
3 -3.55271e-14
1242 3
1 8.4821e-14
2 8.34888e-14
3 -1.68754e-14
1243 3
1 9.05942e-14
2 7.54952e-14
3 -3.01981e-14
1244 3
1 8.83738e-14
2 6.21725e-14
3 -2.13163e-14
1245 3
1 1.01252e-13
2 6.57252e-14
3 -2.66454e-15
1246 3
1 5.86198e-14
2 6.39488e-14
3 -1.68754e-14
1247 3
1 9.9476e-14
2 6.12843e-14
3 -1.15463e-14
1248 3
1 8.79297e-14
2 8.61533e-14
3 7.99361e-15
1249 3
1 6.30607e-14
2 7.72715e-14
3 -1.06581e-14
1250 3
1 7.10543e-14
2 9.59233e-14
3 -1.15463e-14
1251 3
1 1.06137e-13
2 9.68114e-14
3 7.10543e-15
1252 3
1 7.68274e-14
2 4.35207e-14
3 -4.08562e-14
1253 3
1 1.14131e-13
2 8.61533e-14
3 -5.32907e-15
1254 3
1 9.63674e-14
2 7.54952e-14
3 -2.75335e-14
1255 3
1 7.23865e-14
2 4.61853e-14
3 -3.55271e-15
1256 3
1 9.99201e-14
2 7.81597e-14
3 1.59872e-14
1257 3
1 7.90479e-14
2 9.14824e-14
3 -1.77636e-15
1258 3
1 1.01696e-13
2 6.30607e-14
3 -8.88178e-15
1259 3
1 6.83897e-14
2 3.37508e-14
3 2.66454e-15
1260 3
1 8.4821e-14
2 5.86198e-14
3 -5.32907e-15
1261 3
1 5.19584e-14
2 5.32907e-14
3 7.10543e-15
1262 3
1 8.65974e-14
2 5.15143e-14
3 -1.86517e-14
1263 3
1 8.26006e-14
2 3.01981e-14
3 -1.59872e-14
1264 3
1 9.28146e-14
2 7.01661e-14
3 7.10543e-15
1265 3
1 7.9492e-14
2 5.32907e-14
3 -1.95399e-14
1266 3
1 7.90479e-14
2 6.83897e-14
3 -1.68754e-14
1267 3
1 8.34888e-14
2 4.61853e-14
3 -1.68754e-14
1268 3
1 8.9706e-14
2 4.44089e-14
3 -5.9508e-14
1269 3
1 5.63993e-14
2 6.57252e-14
3 -3.19744e-14
1270 3
1 1.03473e-13
2 7.90479e-14
3 -5.32907e-15
1271 3
1 7.41629e-14
2 3.81917e-14
3 -4.26326e-14
1272 3
1 7.23865e-14
2 4.52971e-14
3 -1.95399e-14
1273 3
1 6.61693e-14
2 8.17124e-14
3 1.77636e-14
1274 3
1 4.52971e-14
2 7.81597e-14
3 -7.10543e-15
1275 3
1 6.70575e-14
2 4.9738e-14
3 -1.95399e-14
1276 3
1 7.54952e-14
2 4.61853e-14
3 -1.24345e-14
1277 3
1 7.37188e-14
2 7.63833e-14
3 -1.42109e-14
1278 3
1 5.19584e-14
2 6.92779e-14
3 -2.75335e-14
1279 3
1 1.03917e-13
2 4.17444e-14
3 -9.76996e-15
1280 3
1 8.12683e-14
2 4.08562e-14
3 -1.68754e-14
1281 3
1 7.63833e-14
2 5.68434e-14
3 -2.22045e-14
1282 3
1 7.72715e-14
2 3.28626e-14
3 -4.44089e-14
1283 3
1 7.63833e-14
2 5.32907e-14
3 -3.01981e-14
1284 3
1 8.34888e-14
2 5.59552e-14
3 -2.13163e-14
1285 3
1 6.30607e-14
2 6.4837e-14
3 -4.44089e-14
1286 3
1 8.34888e-14
2 4.9738e-14
3 -3.01981e-14
1287 3
1 8.39329e-14
2 1.00364e-13
3 -1.42109e-14
1288 3
1 1.08358e-13
2 7.28306e-14
3 -4.26326e-14
1289 3
1 1.12355e-13
2 5.24025e-14
3 5.32907e-15
1290 3
1 9.05942e-14
2 7.63833e-14
3 -6.03961e-14
1291 3
1 7.59393e-14
2 8.52651e-14
3 -1.59872e-14
1292 3
1 8.79297e-14
2 7.37188e-14
3 -5.50671e-14
1293 3
1 1.23013e-13
2 4.88498e-14
3 -4.79616e-14
1294 3
1 6.43929e-14
2 6.21725e-14
3 -4.08562e-14
1295 3
1 7.41629e-14
2 3.64153e-14
3 -1.95399e-14
1296 3
1 9.85878e-14
2 5.50671e-14
3 -1.24345e-14
1297 3
1 7.9492e-14
2 6.75016e-14
3 -8.88178e-15
1298 3
1 6.61693e-14
2 6.57252e-14
3 -3.73035e-14
1299 3
1 7.90479e-14
2 5.15143e-14
3 -9.76996e-15
1300 3
1 8.88178e-14
2 4.44089e-14
3 -1.5099e-14
1301 3
1 7.32747e-14
2 7.10543e-14
3 -3.90799e-14
1302 3
1 7.9492e-14
2 5.9508e-14
3 -7.10543e-15
1303 3
1 7.50511e-14
2 7.99361e-14
3 -4.79616e-14
1304 3
1 9.85878e-14
2 2.22045e-14
3 -5.32907e-14
1305 3
1 9.4591e-14
2 8.88178e-14
3 -1.5099e-14
1306 3
1 8.88178e-14
2 8.43769e-14
3 -6.21725e-14
1307 3
1 5.86198e-14
2 2.93099e-14
3 -3.55271e-15
1308 3
1 7.86038e-14
2 7.4607e-14
3 -7.10543e-15
1309 3
1 8.12683e-14
2 9.50351e-14
3 -1.06581e-14
1310 3
1 6.9722e-14
2 8.70415e-14
3 -3.28626e-14
1311 3
1 1.10134e-13
2 1.42109e-14
3 -1.86517e-14
1312 3
1 1.15019e-13
2 5.24025e-14
3 -4.9738e-14
1313 3
1 6.12843e-14
2 5.86198e-14
3 -2.84217e-14
1314 3
1 9.50351e-14
2 5.68434e-14
3 -2.39808e-14
1315 3
1 1.05693e-13
2 2.84217e-14
3 -3.73035e-14
1316 3
1 8.26006e-14
2 5.50671e-14
3 -1.68754e-14
1317 3
1 1.14131e-13
2 4.17444e-14
3 -3.9968e-14
1318 3
1 8.88178e-14
2 4.17444e-14
3 -1.5099e-14
1319 3
1 9.81437e-14
2 4.08562e-14
3 -3.19744e-14
1320 3
1 1.2168e-13
2 6.66134e-14
3 -2.39808e-14
1321 3
1 1.21236e-13
2 6.21725e-14
3 -2.66454e-14
1322 3
1 1.1191e-13
2 5.15143e-14
3 -3.01981e-14
1323 3
1 1.05693e-13
2 2.13163e-14
3 -2.84217e-14
1324 3
1 1.26565e-13
2 6.30607e-14
3 -1.59872e-14
1325 3
1 1.05693e-13
2 3.01981e-14
3 1.33227e-14
1326 3
1 7.81597e-14
2 4.17444e-14
3 -2.84217e-14
1327 3
1 8.39329e-14
2 3.01981e-14
3 -1.95399e-14
1328 3
1 1.23901e-13
2 2.66454e-14
3 -2.4869e-14
1329 3
1 9.59233e-14
2 4.35207e-14
3 2.13163e-14
1330 3
1 1.08358e-13
2 5.41789e-14
3 -2.13163e-14
1331 3
1 1.26121e-13
2 3.81917e-14
3 -1.24345e-14
1332 3
1 8.65974e-14
2 4.26326e-14
3 -2.13163e-14
1333 3
1 8.79297e-14
2 7.81597e-14
3 -4.08562e-14
1334 3
1 1.14575e-13
2 4.17444e-14
3 -1.77636e-15
1335 3
1 9.85878e-14
2 5.86198e-14
3 -2.84217e-14
1336 3
1 8.9706e-14
2 5.24025e-14
3 -2.22045e-14
1337 3
1 1.14131e-13
2 7.81597e-14
3 -3.10862e-14
1338 3
1 7.4607e-14
2 8.9706e-14
3 0
1339 3
1 1.25677e-13
2 6.39488e-14
3 -2.04281e-14
1340 3
1 5.72875e-14
2 4.61853e-14
3 -5.15143e-14
1341 3
1 1.19904e-13
2 2.30926e-14
3 -8.88178e-15
1342 3
1 1.01252e-13
2 2.13163e-14
3 -5.32907e-15
1343 3
1 8.74856e-14
2 5.68434e-14
3 -2.30926e-14
1344 3
1 9.28146e-14
2 5.50671e-14
3 -1.77636e-14
1345 3
1 9.76996e-14
2 4.61853e-14
3 -4.79616e-14
1346 3
1 6.30607e-14
2 5.32907e-14
3 -4.08562e-14
1347 3
1 9.85878e-14
2 3.19744e-14
3 -1.59872e-14
1348 3
1 7.10543e-14
2 6.92779e-14
3 -4.35207e-14
1349 3
1 7.90479e-14
2 5.32907e-14
3 -1.86517e-14
1350 3
1 7.90479e-14
2 5.32907e-14
3 -1.59872e-14
1351 3
1 9.05942e-14
2 2.84217e-14
3 -4.08562e-14
1352 3
1 9.54792e-14
2 4.79616e-14
3 -3.55271e-15
1353 3
1 1.11022e-13
2 3.55271e-15
3 3.55271e-15
1354 3
1 1.07025e-13
2 5.15143e-14
3 -8.88178e-15
1355 3
1 9.41469e-14
2 4.26326e-14
3 -8.88178e-15
1356 3
1 7.86038e-14
2 3.55271e-14
3 -1.59872e-14
1357 3
1 1.11466e-13
2 4.9738e-14
3 -2.66454e-14
1358 3
1 1.07914e-13
2 7.28306e-14
3 -8.88178e-15
1359 3
1 8.21565e-14
2 7.28306e-14
3 3.55271e-15
1360 3
1 1.01252e-13
2 8.52651e-14
3 -2.13163e-14
1361 3
1 1.09912e-13
2 5.86198e-14
3 8.88178e-15
1362 3
1 8.21565e-14
2 1.03029e-13
3 -3.37508e-14
1363 3
1 9.92539e-14
2 4.44089e-14
3 -2.4869e-14
1364 3
1 1.22569e-13
2 4.79616e-14
3 -4.44089e-14
1365 3
1 6.9722e-14
2 4.08562e-14
3 -3.90799e-14
1366 3
1 1.19904e-13
2 5.32907e-14
3 7.10543e-15
1367 3
1 9.72555e-14
2 4.9738e-14
3 -2.66454e-14
1368 3
1 1.21236e-13
2 8.17124e-14
3 -5.32907e-15
1369 3
1 7.14984e-14
2 6.21725e-14
3 -1.77636e-14
1370 3
1 9.03722e-14
2 6.75016e-14
3 -1.06581e-14
1371 3
1 1.05471e-13
2 6.21725e-14
3 -2.4869e-14
1372 3
1 1.07692e-13
2 7.4607e-14
3 -1.95399e-14
1373 3
1 1.0747e-13
2 5.86198e-14
3 -2.4869e-14
1374 3
1 1.21014e-13
2 3.19744e-14
3 -2.13163e-14
1375 3
1 8.14904e-14
2 2.66454e-14
3 0
1376 3
1 8.03801e-14
2 4.44089e-14
3 -3.19744e-14
1377 3
1 7.19425e-14
2 7.10543e-14
3 -3.01981e-14
1378 3
1 7.79377e-14
2 6.03961e-14
3 -2.84217e-14
1379 3
1 9.25926e-14
2 2.84217e-14
3 -1.06581e-14
1380 3
1 1.35003e-13
2 4.44089e-14
3 -7.10543e-15
1381 3
1 7.90479e-14
2 6.03961e-14
3 -4.08562e-14
1382 3
1 1.19016e-13
2 4.08562e-14
3 -2.30926e-14
1383 3
1 7.81597e-14
2 4.26326e-14
3 -2.66454e-14
1384 3
1 9.28146e-14
2 0
3 -4.08562e-14
1385 3
1 1.24345e-13
2 3.19744e-14
3 -1.77636e-14
1386 3
1 7.4607e-14
2 8.17124e-14
3 1.42109e-14
1387 3
1 5.81757e-14
2 6.57252e-14
3 -4.61853e-14
1388 3
1 1.10134e-13
2 4.9738e-14
3 -2.13163e-14
1389 3
1 9.85878e-14
2 4.44089e-14
3 -2.84217e-14
1390 3
1 9.9476e-14
2 4.9738e-14
3 -2.30926e-14
1391 3
1 7.63833e-14
2 3.73035e-14
3 1.59872e-14
1392 3
1 9.32587e-14
2 3.37508e-14
3 -4.44089e-14
1393 3
1 7.10543e-14
2 5.68434e-14
3 -1.42109e-14
1394 3
1 1.03473e-13
2 4.26326e-14
3 3.55271e-15
1395 3
1 1.108e-13
2 4.9738e-14
3 5.32907e-15
1396 3
1 6.99441e-14
2 1.59872e-14
3 -4.9738e-14
1397 3
1 1.19016e-13
2 5.50671e-14
3 -3.73035e-14
1398 3
1 1.1724e-13
2 1.77636e-14
3 -2.4869e-14
1399 3
1 1.23013e-13
2 5.86198e-14
3 -3.19744e-14
1400 3
1 8.77076e-14
2 4.79616e-14
3 -8.88178e-15
1401 3
1 8.50431e-14
2 3.73035e-14
3 -8.88178e-15
1402 3
1 8.08242e-14
2 8.88178e-15
3 -1.06581e-14
1403 3
1 1.13909e-13
2 2.4869e-14
3 7.10543e-15
1404 3
1 1.10134e-13
2 3.19744e-14
3 -8.88178e-15
1405 3
1 8.39329e-14
2 3.19744e-14
3 -3.19744e-14
1406 3
1 8.9484e-14
2 6.21725e-14
3 8.88178e-15
1407 3
1 1.01252e-13
2 0
3 -1.42109e-14
1408 3
1 9.83658e-14
2 3.90799e-14
3 -1.06581e-14
1409 3
1 9.9698e-14
2 4.79616e-14
3 -1.77636e-15
1410 3
1 1.2701e-13
2 2.93099e-14
3 7.10543e-15
1411 3
1 1.18128e-13
2 5.06262e-14
3 1.24345e-14
1412 3
1 1.21014e-13
2 2.66454e-14
3 -1.95399e-14
1413 3
1 1.04361e-13
2 4.61853e-14
3 -1.95399e-14
1414 3
1 1.09024e-13
2 3.19744e-14
3 -3.01981e-14
1415 3
1 1.03917e-13
2 2.04281e-14
3 7.10543e-15
1416 3
1 1.69198e-13
2 3.64153e-14
3 -1.06581e-14
1417 3
1 1.39444e-13
2 1.42109e-14
3 -5.32907e-15
1418 3
1 1.19682e-13
2 5.32907e-14
3 -2.4869e-14
1419 3
1 1.12577e-13
2 4.26326e-14
3 -2.13163e-14
1420 3
1 1.04361e-13
2 5.86198e-14
3 -2.66454e-14
1421 3
1 1.35003e-13
2 2.30926e-14
3 8.88178e-15
1422 3
1 1.26121e-13
2 5.24025e-14
3 -8.88178e-15
1423 3
1 1.26121e-13
2 5.50671e-14
3 -1.42109e-14
1424 3
1 1.46105e-13
2 3.55271e-14
3 -8.88178e-15
1425 3
1 1.24345e-13
2 1.42109e-14
3 -2.30926e-14
1426 3
1 1.43885e-13
2 3.55271e-14
3 -1.42109e-14
1427 3
1 1.53655e-13
2 4.26326e-14
3 -5.68434e-14
1428 3
1 1.47438e-13
2 2.66454e-14
3 -3.55271e-15
1429 3
1 1.05249e-13
2 3.19744e-14
3 -1.24345e-14
1430 3
1 1.24345e-13
2 1.77636e-14
3 3.55271e-15
1431 3
1 1.12799e-13
2 5.32907e-14
3 -3.37508e-14
1432 3
1 1.15463e-13
2 4.08562e-14
3 -1.42109e-14
1433 3
1 1.19904e-13
2 5.15143e-14
3 -2.66454e-14
1434 3
1 1.03917e-13
2 6.4837e-14
3 3.55271e-15
1435 3
1 9.23706e-14
2 7.19425e-14
3 -1.24345e-14
1436 3
1 1.05693e-13
2 4.35207e-14
3 -2.4869e-14
1437 3
1 1.32561e-13
2 1.33227e-14
3 -2.30926e-14
1438 3
1 1.49214e-13
2 6.12843e-14
3 -4.61853e-14
1439 3
1 1.59206e-13
2 7.19425e-14
3 -1.77636e-14
1440 3
1 1.00586e-13
2 5.77316e-14
3 -2.13163e-14
1441 3
1 1.01696e-13
2 5.50671e-14
3 -2.66454e-14
1442 3
1 1.15019e-13
2 6.75016e-14
3 -2.84217e-14
1443 3
1 1.5743e-13
2 2.75335e-14
3 -3.19744e-14
1444 3
1 1.16351e-13
2 5.32907e-14
3 -2.66454e-14
1445 3
1 1.35447e-13
2 -8.88178e-16
3 -1.77636e-15
1446 3
1 1.09912e-13
2 5.59552e-14
3 -1.24345e-14
1447 3
1 1.22125e-13
2 6.66134e-14
3 -1.24345e-14
1448 3
1 1.02807e-13
2 4.79616e-14
3 -1.24345e-14
1449 3
1 9.10383e-14
2 7.28306e-14
3 -7.10543e-15
1450 3
1 1.03917e-13
2 4.9738e-14
3 1.77636e-15
1451 3
1 1.10134e-13
2 5.24025e-14
3 -3.19744e-14
1452 3
1 1.06581e-13
2 1.86517e-14
3 -5.15143e-14
1453 3
1 1.12799e-13
2 2.84217e-14
3 -3.55271e-15
1454 3
1 1.37668e-13
2 5.24025e-14
3 -7.10543e-15
1455 3
1 1.16351e-13
2 2.39808e-14
3 -1.77636e-14
1456 3
1 1.24345e-13
2 2.4869e-14
3 -8.88178e-15
1457 3
1 1.35447e-13
2 2.84217e-14
3 -4.08562e-14
1458 3
1 9.10383e-14
2 1.95399e-14
3 -4.26326e-14
1459 3
1 1.24789e-13
2 4.70735e-14
3 -1.59872e-14
1460 3
1 1.33671e-13
2 1.77636e-15
3 -2.4869e-14
1461 3
1 1.51879e-13
2 7.10543e-14
3 0
1462 3
1 1.5099e-13
2 6.39488e-14
3 -3.55271e-14
1463 3
1 1.08358e-13
2 4.08562e-14
3 -3.01981e-14
1464 3
1 1.24789e-13
2 6.03961e-14
3 -1.77636e-14
1465 3
1 1.13687e-13
2 4.08562e-14
3 -3.01981e-14
1466 3
1 1.09246e-13
2 2.13163e-14
3 -1.95399e-14
1467 3
1 8.52651e-14
2 7.10543e-15
3 -1.42109e-14
1468 3
1 1.31006e-13
2 4.9738e-14
3 -1.77636e-14
1469 3
1 1.47882e-13
2 2.39808e-14
3 -2.4869e-14
1470 3
1 1.17018e-13
2 4.35207e-14
3 -3.37508e-14
1471 3
1 1.59206e-13
2 6.75016e-14
3 -3.55271e-14
1472 3
1 1.31006e-13
2 6.75016e-14
3 -4.26326e-14
1473 3
1 1.14575e-13
2 6.21725e-14
3 -4.9738e-14
1474 3
1 1.40998e-13
2 4.35207e-14
3 -3.55271e-14
1475 3
1 1.59206e-13
2 7.90479e-14
3 -1.59872e-14
1476 3
1 1.49658e-13
2 8.52651e-14
3 -1.77636e-14
1477 3
1 1.31672e-13
2 5.41789e-14
3 7.10543e-15
1478 3
1 1.36557e-13
2 6.4837e-14
3 -7.10543e-15
1479 3
1 1.21458e-13
2 5.68434e-14
3 -3.90799e-14
1480 3
1 1.39e-13
2 0
3 1.24345e-14
1481 3
1 1.43441e-13
2 5.68434e-14
3 -7.10543e-15
1482 3
1 1.45439e-13
2 6.92779e-14
3 -3.01981e-14
1483 3
1 1.44551e-13
2 5.50671e-14
3 -2.66454e-14
1484 3
1 1.67866e-13
2 2.04281e-14
3 -2.84217e-14
1485 3
1 1.12799e-13
2 2.84217e-14
3 -2.30926e-14
1486 3
1 1.52323e-13
2 5.50671e-14
3 -1.06581e-14
1487 3
1 1.42775e-13
2 7.4607e-14
3 -3.55271e-15
1488 3
1 1.48326e-13
2 2.84217e-14
3 -2.30926e-14
1489 3
1 9.57012e-14
2 6.57252e-14
3 1.06581e-14
1490 3
1 1.21014e-13
2 5.32907e-14
3 -7.10543e-15
1491 3
1 1.34781e-13
2 4.26326e-14
3 1.77636e-14
1492 3
1 1.54987e-13
2 6.30607e-14
3 -5.32907e-15
1493 3
1 1.36779e-13
2 3.10862e-14
3 5.32907e-15
1494 3
1 1.14353e-13
2 4.35207e-14
3 -1.95399e-14
1495 3
1 1.09024e-13
2 5.77316e-14
3 2.4869e-14
1496 3
1 1.36335e-13
2 6.66134e-14
3 -7.10543e-15
1497 3
1 1.7919e-13
2 4.9738e-14
3 -2.13163e-14
1498 3
1 1.18128e-13
2 4.26326e-14
3 5.32907e-15
1499 3
1 1.22347e-13
2 4.70735e-14
3 3.01981e-14
1500 3
1 1.09246e-13
2 4.52971e-14
3 3.01981e-14
1501 3
1 1.12133e-13
2 7.54952e-14
3 -2.66454e-14
1502 3
1 1.1946e-13
2 2.84217e-14
3 0
1503 3
1 1.37446e-13
2 3.64153e-14
3 -3.55271e-14
1504 3
1 1.38334e-13
2 1.95399e-14
3 -1.42109e-14
1505 3
1 1.32117e-13
2 2.04281e-14
3 -2.84217e-14
1506 3
1 1.45439e-13
2 5.68434e-14
3 1.95399e-14
1507 3
1 1.43885e-13
2 4.17444e-14
3 7.10543e-15
1508 3
1 1.19904e-13
2 1.06581e-14
3 7.10543e-15
1509 3
1 8.39329e-14
2 5.24025e-14
3 -1.77636e-14
1510 3
1 1.16129e-13
2 3.4639e-14
3 -8.88178e-15
1511 3
1 1.05471e-13
2 4.70735e-14
3 -5.32907e-15
1512 3
1 1.78524e-13
2 4.70735e-14
3 7.10543e-15
1513 3
1 1.44995e-13
2 4.79616e-14
3 -1.59872e-14
1514 3
1 1.1191e-13
2 2.66454e-14
3 -3.55271e-15
1515 3
1 1.21458e-13
2 6.66134e-14
3 -2.66454e-14
1516 3
1 1.24345e-13
2 5.9508e-14
3 1.95399e-14
1517 3
1 9.65894e-14
2 2.4869e-14
3 3.19744e-14
1518 3
1 1.09246e-13
2 4.9738e-14
3 2.30926e-14
1519 3
1 1.41887e-13
2 6.75016e-14
3 -2.30926e-14
1520 3
1 1.40332e-13
2 4.44089e-14
3 1.59872e-14
1521 3
1 1.19682e-13
2 3.37508e-14
3 -1.77636e-15
1522 3
1 1.55653e-13
2 1.06581e-14
3 0
1523 3
1 1.34337e-13
2 6.30607e-14
3 -7.10543e-15
1524 3
1 1.50102e-13
2 4.70735e-14
3 1.59872e-14
1525 3
1 1.45217e-13
2 2.84217e-14
3 -1.77636e-15
1526 3
1 1.46771e-13
2 3.55271e-14
3 -3.55271e-15
1527 3
1 1.50102e-13
2 6.4837e-14
3 -8.88178e-15
1528 3
1 9.52571e-14
2 7.10543e-14
3 -7.10543e-15
1529 3
1 1.27454e-13
2 6.30607e-14
3 3.55271e-15
1530 3
1 1.53655e-13
2 7.37188e-14
3 5.32907e-15
1531 3
1 1.40776e-13
2 2.13163e-14
3 -1.42109e-14
1532 3
1 1.45661e-13
2 3.90799e-14
3 1.59872e-14
1533 3
1 1.42775e-13
2 6.75016e-14
3 3.73035e-14
1534 3
1 1.19238e-13
2 3.64153e-14
3 1.06581e-14
1535 3
1 1.12799e-13
2 4.44089e-14
3 -1.95399e-14
1536 3
1 1.43441e-13
2 4.26326e-14
3 5.32907e-15
1537 3
1 1.3034e-13
2 5.9508e-14
3 6.92779e-14
1538 3
1 1.37446e-13
2 4.88498e-14
3 2.66454e-14
1539 3
1 1.03695e-13
2 7.10543e-14
3 -1.06581e-14
1540 3
1 1.53655e-13
2 3.19744e-14
3 3.55271e-15
1541 3
1 1.31894e-13
2 5.9508e-14
3 3.55271e-15
1542 3
1 1.32783e-13
2 4.08562e-14
3 4.08562e-14
1543 3
1 1.09246e-13
2 1.24345e-14
3 2.66454e-14
1544 3
1 1.10134e-13
2 4.61853e-14
3 3.37508e-14
1545 3
1 1.58762e-13
2 1.03917e-13
3 4.79616e-14
1546 3
1 1.44329e-13
2 6.30607e-14
3 3.55271e-15
1547 3
1 1.5965e-13
2 3.81917e-14
3 1.59872e-14
1548 3
1 1.33005e-13
2 5.50671e-14
3 3.90799e-14
1549 3
1 1.47882e-13
2 6.03961e-14
3 4.44089e-14
1550 3
1 1.20126e-13
2 5.86198e-14
3 -1.42109e-14
1551 3
1 1.98508e-13
2 7.99361e-14
3 -2.66454e-14
1552 3
1 1.40998e-13
2 8.52651e-14
3 -1.77636e-15
1553 3
1 1.69198e-13
2 6.39488e-14
3 3.90799e-14
1554 3
1 1.17684e-13
2 5.86198e-14
3 1.06581e-14
1555 3
1 1.8896e-13
2 8.17124e-14
3 2.13163e-14
1556 3
1 1.54321e-13
2 9.9476e-14
3 -1.06581e-14
1557 3
1 1.59206e-13
2 7.63833e-14
3 -5.32907e-15
1558 3
1 1.33005e-13
2 3.9968e-14
3 -2.4869e-14
1559 3
1 1.29896e-13
2 8.52651e-14
3 0
1560 3
1 1.21014e-13
2 5.15143e-14
3 -3.55271e-15
1561 3
1 1.6831e-13
2 7.01661e-14
3 3.55271e-15
1562 3
1 1.15685e-13
2 6.21725e-14
3 1.42109e-14
1563 3
1 1.72529e-13
2 4.88498e-14
3 2.4869e-14
1564 3
1 1.3789e-13
2 5.32907e-14
3 3.55271e-15
1565 3
1 1.39222e-13
2 6.03961e-14
3 2.30926e-14
1566 3
1 1.21236e-13
2 1.02141e-13
3 3.01981e-14
1567 3
1 1.60982e-13
2 6.75016e-14
3 3.55271e-15
1568 3
1 1.55431e-13
2 7.01661e-14
3 2.30926e-14
1569 3
1 1.3145e-13
2 7.10543e-14
3 1.59872e-14
1570 3
1 1.39222e-13
2 9.23706e-14
3 3.73035e-14
1571 3
1 1.46771e-13
2 3.90799e-14
3 1.59872e-14
1572 3
1 1.43219e-13
2 5.86198e-14
3 1.77636e-14
1573 3
1 1.21014e-13
2 4.9738e-14
3 1.42109e-14
1574 3
1 1.02585e-13
2 5.9508e-14
3 3.55271e-14
1575 3
1 1.46105e-13
2 7.72715e-14
3 1.77636e-15
1576 3
1 1.38112e-13
2 7.81597e-14
3 1.06581e-14
1577 3
1 1.56763e-13
2 5.68434e-14
3 2.4869e-14
1578 3
1 1.67422e-13
2 6.83897e-14
3 1.59872e-14
1579 3
1 2.01394e-13
2 5.50671e-14
3 -7.10543e-15
1580 3
1 1.62537e-13
2 8.17124e-14
3 3.19744e-14
1581 3
1 1.69642e-13
2 8.43769e-14
3 0
1582 3
1 1.56541e-13
2 9.14824e-14
3 3.90799e-14
1583 3
1 1.54543e-13
2 7.99361e-14
3 2.30926e-14
1584 3
1 1.29452e-13
2 5.59552e-14
3 -1.77636e-15
1585 3
1 1.44329e-13
2 1.06581e-13
3 2.84217e-14
1586 3
1 1.54765e-13
2 6.39488e-14
3 2.84217e-14
1587 3
1 1.57874e-13
2 8.61533e-14
3 -1.42109e-14
1588 3
1 1.65201e-13
2 9.59233e-14
3 -1.77636e-15
1589 3
1 1.54543e-13
2 1.01252e-13
3 8.88178e-15
1590 3
1 1.42331e-13
2 8.17124e-14
3 1.06581e-14
1591 3
1 1.73195e-13
2 9.23706e-14
3 3.73035e-14
1592 3
1 1.40998e-13
2 5.32907e-14
3 4.79616e-14
1593 3
1 1.30118e-13
2 6.75016e-14
3 1.06581e-14
1594 3
1 1.44551e-13
2 8.43769e-14
3 3.55271e-15
1595 3
1 1.29452e-13
2 7.01661e-14
3 1.95399e-14
1596 3
1 1.58984e-13
2 7.63833e-14
3 1.06581e-14
1597 3
1 1.75415e-13
2 8.9706e-14
3 3.01981e-14
1598 3
1 1.87628e-13
2 8.26006e-14
3 -3.55271e-15
1599 3
1 1.49436e-13
2 7.81597e-14
3 2.4869e-14
1600 3
1 1.74083e-13
2 8.88178e-14
3 1.24345e-14
1601 3
1 1.52767e-13
2 9.9476e-14
3 3.01981e-14
1602 3
1 1.79412e-13
2 1.13687e-13
3 3.01981e-14
1603 3
1 1.53655e-13
2 7.54952e-14
3 1.77636e-15
1604 3
1 1.65201e-13
2 4.9738e-14
3 7.10543e-14
1605 3
1 1.32339e-13
2 8.43769e-14
3 8.88178e-15
1606 3
1 1.83853e-13
2 7.99361e-14
3 6.21725e-14
1607 3
1 1.63869e-13
2 6.92779e-14
3 1.59872e-14
1608 3
1 1.46549e-13
2 9.05942e-14
3 3.37508e-14
1609 3
1 1.4122e-13
2 1.03029e-13
3 2.84217e-14
1610 3
1 1.67866e-13
2 7.72715e-14
3 5.68434e-14
1611 3
1 1.45661e-13
2 9.68114e-14
3 0
1612 3
1 1.74527e-13
2 1.03029e-13
3 8.52651e-14
1613 3
1 1.53211e-13
2 1.03917e-13
3 4.61853e-14
1614 3
1 1.48326e-13
2 6.66134e-14
3 4.08562e-14
1615 3
1 1.63425e-13
2 7.10543e-14
3 6.03961e-14
1616 3
1 1.73195e-13
2 5.86198e-14
3 4.26326e-14
1617 3
1 1.65201e-13
2 9.59233e-14
3 7.81597e-14
1618 3
1 1.50102e-13
2 5.86198e-14
3 5.68434e-14
1619 3
1 1.05693e-13
2 1.04805e-13
3 8.88178e-14
1620 3
1 1.62093e-13
2 1.01252e-13
3 2.4869e-14
1621 3
1 1.49214e-13
2 6.92779e-14
3 3.19744e-14
1622 3
1 1.56319e-13
2 4.61853e-14
3 4.44089e-14
1623 3
1 1.77636e-13
2 8.88178e-14
3 6.39488e-14
1624 3
1 1.54543e-13
2 9.76996e-14
3 5.50671e-14
1625 3
1 1.39444e-13
2 7.81597e-14
3 6.75016e-14
1626 3
1 1.53655e-13
2 6.21725e-14
3 5.50671e-14
1627 3
1 1.66089e-13
2 7.54952e-14
3 8.17124e-14
1628 3
1 1.25233e-13
2 7.99361e-14
3 8.52651e-14
1629 3
1 1.88294e-13
2 6.03961e-14
3 4.61853e-14
1630 3
1 1.3145e-13
2 5.86198e-14
3 7.28306e-14
1631 3
1 1.48326e-13
2 7.54952e-14
3 7.10543e-14
1632 3
1 1.47438e-13
2 5.24025e-14
3 2.4869e-14
1633 3
1 1.63425e-13
2 6.21725e-14
3 9.41469e-14
1634 3
1 1.53655e-13
2 1.0747e-13
3 7.4607e-14
1635 3
1 1.18128e-13
2 5.86198e-14
3 4.26326e-14
1636 3
1 1.35891e-13
2 6.57252e-14
3 3.73035e-14
1637 3
1 1.5854e-13
2 2.30926e-14
3 8.88178e-14
1638 3
1 1.82077e-13
2 7.63833e-14
3 5.15143e-14
1639 3
1 1.57208e-13
2 7.72715e-14
3 3.37508e-14
1640 3
1 1.43885e-13
2 7.63833e-14
3 9.59233e-14
1641 3
1 1.48326e-13
2 6.75016e-14
3 5.86198e-14
1642 3
1 1.55431e-13
2 4.61853e-14
3 4.79616e-14
1643 3
1 1.95399e-13
2 1.10134e-13
3 1.77636e-14
1644 3
1 1.62537e-13
2 6.30607e-14
3 5.86198e-14
1645 3
1 1.49658e-13
2 5.24025e-14
3 7.28306e-14
1646 3
1 1.89182e-13
2 4.08562e-14
3 4.26326e-14
1647 3
1 1.5099e-13
2 7.63833e-14
3 8.34888e-14
1648 3
1 1.96287e-13
2 9.9476e-14
3 7.99361e-14
1649 3
1 1.56763e-13
2 7.81597e-14
3 7.10543e-14
1650 3
1 1.43885e-13
2 5.32907e-14
3 9.41469e-14
1651 3
1 1.85629e-13
2 8.43769e-14
3 8.17124e-14
1652 3
1 1.44329e-13
2 4.70735e-14
3 9.9476e-14
1653 3
1 1.61648e-13
2 6.92779e-14
3 5.32907e-14
1654 3
1 1.66978e-13
2 8.9706e-14
3 6.57252e-14
1655 3
1 1.77636e-13
2 8.34888e-14
3 9.41469e-14
1656 3
1 1.40332e-13
2 7.99361e-14
3 6.39488e-14
1657 3
1 1.82965e-13
2 8.17124e-14
3 7.63833e-14
1658 3
1 1.37668e-13
2 5.15143e-14
3 1.08358e-13
1659 3
1 1.59872e-13
2 4.88498e-14
3 7.81597e-14
1660 3
1 1.64757e-13
2 5.86198e-14
3 6.92779e-14
1661 3
1 1.40776e-13
2 3.64153e-14
3 1.01252e-13
1662 3
1 1.60316e-13
2 6.12843e-14
3 9.05942e-14
1663 3
1 1.59872e-13
2 4.88498e-14
3 9.41469e-14
1664 3
1 1.61648e-13
2 3.90799e-14
3 7.63833e-14
1665 3
1 1.62537e-13
2 5.15143e-14
3 9.23706e-14
1666 3
1 1.66089e-13
2 7.28306e-14
3 8.34888e-14
1667 3
1 1.45217e-13
2 5.24025e-14
3 8.70415e-14
1668 3
1 1.30118e-13
2 8.70415e-14
3 9.41469e-14
1669 3
1 1.93179e-13
2 7.10543e-14
3 6.03961e-14
1670 3
1 1.62537e-13
2 6.75016e-14
3 8.34888e-14
1671 3
1 1.33671e-13
2 6.39488e-14
3 4.9738e-14
1672 3
1 1.26565e-13
2 4.52971e-14
3 9.05942e-14
1673 3
1 1.69642e-13
2 6.21725e-14
3 1.10134e-13
1674 3
1 1.64757e-13
2 7.54952e-14
3 8.70415e-14
1675 3
1 1.40776e-13
2 7.81597e-14
3 9.05942e-14
1676 3
1 1.62537e-13
2 1.00364e-13
3 9.76996e-14
1677 3
1 1.39444e-13
2 3.73035e-14
3 7.81597e-14
1678 3
1 1.49214e-13
2 4.79616e-14
3 8.88178e-14
1679 3
1 1.48326e-13
2 6.30607e-14
3 9.23706e-14
1680 3
1 1.29674e-13
2 5.86198e-14
3 9.59233e-14
1681 3
1 1.74971e-13
2 5.50671e-14
3 1.22569e-13
1682 3
1 1.65201e-13
2 9.50351e-14
3 6.03961e-14
1683 3
1 1.27898e-13
2 6.83897e-14
3 7.10543e-14
1684 3
1 1.24345e-13
2 7.37188e-14
3 7.28306e-14
1685 3
1 1.47438e-13
2 3.73035e-14
3 4.08562e-14
1686 3
1 1.68754e-13
2 9.32587e-14
3 7.28306e-14
1687 3
1 1.49658e-13
2 7.28306e-14
3 8.34888e-14
1688 3
1 1.59428e-13
2 6.92779e-14
3 7.4607e-14
1689 3
1 1.6831e-13
2 3.37508e-14
3 7.28306e-14
1690 3
1 1.45661e-13
2 6.92779e-14
3 8.34888e-14
1691 3
1 1.73195e-13
2 2.84217e-14
3 7.4607e-14
1692 3
1 1.65201e-13
2 -4.44089e-15
3 8.52651e-14
1693 3
1 1.45661e-13
2 6.4837e-14
3 6.21725e-14
1694 3
1 1.57652e-13
2 5.77316e-14
3 5.68434e-14
1695 3
1 1.76303e-13
2 1.03029e-13
3 7.10543e-14
1696 3
1 1.27898e-13
2 5.86198e-14
3 8.70415e-14
1697 3
1 1.64313e-13
2 5.06262e-14
3 6.39488e-14
1698 3
1 1.69198e-13
2 6.66134e-14
3 7.28306e-14
1699 3
1 1.66978e-13
2 8.88178e-15
3 9.76996e-14
1700 3
1 1.59872e-13
2 7.37188e-14
3 7.4607e-14
1701 3
1 1.54543e-13
2 8.26006e-14
3 8.34888e-14
1702 3
1 1.6076e-13
2 9.9476e-14
3 5.32907e-14
1703 3
1 1.66089e-13
2 4.26326e-14
3 8.88178e-14
1704 3
1 1.93623e-13
2 6.75016e-14
3 1.01252e-13
1705 3
1 1.48326e-13
2 4.17444e-14
3 7.99361e-14
1706 3
1 1.43885e-13
2 9.59233e-14
3 9.05942e-14
1707 3
1 1.48326e-13
2 6.75016e-14
3 1.20792e-13
1708 3
1 1.55431e-13
2 5.15143e-14
3 9.23706e-14
1709 3
1 1.47438e-13
2 8.52651e-14
3 9.23706e-14
1710 3
1 1.56319e-13
2 7.4607e-14
3 9.9476e-14
1711 3
1 1.58096e-13
2 2.4869e-14
3 9.05942e-14
1712 3
1 1.28786e-13
2 6.21725e-14
3 7.81597e-14
1713 3
1 1.32339e-13
2 7.28306e-14
3 7.99361e-14
1714 3
1 1.19016e-13
2 9.50351e-14
3 9.41469e-14
1715 3
1 1.22569e-13
2 5.24025e-14
3 8.52651e-14
1716 3
1 1.46549e-13
2 4.08562e-14
3 8.52651e-14
1717 3
1 1.5099e-13
2 1.14575e-13
3 5.86198e-14
1718 3
1 1.35003e-13
2 4.08562e-14
3 7.28306e-14
1719 3
1 1.11466e-13
2 5.06262e-14
3 1.42109e-13
1720 3
1 1.53655e-13
2 7.10543e-14
3 7.63833e-14
1721 3
1 1.58984e-13
2 4.79616e-14
3 6.92779e-14
1722 3
1 1.42997e-13
2 5.32907e-14
3 8.88178e-14
1723 3
1 1.56319e-13
2 6.4837e-14
3 6.57252e-14
1724 3
1 2.04281e-13
2 4.70735e-14
3 1.04805e-13
1725 3
1 1.51879e-13
2 6.92779e-14
3 4.26326e-14
1726 3
1 1.22569e-13
2 3.10862e-14
3 7.28306e-14
1727 3
1 1.49214e-13
2 4.88498e-14
3 7.4607e-14
1728 3
1 1.68754e-13
2 3.73035e-14
3 7.4607e-14
1729 3
1 1.3145e-13
2 3.64153e-14
3 7.81597e-14
1730 3
1 1.46549e-13
2 6.92779e-14
3 6.21725e-14
1731 3
1 1.3145e-13
2 5.32907e-14
3 8.17124e-14
1732 3
1 1.78968e-13
2 3.01981e-14
3 6.03961e-14
1733 3
1 1.84297e-13
2 6.12843e-14
3 9.76996e-14
1734 3
1 1.63425e-13
2 5.86198e-14
3 8.52651e-14
1735 3
1 1.79412e-13
2 5.9508e-14
3 4.79616e-14
1736 3
1 1.56319e-13
2 4.79616e-14
3 6.92779e-14
1737 3
1 1.38112e-13
2 6.75016e-14
3 7.28306e-14
1738 3
1 1.42997e-13
2 7.99361e-14
3 6.75016e-14
1739 3
1 1.43885e-13
2 7.99361e-14
3 6.03961e-14
1740 3
1 1.15463e-13
2 9.41469e-14
3 8.17124e-14
1741 3
1 1.5099e-13
2 6.03961e-14
3 1.03029e-13
1742 3
1 1.43885e-13
2 4.35207e-14
3 7.81597e-14
1743 3
1 1.26121e-13
2 7.81597e-14
3 8.17124e-14
1744 3
1 1.52767e-13
2 4.61853e-14
3 7.81597e-14
1745 3
1 1.66089e-13
2 5.41789e-14
3 6.75016e-14
1746 3
1 1.53655e-13
2 7.99361e-14
3 9.41469e-14
1747 3
1 1.49214e-13
2 3.28626e-14
3 1.01252e-13
1748 3
1 1.81188e-13
2 4.35207e-14
3 5.68434e-14
1749 3
1 1.47438e-13
2 2.13163e-14
3 7.81597e-14
1750 3
1 1.55431e-13
2 3.55271e-14
3 7.10543e-14
1751 3
1 1.49214e-13
2 2.66454e-14
3 7.4607e-14
1752 3
1 1.36779e-13
2 2.4869e-14
3 7.28306e-14
1753 3
1 1.66978e-13
2 5.9508e-14
3 6.03961e-14
1754 3
1 1.15463e-13
2 3.55271e-15
3 5.50671e-14
1755 3
1 1.19016e-13
2 2.30926e-14
3 6.03961e-14
1756 3
1 1.39444e-13
2 6.21725e-14
3 4.79616e-14
1757 3
1 1.48326e-13
2 5.06262e-14
3 3.55271e-14
1758 3
1 1.46549e-13
2 3.37508e-14
3 9.59233e-14
1759 3
1 1.45217e-13
2 4.61853e-14
3 6.21725e-14
1760 3
1 1.54099e-13
2 5.50671e-14
3 2.84217e-14
1761 3
1 1.83409e-13
2 2.84217e-14
3 6.92779e-14
1762 3
1 1.7053e-13
2 3.28626e-14
3 5.86198e-14
1763 3
1 1.58984e-13
2 3.90799e-14
3 8.17124e-14
1764 3
1 1.42997e-13
2 6.12843e-14
3 7.63833e-14
1765 3
1 1.5854e-13
2 8.70415e-14
3 6.21725e-14
1766 3
1 1.5099e-13
2 4.26326e-14
3 8.34888e-14
1767 3
1 1.4122e-13
2 4.70735e-14
3 7.28306e-14
1768 3
1 1.72307e-13
2 6.03961e-14
3 5.86198e-14
1769 3
1 1.5099e-13
2 3.64153e-14
3 6.39488e-14
1770 3
1 1.50102e-13
2 5.68434e-14
3 6.92779e-14
1771 3
1 1.56319e-13
2 3.37508e-14
3 6.92779e-14
1772 3
1 1.49214e-13
2 5.41789e-14
3 7.99361e-14
1773 3
1 1.62537e-13
2 6.21725e-14
3 9.05942e-14
1774 3
1 1.69642e-13
2 3.01981e-14
3 7.81597e-14
1775 3
1 1.87406e-13
2 6.57252e-14
3 6.21725e-14
1776 3
1 1.33227e-13
2 4.52971e-14
3 6.21725e-14
1777 3
1 1.35003e-13
2 6.21725e-14
3 4.9738e-14
1778 3
1 1.64313e-13
2 6.75016e-14
3 6.57252e-14
1779 3
1 1.57208e-13
2 4.79616e-14
3 8.17124e-14
1780 3
1 1.45661e-13
2 6.75016e-14
3 3.90799e-14
1781 3
1 1.50102e-13
2 4.70735e-14
3 5.86198e-14
1782 3
1 1.54543e-13
2 3.37508e-14
3 4.61853e-14
1783 3
1 1.7053e-13
2 7.19425e-14
3 6.39488e-14
1784 3
1 1.51879e-13
2 7.72715e-14
3 5.68434e-14
1785 3
1 1.53655e-13
2 4.08562e-14
3 5.86198e-14
1786 3
1 1.6076e-13
2 4.08562e-14
3 2.84217e-14
1787 3
1 1.64313e-13
2 5.06262e-14
3 2.13163e-14
1788 3
1 1.84741e-13
2 3.19744e-14
3 6.03961e-14
1789 3
1 1.57208e-13
2 5.50671e-14
3 1.24345e-14
1790 3
1 1.4122e-13
2 4.26326e-14
3 7.28306e-14
1791 3
1 1.42997e-13
2 3.9968e-14
3 7.99361e-14
1792 3
1 1.67866e-13
2 2.4869e-14
3 7.63833e-14
1793 3
1 1.4122e-13
2 5.15143e-14
3 4.26326e-14
1794 3
1 1.58096e-13
2 6.12843e-14
3 7.4607e-14
1795 3
1 1.74083e-13
2 5.59552e-14
3 6.03961e-14
1796 3
1 1.7053e-13
2 3.81917e-14
3 7.4607e-14
1797 3
1 1.69642e-13
2 3.9968e-14
3 9.23706e-14
1798 3
1 1.5854e-13
2 3.90799e-14
3 8.88178e-14
1799 3
1 1.47438e-13
2 4.08562e-14
3 5.68434e-14
1800 3
1 1.53655e-13
2 7.63833e-14
3 6.75016e-14
1801 3
1 1.77636e-13
2 7.4607e-14
3 7.81597e-14
1802 3
1 1.45661e-13
2 6.4837e-14
3 7.10543e-14
1803 3
1 1.54543e-13
2 3.73035e-14
3 5.32907e-14
1804 3
1 1.65201e-13
2 1.86517e-14
3 7.63833e-14
1805 3
1 1.71418e-13
2 4.79616e-14
3 9.05942e-14
1806 3
1 1.67866e-13
2 1.06581e-14
3 8.52651e-14
